Component: ARM Compiler 5.06 update 7 (build 960) Tool: armlink [4d3601]

==============================================================================

Section Cross References

    principale.o(i.Ordonnancement) refers to chavirement.o(i.Chavirement_DetectDepassement) for Chavirement_DetectDepassement
    principale.o(i.Ordonnancement) refers to bordage.o(i.bordage_get_angle) for bordage_get_angle
    principale.o(i.Ordonnancement) refers to bordage.o(i.bordage_calcul_rapport_cyclique) for bordage_calcul_rapport_cyclique
    principale.o(i.Ordonnancement) refers to bordage.o(i.bordage_Orienter_Servo) for bordage_Orienter_Servo
    principale.o(i.Ordonnancement) refers to mytransmission.o(i.MyTransmission_NormalSend) for MyTransmission_NormalSend
    principale.o(i.Ordonnancement) refers to mytransmission.o(i.MyTransmission_AlertSend) for MyTransmission_AlertSend
    principale.o(i.Ordonnancement) refers to principale.o(.data) for i
    principale.o(i.main) refers to bordage.o(i.bordage_Init_Codeur) for bordage_Init_Codeur
    principale.o(i.main) refers to bordage.o(i.bordage_init_servo) for bordage_init_servo
    principale.o(i.main) refers to bordage.o(i.bordage_get_angle) for bordage_get_angle
    principale.o(i.main) refers to bordage.o(i.bordage_calcul_rapport_cyclique) for bordage_calcul_rapport_cyclique
    principale.o(i.main) refers to bordage.o(i.bordage_Orienter_Servo) for bordage_Orienter_Servo
    principale.o(i.main) refers to direction.o(i.direction_InitUart) for direction_InitUart
    principale.o(i.main) refers to chavirement.o(i.Chavirement_InitSPI) for Chavirement_InitSPI
    principale.o(i.main) refers to direction.o(i.direction_Orienter_Bateau) for direction_Orienter_Bateau
    principale.o(i.main) refers to mytransmission.o(i.MyTransmission_InitADCbat) for MyTransmission_InitADCbat
    principale.o(i.main) refers to mytransmission.o(i.MyTransmission_InitUart) for MyTransmission_InitUart
    principale.o(i.main) refers to timing.o(i.Timing_Ordre) for Timing_Ordre
    principale.o(i.main) refers to principale.o(i.Ordonnancement) for Ordonnancement
    mytimer.o(i.MyTimer_ActiveIT) refers to mytimer.o(.data) for HandlerContent1
    mytimer.o(i.TIM1_UP_IRQHandler) refers to mytimer.o(.data) for HandlerContent1
    mytimer.o(i.TIM2_IRQHandler) refers to mytimer.o(.data) for HandlerContent2
    mytimer.o(i.TIM3_IRQHandler) refers to mytimer.o(.data) for HandlerContent3
    mytimer.o(i.TIM4_IRQHandler) refers to mytimer.o(.data) for HandlerContent4
    driver_gpio.o(i.EXTI0_IRQHandler) refers to driver_gpio.o(.data) for HandlerContent0
    driver_gpio.o(i.EXTI1_IRQHandler) refers to driver_gpio.o(.data) for HandlerContent1
    driver_gpio.o(i.EXTI2_IRQHandler) refers to driver_gpio.o(.data) for HandlerContent2
    driver_gpio.o(i.EXTI3_IRQHandler) refers to driver_gpio.o(.data) for HandlerContent3
    driver_gpio.o(i.MyGPIO_Interrupt) refers to driver_gpio.o(.data) for HandlerContent0
    myadc.o(i.Init_ADC_Single_Conv) refers to memcpya.o(.text) for __aeabi_memcpy4
    myadc.o(i.Init_ADC_Single_Conv) refers to ffltui.o(.text) for __aeabi_ui2f
    myadc.o(i.Init_ADC_Single_Conv) refers to fadd.o(.text) for __aeabi_frsub
    myadc.o(i.Init_ADC_Single_Conv) refers to f2d.o(.text) for __aeabi_f2d
    myadc.o(i.Init_ADC_Single_Conv) refers to d2f.o(.text) for __aeabi_d2f
    myadc.o(i.Init_ADC_Single_Conv) refers to cfcmple.o(.text) for __aeabi_cfcmple
    myadc.o(i.Init_ADC_Single_Conv) refers to myadc.o(.constdata) for .constdata
    myusart.o(i.MyUSART_Active_IT) refers to myusart.o(.data) for HandlerUart1
    myusart.o(i.USART1_IRQHandler) refers to myusart.o(.data) for HandlerUart1
    myusart.o(i.USART2_IRQHandler) refers to myusart.o(.data) for HandlerUart2
    myusart.o(i.USART3_IRQHandler) refers to myusart.o(.data) for HandlerUart3
    myspi.o(i.CS_Reset) refers to driver_gpio.o(i.MyGPIO_Reset) for MyGPIO_Reset
    myspi.o(i.CS_Set) refers to driver_gpio.o(i.MyGPIO_Set) for MyGPIO_Set
    myspi.o(i.MySPI_Init) refers to driver_gpio.o(i.MyGPIO_Init) for MyGPIO_Init
    myspi.o(i.MySPI_Init) refers to myspi.o(i.CS_Set) for CS_Set
    bordage.o(i.IT_function) refers to mytimer.o(i.MyTimer_Write_CNT) for MyTimer_Write_CNT
    bordage.o(i.bordage_Init_Codeur) refers to mytimer.o(i.MyTimer_Base_Init) for MyTimer_Base_Init
    bordage.o(i.bordage_Init_Codeur) refers to mytimer.o(i.MyTimer_Incremental_Coder_Mode) for MyTimer_Incremental_Coder_Mode
    bordage.o(i.bordage_Init_Codeur) refers to driver_gpio.o(i.MyGPIO_Init) for MyGPIO_Init
    bordage.o(i.bordage_Init_Codeur) refers to driver_gpio.o(i.MyGPIO_Interrupt) for MyGPIO_Interrupt
    bordage.o(i.bordage_Init_Codeur) refers to bordage.o(.data) for MonTimer
    bordage.o(i.bordage_Init_Codeur) refers to bordage.o(i.IT_function) for IT_function
    bordage.o(i.bordage_Orienter_Servo) refers to mytimer.o(i.MyTimer_Set_DutyCycle) for MyTimer_Set_DutyCycle
    bordage.o(i.bordage_Orienter_Servo) refers to bordage.o(.data) for MonServo
    bordage.o(i.bordage_get_angle) refers to mytimer.o(i.MyTimer_Read_CNT) for MyTimer_Read_CNT
    bordage.o(i.bordage_init_servo) refers to driver_gpio.o(i.MyGPIO_Init) for MyGPIO_Init
    bordage.o(i.bordage_init_servo) refers to mytimer.o(i.MyTimer_Base_Init) for MyTimer_Base_Init
    bordage.o(i.bordage_init_servo) refers to mytimer.o(i.MyTimer_PWM) for MyTimer_PWM
    bordage.o(i.bordage_init_servo) refers to bordage.o(.data) for Timer_Output
    direction.o(i.USART_CallBack) refers to myusart.o(i.MyUSART_Get_Byte) for MyUSART_Get_Byte
    direction.o(i.USART_CallBack) refers to driver_gpio.o(i.MyGPIO_Reset) for MyGPIO_Reset
    direction.o(i.USART_CallBack) refers to driver_gpio.o(i.MyGPIO_Set) for MyGPIO_Set
    direction.o(i.USART_CallBack) refers to mytimer.o(i.MyTimer_PWM) for MyTimer_PWM
    direction.o(i.USART_CallBack) refers to mytimer.o(i.MyTimer_Set_DutyCycle) for MyTimer_Set_DutyCycle
    direction.o(i.USART_CallBack) refers to direction.o(.bss) for muart
    direction.o(i.USART_CallBack) refers to direction.o(.data) for monMess
    direction.o(i.direction_InitUart) refers to driver_gpio.o(i.MyGPIO_Init) for MyGPIO_Init
    direction.o(i.direction_InitUart) refers to mytimer.o(i.MyTimer_Base_Init) for MyTimer_Base_Init
    direction.o(i.direction_InitUart) refers to myusart.o(i.MyUSART_Init) for MyUSART_Init
    direction.o(i.direction_InitUart) refers to direction.o(.bss) for muart
    direction.o(i.direction_InitUart) refers to direction.o(.data) for bitsens
    direction.o(i.direction_Orienter_Bateau) refers to myusart.o(i.MyUSART_Active_IT) for MyUSART_Active_IT
    direction.o(i.direction_Orienter_Bateau) refers to direction.o(i.USART_CallBack) for USART_CallBack
    direction.o(i.direction_Orienter_Bateau) refers to direction.o(.bss) for muart
    timing.o(i.Timing_Ordre) refers to mytimer.o(i.MyTimer_Base_Init) for MyTimer_Base_Init
    timing.o(i.Timing_Ordre) refers to mytimer.o(i.MyTimer_ActiveIT) for MyTimer_ActiveIT
    timing.o(i.Timing_Ordre) refers to timing.o(.data) for MonTimer
    mytransmission.o(i.MyTransmission_AlertSend) refers to myusart.o(i.MyUSART_Send_Byte) for MyUSART_Send_Byte
    mytransmission.o(i.MyTransmission_AlertSend) refers to mytransmission.o(.constdata) for msg_alerte
    mytransmission.o(i.MyTransmission_AlertSend) refers to mytransmission.o(.bss) for muart
    mytransmission.o(i.MyTransmission_BatterieFaible) refers to mytransmission.o(i.MyTransmission_NiveauBat) for MyTransmission_NiveauBat
    mytransmission.o(i.MyTransmission_InitADCbat) refers to myadc.o(i.Init_ADC_Single_Conv) for Init_ADC_Single_Conv
    mytransmission.o(i.MyTransmission_InitUart) refers to driver_gpio.o(i.MyGPIO_Init) for MyGPIO_Init
    mytransmission.o(i.MyTransmission_InitUart) refers to mytimer.o(i.MyTimer_Base_Init) for MyTimer_Base_Init
    mytransmission.o(i.MyTransmission_InitUart) refers to myusart.o(i.MyUSART_Init) for MyUSART_Init
    mytransmission.o(i.MyTransmission_InitUart) refers to mytransmission.o(.bss) for muart
    mytransmission.o(i.MyTransmission_InitUart) refers to mytransmission.o(.data) for bitsens
    mytransmission.o(i.MyTransmission_NiveauBat) refers to myadc.o(i.ADC_Start) for ADC_Start
    mytransmission.o(i.MyTransmission_NormalSend) refers to mytransmission.o(i.MyTransmission_BatterieFaible) for MyTransmission_BatterieFaible
    mytransmission.o(i.MyTransmission_NormalSend) refers to myusart.o(i.MyUSART_Send_Byte) for MyUSART_Send_Byte
    mytransmission.o(i.MyTransmission_NormalSend) refers to mytransmission.o(i.toArray) for toArray
    mytransmission.o(i.MyTransmission_NormalSend) refers to mytransmission.o(.constdata) for bat_faible
    mytransmission.o(i.MyTransmission_NormalSend) refers to mytransmission.o(.bss) for muart
    mytransmission.o(i.toArray) refers to calloc.o(.text) for calloc
    chavirement.o(i.Chavirement_DetectDepassement) refers to adxl.o(i.adxl_Receive) for adxl_Receive
    chavirement.o(i.Chavirement_DetectDepassement) refers to chavirement.o(.data) for mspi
    chavirement.o(i.Chavirement_DetectDepassement) refers to chavirement.o(.bss) for Axes
    chavirement.o(i.Chavirement_InitSPI) refers to myspi.o(i.MySPI_Init) for MySPI_Init
    chavirement.o(i.Chavirement_InitSPI) refers to adxl.o(i.adxl_init) for adxl_init
    chavirement.o(i.Chavirement_InitSPI) refers to chavirement.o(.data) for mspi
    adxl.o(i.adxl_Receive) refers to myspi.o(i.CS_Reset) for CS_Reset
    adxl.o(i.adxl_Receive) refers to myspi.o(i.MySPI_ReadWrite) for MySPI_ReadWrite
    adxl.o(i.adxl_Receive) refers to myspi.o(i.CS_Set) for CS_Set
    adxl.o(i.adxl_Receive) refers to adxl.o(.data) for reponse1
    adxl.o(i.adxl_Transmit) refers to myspi.o(i.CS_Reset) for CS_Reset
    adxl.o(i.adxl_Transmit) refers to myspi.o(i.MySPI_ReadWrite) for MySPI_ReadWrite
    adxl.o(i.adxl_Transmit) refers to myspi.o(i.CS_Set) for CS_Set
    adxl.o(i.adxl_init) refers to adxl.o(i.adxl_Transmit) for adxl_Transmit
    startup_stm32f10x_md.o(RESET) refers to startup_stm32f10x_md.o(STACK) for __initial_sp
    startup_stm32f10x_md.o(RESET) refers to startup_stm32f10x_md.o(.text) for Reset_Handler
    startup_stm32f10x_md.o(RESET) refers to driver_gpio.o(i.EXTI0_IRQHandler) for EXTI0_IRQHandler
    startup_stm32f10x_md.o(RESET) refers to driver_gpio.o(i.EXTI1_IRQHandler) for EXTI1_IRQHandler
    startup_stm32f10x_md.o(RESET) refers to driver_gpio.o(i.EXTI2_IRQHandler) for EXTI2_IRQHandler
    startup_stm32f10x_md.o(RESET) refers to driver_gpio.o(i.EXTI3_IRQHandler) for EXTI3_IRQHandler
    startup_stm32f10x_md.o(RESET) refers to mytimer.o(i.TIM1_UP_IRQHandler) for TIM1_UP_IRQHandler
    startup_stm32f10x_md.o(RESET) refers to mytimer.o(i.TIM2_IRQHandler) for TIM2_IRQHandler
    startup_stm32f10x_md.o(RESET) refers to mytimer.o(i.TIM3_IRQHandler) for TIM3_IRQHandler
    startup_stm32f10x_md.o(RESET) refers to mytimer.o(i.TIM4_IRQHandler) for TIM4_IRQHandler
    startup_stm32f10x_md.o(RESET) refers to myusart.o(i.USART1_IRQHandler) for USART1_IRQHandler
    startup_stm32f10x_md.o(RESET) refers to myusart.o(i.USART2_IRQHandler) for USART2_IRQHandler
    startup_stm32f10x_md.o(RESET) refers to myusart.o(i.USART3_IRQHandler) for USART3_IRQHandler
    startup_stm32f10x_md.o(.text) refers to system_stm32f10x.o(i.SystemInit) for SystemInit
    startup_stm32f10x_md.o(.text) refers to entry.o(.ARM.Collect$$$$00000000) for __main
    system_stm32f10x.o(i.SetSysClock) refers to system_stm32f10x.o(i.SetSysClockTo72) for SetSysClockTo72
    system_stm32f10x.o(i.SystemCoreClockUpdate) refers to system_stm32f10x.o(.data) for SystemCoreClock
    system_stm32f10x.o(i.SystemInit) refers to system_stm32f10x.o(i.SetSysClock) for SetSysClock
    entry.o(.ARM.Collect$$$$00000000) refers (Special) to entry10a.o(.ARM.Collect$$$$0000000F) for __rt_final_cpp
    entry.o(.ARM.Collect$$$$00000000) refers (Special) to entry11a.o(.ARM.Collect$$$$00000011) for __rt_final_exit
    entry.o(.ARM.Collect$$$$00000000) refers (Special) to entry12b.o(.ARM.Collect$$$$0000000E) for __rt_lib_shutdown_fini
    entry.o(.ARM.Collect$$$$00000000) refers (Special) to entry7b.o(.ARM.Collect$$$$00000008) for _main_clock
    entry.o(.ARM.Collect$$$$00000000) refers (Special) to entry8b.o(.ARM.Collect$$$$0000000A) for _main_cpp_init
    entry.o(.ARM.Collect$$$$00000000) refers (Special) to entry9a.o(.ARM.Collect$$$$0000000B) for _main_init
    entry.o(.ARM.Collect$$$$00000000) refers (Special) to entry5.o(.ARM.Collect$$$$00000004) for _main_scatterload
    entry.o(.ARM.Collect$$$$00000000) refers (Special) to entry2.o(.ARM.Collect$$$$00000001) for _main_stk
    calloc.o(.text) refers to malloc.o(i.malloc) for malloc
    fadd.o(.text) refers (Special) to iusefp.o(.text) for __I$use$fp
    fadd.o(.text) refers to fepilogue.o(.text) for _float_epilogue
    ffltui.o(.text) refers (Special) to iusefp.o(.text) for __I$use$fp
    ffltui.o(.text) refers to fepilogue.o(.text) for _float_epilogue
    f2d.o(.text) refers (Special) to iusefp.o(.text) for __I$use$fp
    d2f.o(.text) refers (Special) to iusefp.o(.text) for __I$use$fp
    d2f.o(.text) refers to fepilogue.o(.text) for _float_round
    cfcmple.o(.text) refers (Special) to iusefp.o(.text) for __I$use$fp
    entry2.o(.ARM.Collect$$$$00000001) refers to entry2.o(.ARM.Collect$$$$00002712) for __lit__00000000
    entry2.o(.ARM.Collect$$$$00002712) refers to startup_stm32f10x_md.o(STACK) for __initial_sp
    entry2.o(__vectab_stack_and_reset_area) refers to startup_stm32f10x_md.o(STACK) for __initial_sp
    entry2.o(__vectab_stack_and_reset_area) refers to entry.o(.ARM.Collect$$$$00000000) for __main
    entry5.o(.ARM.Collect$$$$00000004) refers to init.o(.text) for __scatterload
    entry9a.o(.ARM.Collect$$$$0000000B) refers to principale.o(i.main) for main
    entry9b.o(.ARM.Collect$$$$0000000C) refers to principale.o(i.main) for main
    malloc.o(i.free) refers to mvars.o(.data) for __microlib_freelist
    malloc.o(i.malloc) refers to mvars.o(.data) for __microlib_freelist_initialised
    malloc.o(i.malloc) refers to mvars.o(.data) for __microlib_freelist
    malloc.o(i.malloc) refers to startup_stm32f10x_md.o(HEAP) for __heap_base
    mallocr.o(i.__free$realloc) refers to mvars.o(.data) for __microlib_freelist
    mallocr.o(i.__malloc$realloc) refers to mallocr.o(i.internal_alloc) for internal_alloc
    mallocr.o(i.__malloc$realloc) refers to mvars.o(.data) for __microlib_freelist_initialised
    mallocr.o(i.__malloc$realloc) refers to startup_stm32f10x_md.o(HEAP) for __heap_base
    mallocr.o(i.__malloc$realloc) refers to mvars.o(.data) for __microlib_freelist
    mallocr.o(i.internal_alloc) refers to memcpya.o(.text) for __aeabi_memcpy
    mallocr.o(i.internal_alloc) refers to mvars.o(.data) for __microlib_freelist
    mallocr.o(i.realloc) refers to mallocr.o(i.__free$realloc) for __free$realloc
    mallocr.o(i.realloc) refers to mallocr.o(i.internal_alloc) for internal_alloc
    mallocr.o(i.realloc) refers to mallocr.o(i.__malloc$realloc) for __malloc$realloc
    mallocr.o(i.realloc) refers to mvars.o(.data) for __microlib_freelist
    malloca.o(i.__aligned_malloc) refers to mvars.o(.data) for __microlib_freelist_initialised
    malloca.o(i.__aligned_malloc) refers to mvars.o(.data) for __microlib_freelist
    malloca.o(i.__aligned_malloc) refers to startup_stm32f10x_md.o(HEAP) for __heap_base
    malloca.o(i.__free$memalign) refers to mvars.o(.data) for __microlib_freelist
    malloca.o(i.__malloc$memalign) refers to malloca.o(i.__aligned_malloc) for __aligned_malloc
    mallocra.o(i.__aligned_malloc$realloc) refers to mallocra.o(i.internal_alloc) for internal_alloc
    mallocra.o(i.__aligned_malloc$realloc) refers to mvars.o(.data) for __microlib_freelist_initialised
    mallocra.o(i.__aligned_malloc$realloc) refers to startup_stm32f10x_md.o(HEAP) for __heap_base
    mallocra.o(i.__aligned_malloc$realloc) refers to mvars.o(.data) for __microlib_freelist
    mallocra.o(i.__free$realloc$memalign) refers to mvars.o(.data) for __microlib_freelist
    mallocra.o(i.__malloc$realloc$memalign) refers to mallocra.o(i.__aligned_malloc$realloc) for __aligned_malloc$realloc
    mallocra.o(i.__realloc$memalign) refers to mallocra.o(i.__free$realloc$memalign) for __free$realloc$memalign
    mallocra.o(i.__realloc$memalign) refers to mallocra.o(i.internal_alloc) for internal_alloc
    mallocra.o(i.__realloc$memalign) refers to mallocra.o(i.__malloc$realloc$memalign) for __malloc$realloc$memalign
    mallocra.o(i.__realloc$memalign) refers to mvars.o(.data) for __microlib_freelist
    mallocra.o(i.internal_alloc) refers to memcpya.o(.text) for __aeabi_memcpy
    mallocra.o(i.internal_alloc) refers to mvars.o(.data) for __microlib_freelist
    init.o(.text) refers to entry5.o(.ARM.Collect$$$$00000004) for __main_after_scatterload


==============================================================================

Removing Unused input sections from the image.

    Removing principale.o(.rev16_text), (4 bytes).
    Removing principale.o(.revsh_text), (4 bytes).
    Removing principale.o(.rrx_text), (6 bytes).
    Removing mytimer.o(.rev16_text), (4 bytes).
    Removing mytimer.o(.revsh_text), (4 bytes).
    Removing mytimer.o(.rrx_text), (6 bytes).
    Removing driver_gpio.o(.rev16_text), (4 bytes).
    Removing driver_gpio.o(.revsh_text), (4 bytes).
    Removing driver_gpio.o(.rrx_text), (6 bytes).
    Removing driver_gpio.o(i.MyGPIO_Read), (12 bytes).
    Removing driver_gpio.o(i.MyGPIO_Toggle), (12 bytes).
    Removing myadc.o(.rev16_text), (4 bytes).
    Removing myadc.o(.revsh_text), (4 bytes).
    Removing myadc.o(.rrx_text), (6 bytes).
    Removing myusart.o(.rev16_text), (4 bytes).
    Removing myusart.o(.revsh_text), (4 bytes).
    Removing myusart.o(.rrx_text), (6 bytes).
    Removing myspi.o(.rev16_text), (4 bytes).
    Removing myspi.o(.revsh_text), (4 bytes).
    Removing myspi.o(.rrx_text), (6 bytes).
    Removing myspi.o(i.SPI_Disable), (14 bytes).
    Removing myspi.o(i.SPI_Enable), (14 bytes).
    Removing bordage.o(.rev16_text), (4 bytes).
    Removing bordage.o(.revsh_text), (4 bytes).
    Removing bordage.o(.rrx_text), (6 bytes).
    Removing direction.o(.rev16_text), (4 bytes).
    Removing direction.o(.revsh_text), (4 bytes).
    Removing direction.o(.rrx_text), (6 bytes).
    Removing timing.o(.rev16_text), (4 bytes).
    Removing timing.o(.revsh_text), (4 bytes).
    Removing timing.o(.rrx_text), (6 bytes).
    Removing mytransmission.o(.rev16_text), (4 bytes).
    Removing mytransmission.o(.revsh_text), (4 bytes).
    Removing mytransmission.o(.rrx_text), (6 bytes).
    Removing chavirement.o(.rev16_text), (4 bytes).
    Removing chavirement.o(.revsh_text), (4 bytes).
    Removing chavirement.o(.rrx_text), (6 bytes).
    Removing adxl.o(.rev16_text), (4 bytes).
    Removing adxl.o(.revsh_text), (4 bytes).
    Removing adxl.o(.rrx_text), (6 bytes).
    Removing system_stm32f10x.o(.rev16_text), (4 bytes).
    Removing system_stm32f10x.o(.revsh_text), (4 bytes).
    Removing system_stm32f10x.o(.rrx_text), (6 bytes).
    Removing system_stm32f10x.o(i.SystemCoreClockUpdate), (164 bytes).
    Removing system_stm32f10x.o(.data), (20 bytes).

45 unused section(s) (total 418 bytes) removed from the image.

==============================================================================

Image Symbol Table

    Local Symbols

    Symbol Name                              Value     Ov Type        Size  Object(Section)

    ../clib/microlib/init/entry.s            0x00000000   Number         0  entry9b.o ABSOLUTE
    ../clib/microlib/init/entry.s            0x00000000   Number         0  entry10a.o ABSOLUTE
    ../clib/microlib/init/entry.s            0x00000000   Number         0  entry10b.o ABSOLUTE
    ../clib/microlib/init/entry.s            0x00000000   Number         0  entry12b.o ABSOLUTE
    ../clib/microlib/init/entry.s            0x00000000   Number         0  entry11a.o ABSOLUTE
    ../clib/microlib/init/entry.s            0x00000000   Number         0  entry11b.o ABSOLUTE
    ../clib/microlib/init/entry.s            0x00000000   Number         0  entry12a.o ABSOLUTE
    ../clib/microlib/init/entry.s            0x00000000   Number         0  entry.o ABSOLUTE
    ../clib/microlib/init/entry.s            0x00000000   Number         0  entry2.o ABSOLUTE
    ../clib/microlib/init/entry.s            0x00000000   Number         0  entry5.o ABSOLUTE
    ../clib/microlib/init/entry.s            0x00000000   Number         0  entry7b.o ABSOLUTE
    ../clib/microlib/init/entry.s            0x00000000   Number         0  entry8a.o ABSOLUTE
    ../clib/microlib/init/entry.s            0x00000000   Number         0  entry8b.o ABSOLUTE
    ../clib/microlib/init/entry.s            0x00000000   Number         0  entry7a.o ABSOLUTE
    ../clib/microlib/init/entry.s            0x00000000   Number         0  entry9a.o ABSOLUTE
    ../clib/microlib/malloc/calloc.c         0x00000000   Number         0  calloc.o ABSOLUTE
    ../clib/microlib/malloc/malloc.c         0x00000000   Number         0  malloc.o ABSOLUTE
    ../clib/microlib/malloc/malloc.c         0x00000000   Number         0  mallocra.o ABSOLUTE
    ../clib/microlib/malloc/malloc.c         0x00000000   Number         0  mallocr.o ABSOLUTE
    ../clib/microlib/malloc/malloc.c         0x00000000   Number         0  malloca.o ABSOLUTE
    ../clib/microlib/malloc/mvars.c          0x00000000   Number         0  mvars.o ABSOLUTE
    ../clib/microlib/string/memcpy.c         0x00000000   Number         0  memcpyb.o ABSOLUTE
    ../clib/microlib/string/memcpy.c         0x00000000   Number         0  memcpya.o ABSOLUTE
    ../clib/microlib/stubs.s                 0x00000000   Number         0  iusefp.o ABSOLUTE
    ../fplib/microlib/d2f.c                  0x00000000   Number         0  d2f.o ABSOLUTE
    ../fplib/microlib/f2d.c                  0x00000000   Number         0  f2d.o ABSOLUTE
    ../fplib/microlib/fpadd.c                0x00000000   Number         0  fadd.o ABSOLUTE
    ../fplib/microlib/fpepilogue.c           0x00000000   Number         0  fepilogue.o ABSOLUTE
    ../fplib/microlib/fpflt.c                0x00000000   Number         0  ffltui.o ABSOLUTE
    ..\Drivers\Driver_GPIO.c                 0x00000000   Number         0  driver_gpio.o ABSOLUTE
    ..\Drivers\MyADC.c                       0x00000000   Number         0  myadc.o ABSOLUTE
    ..\Drivers\MySPI.c                       0x00000000   Number         0  myspi.o ABSOLUTE
    ..\Drivers\MyTimer.c                     0x00000000   Number         0  mytimer.o ABSOLUTE
    ..\Drivers\MyUSART.c                     0x00000000   Number         0  myusart.o ABSOLUTE
    ..\Services\Chavirement.c                0x00000000   Number         0  chavirement.o ABSOLUTE
    ..\Services\MyTransmission.c             0x00000000   Number         0  mytransmission.o ABSOLUTE
    ..\Services\Timing.c                     0x00000000   Number         0  timing.o ABSOLUTE
    ..\Services\adxl.c                       0x00000000   Number         0  adxl.o ABSOLUTE
    ..\Services\bordage.c                    0x00000000   Number         0  bordage.o ABSOLUTE
    ..\Services\direction.c                  0x00000000   Number         0  direction.o ABSOLUTE
    ..\\Drivers\\Driver_GPIO.c               0x00000000   Number         0  driver_gpio.o ABSOLUTE
    ..\\Drivers\\MyADC.c                     0x00000000   Number         0  myadc.o ABSOLUTE
    ..\\Drivers\\MySPI.c                     0x00000000   Number         0  myspi.o ABSOLUTE
    ..\\Drivers\\MyTimer.c                   0x00000000   Number         0  mytimer.o ABSOLUTE
    ..\\Drivers\\MyUSART.c                   0x00000000   Number         0  myusart.o ABSOLUTE
    ..\\Services\\Chavirement.c              0x00000000   Number         0  chavirement.o ABSOLUTE
    ..\\Services\\MyTransmission.c           0x00000000   Number         0  mytransmission.o ABSOLUTE
    ..\\Services\\Timing.c                   0x00000000   Number         0  timing.o ABSOLUTE
    ..\\Services\\adxl.c                     0x00000000   Number         0  adxl.o ABSOLUTE
    ..\\Services\\bordage.c                  0x00000000   Number         0  bordage.o ABSOLUTE
    ..\\Services\\direction.c                0x00000000   Number         0  direction.o ABSOLUTE
    MesSources\\principale.c                 0x00000000   Number         0  principale.o ABSOLUTE
    MesSources\principale.c                  0x00000000   Number         0  principale.o ABSOLUTE
    RTE\Device\STM32F103RB\startup_stm32f10x_md.s 0x00000000   Number         0  startup_stm32f10x_md.o ABSOLUTE
    RTE\Device\STM32F103RB\system_stm32f10x.c 0x00000000   Number         0  system_stm32f10x.o ABSOLUTE
    RTE\\Device\\STM32F103RB\\system_stm32f10x.c 0x00000000   Number         0  system_stm32f10x.o ABSOLUTE
    cfcmple.s                                0x00000000   Number         0  cfcmple.o ABSOLUTE
    dc.s                                     0x00000000   Number         0  dc.o ABSOLUTE
    handlers.s                               0x00000000   Number         0  handlers.o ABSOLUTE
    init.s                                   0x00000000   Number         0  init.o ABSOLUTE
    RESET                                    0x08000000   Section      236  startup_stm32f10x_md.o(RESET)
    .ARM.Collect$$$$00000000                 0x080000ec   Section        0  entry.o(.ARM.Collect$$$$00000000)
    .ARM.Collect$$$$00000001                 0x080000ec   Section        4  entry2.o(.ARM.Collect$$$$00000001)
    .ARM.Collect$$$$00000004                 0x080000f0   Section        4  entry5.o(.ARM.Collect$$$$00000004)
    .ARM.Collect$$$$00000008                 0x080000f4   Section        0  entry7b.o(.ARM.Collect$$$$00000008)
    .ARM.Collect$$$$0000000A                 0x080000f4   Section        0  entry8b.o(.ARM.Collect$$$$0000000A)
    .ARM.Collect$$$$0000000B                 0x080000f4   Section        8  entry9a.o(.ARM.Collect$$$$0000000B)
    .ARM.Collect$$$$0000000E                 0x080000fc   Section        4  entry12b.o(.ARM.Collect$$$$0000000E)
    .ARM.Collect$$$$0000000F                 0x08000100   Section        0  entry10a.o(.ARM.Collect$$$$0000000F)
    .ARM.Collect$$$$00000011                 0x08000100   Section        0  entry11a.o(.ARM.Collect$$$$00000011)
    .ARM.Collect$$$$00002712                 0x08000100   Section        4  entry2.o(.ARM.Collect$$$$00002712)
    __lit__00000000                          0x08000100   Data           4  entry2.o(.ARM.Collect$$$$00002712)
    .text                                    0x08000104   Section       36  startup_stm32f10x_md.o(.text)
    .text                                    0x08000128   Section        0  memcpya.o(.text)
    .text                                    0x0800014c   Section        0  calloc.o(.text)
    .text                                    0x08000168   Section        0  fadd.o(.text)
    .text                                    0x08000218   Section        0  ffltui.o(.text)
    .text                                    0x08000222   Section        0  f2d.o(.text)
    .text                                    0x08000248   Section        0  d2f.o(.text)
    .text                                    0x08000280   Section       20  cfcmple.o(.text)
    .text                                    0x08000294   Section        0  fepilogue.o(.text)
    .text                                    0x08000294   Section        0  iusefp.o(.text)
    .text                                    0x08000304   Section       36  init.o(.text)
    i.ADC_Start                              0x08000328   Section        0  myadc.o(i.ADC_Start)
    i.CS_Reset                               0x08000354   Section        0  myspi.o(i.CS_Reset)
    i.CS_Set                                 0x08000364   Section        0  myspi.o(i.CS_Set)
    i.Chavirement_DetectDepassement          0x08000374   Section        0  chavirement.o(i.Chavirement_DetectDepassement)
    i.Chavirement_InitSPI                    0x08000398   Section        0  chavirement.o(i.Chavirement_InitSPI)
    i.EXTI0_IRQHandler                       0x080003b8   Section        0  driver_gpio.o(i.EXTI0_IRQHandler)
    i.EXTI1_IRQHandler                       0x080003dc   Section        0  driver_gpio.o(i.EXTI1_IRQHandler)
    i.EXTI2_IRQHandler                       0x08000400   Section        0  driver_gpio.o(i.EXTI2_IRQHandler)
    i.EXTI3_IRQHandler                       0x08000424   Section        0  driver_gpio.o(i.EXTI3_IRQHandler)
    i.IT_function                            0x08000448   Section        0  bordage.o(i.IT_function)
    i.Init_ADC_Single_Conv                   0x08000458   Section        0  myadc.o(i.Init_ADC_Single_Conv)
    i.MyGPIO_Init                            0x08000558   Section        0  driver_gpio.o(i.MyGPIO_Init)
    i.MyGPIO_Interrupt                       0x08000694   Section        0  driver_gpio.o(i.MyGPIO_Interrupt)
    i.MyGPIO_Reset                           0x0800079c   Section        0  driver_gpio.o(i.MyGPIO_Reset)
    i.MyGPIO_Set                             0x080007a4   Section        0  driver_gpio.o(i.MyGPIO_Set)
    i.MySPI_Init                             0x080007ac   Section        0  myspi.o(i.MySPI_Init)
    i.MySPI_ReadWrite                        0x080008e0   Section        0  myspi.o(i.MySPI_ReadWrite)
    i.MyTimer_ActiveIT                       0x0800090c   Section        0  mytimer.o(i.MyTimer_ActiveIT)
    i.MyTimer_Base_Init                      0x08000a08   Section        0  mytimer.o(i.MyTimer_Base_Init)
    i.MyTimer_Incremental_Coder_Mode         0x08000aa4   Section        0  mytimer.o(i.MyTimer_Incremental_Coder_Mode)
    i.MyTimer_PWM                            0x08000b10   Section        0  mytimer.o(i.MyTimer_PWM)
    i.MyTimer_Read_CNT                       0x08000ba4   Section        0  mytimer.o(i.MyTimer_Read_CNT)
    i.MyTimer_Set_DutyCycle                  0x08000baa   Section        0  mytimer.o(i.MyTimer_Set_DutyCycle)
    i.MyTimer_Write_CNT                      0x08000be4   Section        0  mytimer.o(i.MyTimer_Write_CNT)
    i.MyTransmission_AlertSend               0x08000be8   Section        0  mytransmission.o(i.MyTransmission_AlertSend)
    i.MyTransmission_BatterieFaible          0x08000c34   Section        0  mytransmission.o(i.MyTransmission_BatterieFaible)
    i.MyTransmission_InitADCbat              0x08000c58   Section        0  mytransmission.o(i.MyTransmission_InitADCbat)
    i.MyTransmission_InitUart                0x08000c6c   Section        0  mytransmission.o(i.MyTransmission_InitUart)
    i.MyTransmission_NiveauBat               0x08000d14   Section        0  mytransmission.o(i.MyTransmission_NiveauBat)
    i.MyTransmission_NormalSend              0x08000d2c   Section        0  mytransmission.o(i.MyTransmission_NormalSend)
    i.MyUSART_Active_IT                      0x08000df8   Section        0  myusart.o(i.MyUSART_Active_IT)
    i.MyUSART_Get_Byte                       0x08000e9c   Section        0  myusart.o(i.MyUSART_Get_Byte)
    i.MyUSART_Init                           0x08000ea4   Section        0  myusart.o(i.MyUSART_Init)
    i.MyUSART_Send_Byte                      0x08000f5c   Section        0  myusart.o(i.MyUSART_Send_Byte)
    i.Ordonnancement                         0x08000f60   Section        0  principale.o(i.Ordonnancement)
    i.SetSysClock                            0x08000fc4   Section        0  system_stm32f10x.o(i.SetSysClock)
    SetSysClock                              0x08000fc5   Thumb Code     8  system_stm32f10x.o(i.SetSysClock)
    i.SetSysClockTo72                        0x08000fcc   Section        0  system_stm32f10x.o(i.SetSysClockTo72)
    SetSysClockTo72                          0x08000fcd   Thumb Code   214  system_stm32f10x.o(i.SetSysClockTo72)
    i.SystemInit                             0x080010ac   Section        0  system_stm32f10x.o(i.SystemInit)
    i.TIM1_UP_IRQHandler                     0x0800110c   Section        0  mytimer.o(i.TIM1_UP_IRQHandler)
    i.TIM2_IRQHandler                        0x08001130   Section        0  mytimer.o(i.TIM2_IRQHandler)
    i.TIM3_IRQHandler                        0x08001154   Section        0  mytimer.o(i.TIM3_IRQHandler)
    i.TIM4_IRQHandler                        0x08001178   Section        0  mytimer.o(i.TIM4_IRQHandler)
    i.Timing_Ordre                           0x0800119c   Section        0  timing.o(i.Timing_Ordre)
    i.USART1_IRQHandler                      0x080011d8   Section        0  myusart.o(i.USART1_IRQHandler)
    i.USART2_IRQHandler                      0x080011fc   Section        0  myusart.o(i.USART2_IRQHandler)
    i.USART3_IRQHandler                      0x08001220   Section        0  myusart.o(i.USART3_IRQHandler)
    i.USART_CallBack                         0x08001244   Section        0  direction.o(i.USART_CallBack)
    i.__scatterload_copy                     0x080012c4   Section       14  handlers.o(i.__scatterload_copy)
    i.__scatterload_null                     0x080012d2   Section        2  handlers.o(i.__scatterload_null)
    i.__scatterload_zeroinit                 0x080012d4   Section       14  handlers.o(i.__scatterload_zeroinit)
    i.adxl_Receive                           0x080012e4   Section        0  adxl.o(i.adxl_Receive)
    i.adxl_Transmit                          0x08001380   Section        0  adxl.o(i.adxl_Transmit)
    i.adxl_init                              0x080013a0   Section        0  adxl.o(i.adxl_init)
    i.bordage_Init_Codeur                    0x080013c4   Section        0  bordage.o(i.bordage_Init_Codeur)
    i.bordage_Orienter_Servo                 0x08001428   Section        0  bordage.o(i.bordage_Orienter_Servo)
    i.bordage_calcul_rapport_cyclique        0x08001440   Section        0  bordage.o(i.bordage_calcul_rapport_cyclique)
    i.bordage_get_angle                      0x08001474   Section        0  bordage.o(i.bordage_get_angle)
    i.bordage_init_servo                     0x08001480   Section        0  bordage.o(i.bordage_init_servo)
    i.direction_InitUart                     0x080014d8   Section        0  direction.o(i.direction_InitUart)
    i.direction_Orienter_Bateau              0x08001580   Section        0  direction.o(i.direction_Orienter_Bateau)
    i.main                                   0x08001594   Section        0  principale.o(i.main)
    i.malloc                                 0x080015d0   Section        0  malloc.o(i.malloc)
    i.toArray                                0x0800163c   Section        0  mytransmission.o(i.toArray)
    .constdata                               0x08001674   Section       64  myadc.o(.constdata)
    .constdata                               0x080016b4   Section       41  mytransmission.o(.constdata)
    bat_faible                               0x080016b4   Data          15  mytransmission.o(.constdata)
    msg_angle                                0x080016c3   Data           7  mytransmission.o(.constdata)
    msg_alerte                               0x080016ca   Data          19  mytransmission.o(.constdata)
    .data                                    0x20000000   Section        4  principale.o(.data)
    i                                        0x20000000   Data           4  principale.o(.data)
    .data                                    0x20000004   Section       16  mytimer.o(.data)
    HandlerContent1                          0x20000004   Data           4  mytimer.o(.data)
    HandlerContent2                          0x20000008   Data           4  mytimer.o(.data)
    HandlerContent3                          0x2000000c   Data           4  mytimer.o(.data)
    HandlerContent4                          0x20000010   Data           4  mytimer.o(.data)
    .data                                    0x20000014   Section       16  driver_gpio.o(.data)
    HandlerContent0                          0x20000014   Data           4  driver_gpio.o(.data)
    HandlerContent1                          0x20000018   Data           4  driver_gpio.o(.data)
    HandlerContent2                          0x2000001c   Data           4  driver_gpio.o(.data)
    HandlerContent3                          0x20000020   Data           4  driver_gpio.o(.data)
    .data                                    0x20000024   Section       12  myusart.o(.data)
    HandlerUart1                             0x20000024   Data           4  myusart.o(.data)
    HandlerUart2                             0x20000028   Data           4  myusart.o(.data)
    HandlerUart3                             0x2000002c   Data           4  myusart.o(.data)
    .data                                    0x20000030   Section       32  bordage.o(.data)
    MonTimer                                 0x20000030   Data           8  bordage.o(.data)
    MonServo                                 0x20000038   Data           8  bordage.o(.data)
    Timer_Output                             0x20000040   Data           8  bordage.o(.data)
    Coder_Index                              0x20000048   Data           8  bordage.o(.data)
    .data                                    0x20000050   Section       41  direction.o(.data)
    servo                                    0x20000050   Data           8  direction.o(.data)
    bitsens                                  0x20000058   Data           8  direction.o(.data)
    uartTx                                   0x20000060   Data           8  direction.o(.data)
    uartRx                                   0x20000068   Data           8  direction.o(.data)
    timServo                                 0x20000070   Data           8  direction.o(.data)
    .data                                    0x2000007c   Section        8  timing.o(.data)
    MonTimer                                 0x2000007c   Data           8  timing.o(.data)
    .data                                    0x20000084   Section       40  mytransmission.o(.data)
    servo                                    0x20000084   Data           8  mytransmission.o(.data)
    bitsens                                  0x2000008c   Data           8  mytransmission.o(.data)
    uartTx                                   0x20000094   Data           8  mytransmission.o(.data)
    uartRx                                   0x2000009c   Data           8  mytransmission.o(.data)
    timServo                                 0x200000a4   Data           8  mytransmission.o(.data)
    .data                                    0x200000ac   Section        4  chavirement.o(.data)
    mspi                                     0x200000ac   Data           4  chavirement.o(.data)
    .data                                    0x200000b0   Section        8  adxl.o(.data)
    reponse1                                 0x200000b0   Data           4  adxl.o(.data)
    reponse2                                 0x200000b4   Data           4  adxl.o(.data)
    .data                                    0x200000b8   Section        4  mvars.o(.data)
    .data                                    0x200000bc   Section        4  mvars.o(.data)
    .bss                                     0x200000c0   Section       12  direction.o(.bss)
    muart                                    0x200000c0   Data          12  direction.o(.bss)
    .bss                                     0x200000cc   Section       12  mytransmission.o(.bss)
    muart                                    0x200000cc   Data          12  mytransmission.o(.bss)
    .bss                                     0x200000d8   Section       12  chavirement.o(.bss)
    Axes                                     0x200000d8   Data          12  chavirement.o(.bss)
    HEAP                                     0x200000e8   Section      512  startup_stm32f10x_md.o(HEAP)
    STACK                                    0x200002e8   Section     1024  startup_stm32f10x_md.o(STACK)

    Global Symbols

    Symbol Name                              Value     Ov Type        Size  Object(Section)

    BuildAttributes$$THM_ISAv4$P$D$K$B$S$PE$A:L22UL41UL21$X:L11$S22US41US21$IEEE1$IW$USESV6$~STKCKD$USESV7$~SHL$OTIME$ROPI$EBA8$MICROLIB$REQ8$PRES8$EABIv2 0x00000000   Number         0  anon$$obj.o ABSOLUTE
    __ARM_use_no_argv                        0x00000000   Number         0  principale.o ABSOLUTE
    __arm_fini_                               - Undefined Weak Reference
    __cpp_initialize__aeabi_                  - Undefined Weak Reference
    __cxa_finalize                            - Undefined Weak Reference
    __decompress                              - Undefined Weak Reference
    _clock_init                               - Undefined Weak Reference
    _microlib_exit                            - Undefined Weak Reference
    __Vectors_Size                           0x000000ec   Number         0  startup_stm32f10x_md.o ABSOLUTE
    __Vectors                                0x08000000   Data           4  startup_stm32f10x_md.o(RESET)
    __Vectors_End                            0x080000ec   Data           0  startup_stm32f10x_md.o(RESET)
    __main                                   0x080000ed   Thumb Code     0  entry.o(.ARM.Collect$$$$00000000)
    _main_stk                                0x080000ed   Thumb Code     0  entry2.o(.ARM.Collect$$$$00000001)
    _main_scatterload                        0x080000f1   Thumb Code     0  entry5.o(.ARM.Collect$$$$00000004)
    __main_after_scatterload                 0x080000f5   Thumb Code     0  entry5.o(.ARM.Collect$$$$00000004)
    _main_clock                              0x080000f5   Thumb Code     0  entry7b.o(.ARM.Collect$$$$00000008)
    _main_cpp_init                           0x080000f5   Thumb Code     0  entry8b.o(.ARM.Collect$$$$0000000A)
    _main_init                               0x080000f5   Thumb Code     0  entry9a.o(.ARM.Collect$$$$0000000B)
    __rt_lib_shutdown_fini                   0x080000fd   Thumb Code     0  entry12b.o(.ARM.Collect$$$$0000000E)
    __rt_final_cpp                           0x08000101   Thumb Code     0  entry10a.o(.ARM.Collect$$$$0000000F)
    __rt_final_exit                          0x08000101   Thumb Code     0  entry11a.o(.ARM.Collect$$$$00000011)
    Reset_Handler                            0x08000105   Thumb Code     8  startup_stm32f10x_md.o(.text)
    NMI_Handler                              0x0800010d   Thumb Code     2  startup_stm32f10x_md.o(.text)
    HardFault_Handler                        0x0800010f   Thumb Code     2  startup_stm32f10x_md.o(.text)
    MemManage_Handler                        0x08000111   Thumb Code     2  startup_stm32f10x_md.o(.text)
    BusFault_Handler                         0x08000113   Thumb Code     2  startup_stm32f10x_md.o(.text)
    UsageFault_Handler                       0x08000115   Thumb Code     2  startup_stm32f10x_md.o(.text)
    SVC_Handler                              0x08000117   Thumb Code     2  startup_stm32f10x_md.o(.text)
    DebugMon_Handler                         0x08000119   Thumb Code     2  startup_stm32f10x_md.o(.text)
    PendSV_Handler                           0x0800011b   Thumb Code     2  startup_stm32f10x_md.o(.text)
    SysTick_Handler                          0x0800011d   Thumb Code     2  startup_stm32f10x_md.o(.text)
    ADC1_2_IRQHandler                        0x0800011f   Thumb Code     0  startup_stm32f10x_md.o(.text)
    CAN1_RX1_IRQHandler                      0x0800011f   Thumb Code     0  startup_stm32f10x_md.o(.text)
    CAN1_SCE_IRQHandler                      0x0800011f   Thumb Code     0  startup_stm32f10x_md.o(.text)
    DMA1_Channel1_IRQHandler                 0x0800011f   Thumb Code     0  startup_stm32f10x_md.o(.text)
    DMA1_Channel2_IRQHandler                 0x0800011f   Thumb Code     0  startup_stm32f10x_md.o(.text)
    DMA1_Channel3_IRQHandler                 0x0800011f   Thumb Code     0  startup_stm32f10x_md.o(.text)
    DMA1_Channel4_IRQHandler                 0x0800011f   Thumb Code     0  startup_stm32f10x_md.o(.text)
    DMA1_Channel5_IRQHandler                 0x0800011f   Thumb Code     0  startup_stm32f10x_md.o(.text)
    DMA1_Channel6_IRQHandler                 0x0800011f   Thumb Code     0  startup_stm32f10x_md.o(.text)
    DMA1_Channel7_IRQHandler                 0x0800011f   Thumb Code     0  startup_stm32f10x_md.o(.text)
    EXTI15_10_IRQHandler                     0x0800011f   Thumb Code     0  startup_stm32f10x_md.o(.text)
    EXTI4_IRQHandler                         0x0800011f   Thumb Code     0  startup_stm32f10x_md.o(.text)
    EXTI9_5_IRQHandler                       0x0800011f   Thumb Code     0  startup_stm32f10x_md.o(.text)
    FLASH_IRQHandler                         0x0800011f   Thumb Code     0  startup_stm32f10x_md.o(.text)
    I2C1_ER_IRQHandler                       0x0800011f   Thumb Code     0  startup_stm32f10x_md.o(.text)
    I2C1_EV_IRQHandler                       0x0800011f   Thumb Code     0  startup_stm32f10x_md.o(.text)
    I2C2_ER_IRQHandler                       0x0800011f   Thumb Code     0  startup_stm32f10x_md.o(.text)
    I2C2_EV_IRQHandler                       0x0800011f   Thumb Code     0  startup_stm32f10x_md.o(.text)
    PVD_IRQHandler                           0x0800011f   Thumb Code     0  startup_stm32f10x_md.o(.text)
    RCC_IRQHandler                           0x0800011f   Thumb Code     0  startup_stm32f10x_md.o(.text)
    RTCAlarm_IRQHandler                      0x0800011f   Thumb Code     0  startup_stm32f10x_md.o(.text)
    RTC_IRQHandler                           0x0800011f   Thumb Code     0  startup_stm32f10x_md.o(.text)
    SPI1_IRQHandler                          0x0800011f   Thumb Code     0  startup_stm32f10x_md.o(.text)
    SPI2_IRQHandler                          0x0800011f   Thumb Code     0  startup_stm32f10x_md.o(.text)
    TAMPER_IRQHandler                        0x0800011f   Thumb Code     0  startup_stm32f10x_md.o(.text)
    TIM1_BRK_IRQHandler                      0x0800011f   Thumb Code     0  startup_stm32f10x_md.o(.text)
    TIM1_CC_IRQHandler                       0x0800011f   Thumb Code     0  startup_stm32f10x_md.o(.text)
    TIM1_TRG_COM_IRQHandler                  0x0800011f   Thumb Code     0  startup_stm32f10x_md.o(.text)
    USBWakeUp_IRQHandler                     0x0800011f   Thumb Code     0  startup_stm32f10x_md.o(.text)
    USB_HP_CAN1_TX_IRQHandler                0x0800011f   Thumb Code     0  startup_stm32f10x_md.o(.text)
    USB_LP_CAN1_RX0_IRQHandler               0x0800011f   Thumb Code     0  startup_stm32f10x_md.o(.text)
    WWDG_IRQHandler                          0x0800011f   Thumb Code     0  startup_stm32f10x_md.o(.text)
    __aeabi_memcpy                           0x08000129   Thumb Code    36  memcpya.o(.text)
    __aeabi_memcpy4                          0x08000129   Thumb Code     0  memcpya.o(.text)
    __aeabi_memcpy8                          0x08000129   Thumb Code     0  memcpya.o(.text)
    calloc                                   0x0800014d   Thumb Code    28  calloc.o(.text)
    __aeabi_fadd                             0x08000169   Thumb Code   164  fadd.o(.text)
    __aeabi_fsub                             0x0800020d   Thumb Code     6  fadd.o(.text)
    __aeabi_frsub                            0x08000213   Thumb Code     6  fadd.o(.text)
    __aeabi_ui2f                             0x08000219   Thumb Code    10  ffltui.o(.text)
    __aeabi_f2d                              0x08000223   Thumb Code    38  f2d.o(.text)
    __aeabi_d2f                              0x08000249   Thumb Code    56  d2f.o(.text)
    __aeabi_cfcmpeq                          0x08000281   Thumb Code     0  cfcmple.o(.text)
    __aeabi_cfcmple                          0x08000281   Thumb Code    20  cfcmple.o(.text)
    __I$use$fp                               0x08000295   Thumb Code     0  iusefp.o(.text)
    _float_round                             0x08000295   Thumb Code    18  fepilogue.o(.text)
    _float_epilogue                          0x080002a7   Thumb Code    92  fepilogue.o(.text)
    __scatterload                            0x08000305   Thumb Code    28  init.o(.text)
    __scatterload_rt2                        0x08000305   Thumb Code     0  init.o(.text)
    ADC_Start                                0x08000329   Thumb Code    44  myadc.o(i.ADC_Start)
    CS_Reset                                 0x08000355   Thumb Code    12  myspi.o(i.CS_Reset)
    CS_Set                                   0x08000365   Thumb Code    12  myspi.o(i.CS_Set)
    Chavirement_DetectDepassement            0x08000375   Thumb Code    28  chavirement.o(i.Chavirement_DetectDepassement)
    Chavirement_InitSPI                      0x08000399   Thumb Code    24  chavirement.o(i.Chavirement_InitSPI)
    EXTI0_IRQHandler                         0x080003b9   Thumb Code    28  driver_gpio.o(i.EXTI0_IRQHandler)
    EXTI1_IRQHandler                         0x080003dd   Thumb Code    28  driver_gpio.o(i.EXTI1_IRQHandler)
    EXTI2_IRQHandler                         0x08000401   Thumb Code    28  driver_gpio.o(i.EXTI2_IRQHandler)
    EXTI3_IRQHandler                         0x08000425   Thumb Code    28  driver_gpio.o(i.EXTI3_IRQHandler)
    IT_function                              0x08000449   Thumb Code    14  bordage.o(i.IT_function)
    Init_ADC_Single_Conv                     0x08000459   Thumb Code   242  myadc.o(i.Init_ADC_Single_Conv)
    MyGPIO_Init                              0x08000559   Thumb Code   296  driver_gpio.o(i.MyGPIO_Init)
    MyGPIO_Interrupt                         0x08000695   Thumb Code   210  driver_gpio.o(i.MyGPIO_Interrupt)
    MyGPIO_Reset                             0x0800079d   Thumb Code     8  driver_gpio.o(i.MyGPIO_Reset)
    MyGPIO_Set                               0x080007a5   Thumb Code     8  driver_gpio.o(i.MyGPIO_Set)
    MySPI_Init                               0x080007ad   Thumb Code   298  myspi.o(i.MySPI_Init)
    MySPI_ReadWrite                          0x080008e1   Thumb Code    42  myspi.o(i.MySPI_ReadWrite)
    MyTimer_ActiveIT                         0x0800090d   Thumb Code   216  mytimer.o(i.MyTimer_ActiveIT)
    MyTimer_Base_Init                        0x08000a09   Thumb Code   140  mytimer.o(i.MyTimer_Base_Init)
    MyTimer_Incremental_Coder_Mode           0x08000aa5   Thumb Code   106  mytimer.o(i.MyTimer_Incremental_Coder_Mode)
    MyTimer_PWM                              0x08000b11   Thumb Code   142  mytimer.o(i.MyTimer_PWM)
    MyTimer_Read_CNT                         0x08000ba5   Thumb Code     6  mytimer.o(i.MyTimer_Read_CNT)
    MyTimer_Set_DutyCycle                    0x08000bab   Thumb Code    58  mytimer.o(i.MyTimer_Set_DutyCycle)
    MyTimer_Write_CNT                        0x08000be5   Thumb Code     4  mytimer.o(i.MyTimer_Write_CNT)
    MyTransmission_AlertSend                 0x08000be9   Thumb Code    68  mytransmission.o(i.MyTransmission_AlertSend)
    MyTransmission_BatterieFaible            0x08000c35   Thumb Code    36  mytransmission.o(i.MyTransmission_BatterieFaible)
    MyTransmission_InitADCbat                0x08000c59   Thumb Code    14  mytransmission.o(i.MyTransmission_InitADCbat)
    MyTransmission_InitUart                  0x08000c6d   Thumb Code   128  mytransmission.o(i.MyTransmission_InitUart)
    MyTransmission_NiveauBat                 0x08000d15   Thumb Code    18  mytransmission.o(i.MyTransmission_NiveauBat)
    MyTransmission_NormalSend                0x08000d2d   Thumb Code   192  mytransmission.o(i.MyTransmission_NormalSend)
    MyUSART_Active_IT                        0x08000df9   Thumb Code   132  myusart.o(i.MyUSART_Active_IT)
    MyUSART_Get_Byte                         0x08000e9d   Thumb Code     8  myusart.o(i.MyUSART_Get_Byte)
    MyUSART_Init                             0x08000ea5   Thumb Code   158  myusart.o(i.MyUSART_Init)
    MyUSART_Send_Byte                        0x08000f5d   Thumb Code     4  myusart.o(i.MyUSART_Send_Byte)
    Ordonnancement                           0x08000f61   Thumb Code    94  principale.o(i.Ordonnancement)
    SystemInit                               0x080010ad   Thumb Code    78  system_stm32f10x.o(i.SystemInit)
    TIM1_UP_IRQHandler                       0x0800110d   Thumb Code    28  mytimer.o(i.TIM1_UP_IRQHandler)
    TIM2_IRQHandler                          0x08001131   Thumb Code    32  mytimer.o(i.TIM2_IRQHandler)
    TIM3_IRQHandler                          0x08001155   Thumb Code    28  mytimer.o(i.TIM3_IRQHandler)
    TIM4_IRQHandler                          0x08001179   Thumb Code    28  mytimer.o(i.TIM4_IRQHandler)
    Timing_Ordre                             0x0800119d   Thumb Code    50  timing.o(i.Timing_Ordre)
    USART1_IRQHandler                        0x080011d9   Thumb Code    28  myusart.o(i.USART1_IRQHandler)
    USART2_IRQHandler                        0x080011fd   Thumb Code    28  myusart.o(i.USART2_IRQHandler)
    USART3_IRQHandler                        0x08001221   Thumb Code    28  myusart.o(i.USART3_IRQHandler)
    USART_CallBack                           0x08001245   Thumb Code   110  direction.o(i.USART_CallBack)
    __scatterload_copy                       0x080012c5   Thumb Code    14  handlers.o(i.__scatterload_copy)
    __scatterload_null                       0x080012d3   Thumb Code     2  handlers.o(i.__scatterload_null)
    __scatterload_zeroinit                   0x080012d5   Thumb Code    14  handlers.o(i.__scatterload_zeroinit)
    adxl_Receive                             0x080012e5   Thumb Code   148  adxl.o(i.adxl_Receive)
    adxl_Transmit                            0x08001381   Thumb Code    32  adxl.o(i.adxl_Transmit)
    adxl_init                                0x080013a1   Thumb Code    34  adxl.o(i.adxl_init)
    bordage_Init_Codeur                      0x080013c5   Thumb Code    84  bordage.o(i.bordage_Init_Codeur)
    bordage_Orienter_Servo                   0x08001429   Thumb Code    18  bordage.o(i.bordage_Orienter_Servo)
    bordage_calcul_rapport_cyclique          0x08001441   Thumb Code    52  bordage.o(i.bordage_calcul_rapport_cyclique)
    bordage_get_angle                        0x08001475   Thumb Code    12  bordage.o(i.bordage_get_angle)
    bordage_init_servo                       0x08001481   Thumb Code    70  bordage.o(i.bordage_init_servo)
    direction_InitUart                       0x080014d9   Thumb Code   128  direction.o(i.direction_InitUart)
    direction_Orienter_Bateau                0x08001581   Thumb Code    12  direction.o(i.direction_Orienter_Bateau)
    main                                     0x08001595   Thumb Code    54  principale.o(i.main)
    malloc                                   0x080015d1   Thumb Code    92  malloc.o(i.malloc)
    toArray                                  0x0800163d   Thumb Code    54  mytransmission.o(i.toArray)
    Region$$Table$$Base                      0x080016e0   Number         0  anon$$obj.o(Region$$Table)
    Region$$Table$$Limit                     0x08001700   Number         0  anon$$obj.o(Region$$Table)
    monMess                                  0x20000078   Data           1  direction.o(.data)
    __microlib_freelist                      0x200000b8   Data           4  mvars.o(.data)
    __microlib_freelist_initialised          0x200000bc   Data           4  mvars.o(.data)
    __heap_base                              0x200000e8   Data           0  startup_stm32f10x_md.o(HEAP)
    __heap_limit                             0x200002e8   Data           0  startup_stm32f10x_md.o(HEAP)
    __initial_sp                             0x200006e8   Data           0  startup_stm32f10x_md.o(STACK)



==============================================================================

Memory Map of the image

  Image Entry point : 0x08000105

  Load Region LR_1 (Base: 0x08000000, Size: 0x000017c0, Max: 0xffffffff, ABSOLUTE)

    Execution Region ER_RO (Exec base: 0x08000000, Load base: 0x08000000, Size: 0x00001700, Max: 0xffffffff, ABSOLUTE)

    Exec Addr    Load Addr    Size         Type   Attr      Idx    E Section Name        Object

    0x08000000   0x08000000   0x000000ec   Data   RO          674    RESET               startup_stm32f10x_md.o
    0x080000ec   0x080000ec   0x00000000   Code   RO          725  * .ARM.Collect$$$$00000000  mc_w.l(entry.o)
    0x080000ec   0x080000ec   0x00000004   Code   RO          744    .ARM.Collect$$$$00000001  mc_w.l(entry2.o)
    0x080000f0   0x080000f0   0x00000004   Code   RO          747    .ARM.Collect$$$$00000004  mc_w.l(entry5.o)
    0x080000f4   0x080000f4   0x00000000   Code   RO          749    .ARM.Collect$$$$00000008  mc_w.l(entry7b.o)
    0x080000f4   0x080000f4   0x00000000   Code   RO          751    .ARM.Collect$$$$0000000A  mc_w.l(entry8b.o)
    0x080000f4   0x080000f4   0x00000008   Code   RO          752    .ARM.Collect$$$$0000000B  mc_w.l(entry9a.o)
    0x080000fc   0x080000fc   0x00000004   Code   RO          759    .ARM.Collect$$$$0000000E  mc_w.l(entry12b.o)
    0x08000100   0x08000100   0x00000000   Code   RO          754    .ARM.Collect$$$$0000000F  mc_w.l(entry10a.o)
    0x08000100   0x08000100   0x00000000   Code   RO          756    .ARM.Collect$$$$00000011  mc_w.l(entry11a.o)
    0x08000100   0x08000100   0x00000004   Code   RO          745    .ARM.Collect$$$$00002712  mc_w.l(entry2.o)
    0x08000104   0x08000104   0x00000024   Code   RO          675  * .text               startup_stm32f10x_md.o
    0x08000128   0x08000128   0x00000024   Code   RO          728    .text               mc_w.l(memcpya.o)
    0x0800014c   0x0800014c   0x0000001c   Code   RO          732    .text               mc_w.l(calloc.o)
    0x08000168   0x08000168   0x000000b0   Code   RO          734    .text               mf_w.l(fadd.o)
    0x08000218   0x08000218   0x0000000a   Code   RO          736    .text               mf_w.l(ffltui.o)
    0x08000222   0x08000222   0x00000026   Code   RO          738    .text               mf_w.l(f2d.o)
    0x08000248   0x08000248   0x00000038   Code   RO          740    .text               mf_w.l(d2f.o)
    0x08000280   0x08000280   0x00000014   Code   RO          742    .text               mf_w.l(cfcmple.o)
    0x08000294   0x08000294   0x00000000   Code   RO          788    .text               mc_w.l(iusefp.o)
    0x08000294   0x08000294   0x0000006e   Code   RO          789    .text               mf_w.l(fepilogue.o)
    0x08000302   0x08000302   0x00000002   PAD
    0x08000304   0x08000304   0x00000024   Code   RO          791    .text               mc_w.l(init.o)
    0x08000328   0x08000328   0x0000002c   Code   RO          255    i.ADC_Start         myadc.o
    0x08000354   0x08000354   0x00000010   Code   RO          355    i.CS_Reset          myspi.o
    0x08000364   0x08000364   0x00000010   Code   RO          356    i.CS_Set            myspi.o
    0x08000374   0x08000374   0x00000024   Code   RO          601    i.Chavirement_DetectDepassement  chavirement.o
    0x08000398   0x08000398   0x00000020   Code   RO          602    i.Chavirement_InitSPI  chavirement.o
    0x080003b8   0x080003b8   0x00000024   Code   RO          175    i.EXTI0_IRQHandler  driver_gpio.o
    0x080003dc   0x080003dc   0x00000024   Code   RO          176    i.EXTI1_IRQHandler  driver_gpio.o
    0x08000400   0x08000400   0x00000024   Code   RO          177    i.EXTI2_IRQHandler  driver_gpio.o
    0x08000424   0x08000424   0x00000024   Code   RO          178    i.EXTI3_IRQHandler  driver_gpio.o
    0x08000448   0x08000448   0x0000000e   Code   RO          412    i.IT_function       bordage.o
    0x08000456   0x08000456   0x00000002   PAD
    0x08000458   0x08000458   0x00000100   Code   RO          256    i.Init_ADC_Single_Conv  myadc.o
    0x08000558   0x08000558   0x0000013c   Code   RO          179    i.MyGPIO_Init       driver_gpio.o
    0x08000694   0x08000694   0x00000108   Code   RO          180    i.MyGPIO_Interrupt  driver_gpio.o
    0x0800079c   0x0800079c   0x00000008   Code   RO          182    i.MyGPIO_Reset      driver_gpio.o
    0x080007a4   0x080007a4   0x00000008   Code   RO          183    i.MyGPIO_Set        driver_gpio.o
    0x080007ac   0x080007ac   0x00000134   Code   RO          357    i.MySPI_Init        myspi.o
    0x080008e0   0x080008e0   0x0000002a   Code   RO          358    i.MySPI_ReadWrite   myspi.o
    0x0800090a   0x0800090a   0x00000002   PAD
    0x0800090c   0x0800090c   0x000000fc   Code   RO           89    i.MyTimer_ActiveIT  mytimer.o
    0x08000a08   0x08000a08   0x0000009c   Code   RO           90    i.MyTimer_Base_Init  mytimer.o
    0x08000aa4   0x08000aa4   0x0000006a   Code   RO           91    i.MyTimer_Incremental_Coder_Mode  mytimer.o
    0x08000b0e   0x08000b0e   0x00000002   PAD
    0x08000b10   0x08000b10   0x00000094   Code   RO           92    i.MyTimer_PWM       mytimer.o
    0x08000ba4   0x08000ba4   0x00000006   Code   RO           93    i.MyTimer_Read_CNT  mytimer.o
    0x08000baa   0x08000baa   0x0000003a   Code   RO           94    i.MyTimer_Set_DutyCycle  mytimer.o
    0x08000be4   0x08000be4   0x00000004   Code   RO           95    i.MyTimer_Write_CNT  mytimer.o
    0x08000be8   0x08000be8   0x0000004c   Code   RO          537    i.MyTransmission_AlertSend  mytransmission.o
    0x08000c34   0x08000c34   0x00000024   Code   RO          538    i.MyTransmission_BatterieFaible  mytransmission.o
    0x08000c58   0x08000c58   0x00000014   Code   RO          539    i.MyTransmission_InitADCbat  mytransmission.o
    0x08000c6c   0x08000c6c   0x000000a8   Code   RO          540    i.MyTransmission_InitUart  mytransmission.o
    0x08000d14   0x08000d14   0x00000018   Code   RO          541    i.MyTransmission_NiveauBat  mytransmission.o
    0x08000d2c   0x08000d2c   0x000000cc   Code   RO          542    i.MyTransmission_NormalSend  mytransmission.o
    0x08000df8   0x08000df8   0x000000a4   Code   RO          293    i.MyUSART_Active_IT  myusart.o
    0x08000e9c   0x08000e9c   0x00000008   Code   RO          294    i.MyUSART_Get_Byte  myusart.o
    0x08000ea4   0x08000ea4   0x000000b8   Code   RO          295    i.MyUSART_Init      myusart.o
    0x08000f5c   0x08000f5c   0x00000004   Code   RO          296    i.MyUSART_Send_Byte  myusart.o
    0x08000f60   0x08000f60   0x00000064   Code   RO            4    i.Ordonnancement    principale.o
    0x08000fc4   0x08000fc4   0x00000008   Code   RO          682    i.SetSysClock       system_stm32f10x.o
    0x08000fcc   0x08000fcc   0x000000e0   Code   RO          683    i.SetSysClockTo72   system_stm32f10x.o
    0x080010ac   0x080010ac   0x00000060   Code   RO          685    i.SystemInit        system_stm32f10x.o
    0x0800110c   0x0800110c   0x00000024   Code   RO           96    i.TIM1_UP_IRQHandler  mytimer.o
    0x08001130   0x08001130   0x00000024   Code   RO           97    i.TIM2_IRQHandler   mytimer.o
    0x08001154   0x08001154   0x00000024   Code   RO           98    i.TIM3_IRQHandler   mytimer.o
    0x08001178   0x08001178   0x00000024   Code   RO           99    i.TIM4_IRQHandler   mytimer.o
    0x0800119c   0x0800119c   0x0000003c   Code   RO          511    i.Timing_Ordre      timing.o
    0x080011d8   0x080011d8   0x00000024   Code   RO          297    i.USART1_IRQHandler  myusart.o
    0x080011fc   0x080011fc   0x00000024   Code   RO          298    i.USART2_IRQHandler  myusart.o
    0x08001220   0x08001220   0x00000024   Code   RO          299    i.USART3_IRQHandler  myusart.o
    0x08001244   0x08001244   0x00000080   Code   RO          471    i.USART_CallBack    direction.o
    0x080012c4   0x080012c4   0x0000000e   Code   RO          797    i.__scatterload_copy  mc_w.l(handlers.o)
    0x080012d2   0x080012d2   0x00000002   Code   RO          798    i.__scatterload_null  mc_w.l(handlers.o)
    0x080012d4   0x080012d4   0x0000000e   Code   RO          799    i.__scatterload_zeroinit  mc_w.l(handlers.o)
    0x080012e2   0x080012e2   0x00000002   PAD
    0x080012e4   0x080012e4   0x0000009c   Code   RO          637    i.adxl_Receive      adxl.o
    0x08001380   0x08001380   0x00000020   Code   RO          638    i.adxl_Transmit     adxl.o
    0x080013a0   0x080013a0   0x00000022   Code   RO          639    i.adxl_init         adxl.o
    0x080013c2   0x080013c2   0x00000002   PAD
    0x080013c4   0x080013c4   0x00000064   Code   RO          413    i.bordage_Init_Codeur  bordage.o
    0x08001428   0x08001428   0x00000018   Code   RO          414    i.bordage_Orienter_Servo  bordage.o
    0x08001440   0x08001440   0x00000034   Code   RO          415    i.bordage_calcul_rapport_cyclique  bordage.o
    0x08001474   0x08001474   0x0000000c   Code   RO          416    i.bordage_get_angle  bordage.o
    0x08001480   0x08001480   0x00000058   Code   RO          417    i.bordage_init_servo  bordage.o
    0x080014d8   0x080014d8   0x000000a8   Code   RO          472    i.direction_InitUart  direction.o
    0x08001580   0x08001580   0x00000014   Code   RO          473    i.direction_Orienter_Bateau  direction.o
    0x08001594   0x08001594   0x0000003c   Code   RO            5    i.main              principale.o
    0x080015d0   0x080015d0   0x0000006c   Code   RO          761    i.malloc            mc_w.l(malloc.o)
    0x0800163c   0x0800163c   0x00000036   Code   RO          543    i.toArray           mytransmission.o
    0x08001672   0x08001672   0x00000002   PAD
    0x08001674   0x08001674   0x00000040   Data   RO          257    .constdata          myadc.o
    0x080016b4   0x080016b4   0x00000029   Data   RO          545    .constdata          mytransmission.o
    0x080016dd   0x080016dd   0x00000003   PAD
    0x080016e0   0x080016e0   0x00000020   Data   RO          795    Region$$Table       anon$$obj.o


    Execution Region ER_RW (Exec base: 0x20000000, Load base: 0x08001700, Size: 0x000000c0, Max: 0xffffffff, ABSOLUTE)

    Exec Addr    Load Addr    Size         Type   Attr      Idx    E Section Name        Object

    0x20000000   0x08001700   0x00000004   Data   RW            6    .data               principale.o
    0x20000004   0x08001704   0x00000010   Data   RW          100    .data               mytimer.o
    0x20000014   0x08001714   0x00000010   Data   RW          185    .data               driver_gpio.o
    0x20000024   0x08001724   0x0000000c   Data   RW          300    .data               myusart.o
    0x20000030   0x08001730   0x00000020   Data   RW          418    .data               bordage.o
    0x20000050   0x08001750   0x00000029   Data   RW          475    .data               direction.o
    0x20000079   0x08001779   0x00000003   PAD
    0x2000007c   0x0800177c   0x00000008   Data   RW          512    .data               timing.o
    0x20000084   0x08001784   0x00000028   Data   RW          546    .data               mytransmission.o
    0x200000ac   0x080017ac   0x00000004   Data   RW          604    .data               chavirement.o
    0x200000b0   0x080017b0   0x00000008   Data   RW          640    .data               adxl.o
    0x200000b8   0x080017b8   0x00000004   Data   RW          793    .data               mc_w.l(mvars.o)
    0x200000bc   0x080017bc   0x00000004   Data   RW          794    .data               mc_w.l(mvars.o)


    Execution Region ER_ZI (Exec base: 0x200000c0, Load base: 0x080017c0, Size: 0x00000628, Max: 0xffffffff, ABSOLUTE)

    Exec Addr    Load Addr    Size         Type   Attr      Idx    E Section Name        Object

    0x200000c0        -       0x0000000c   Zero   RW          474    .bss                direction.o
    0x200000cc        -       0x0000000c   Zero   RW          544    .bss                mytransmission.o
    0x200000d8        -       0x0000000c   Zero   RW          603    .bss                chavirement.o
    0x200000e4   0x080017c0   0x00000004   PAD
    0x200000e8        -       0x00000200   Zero   RW          673    HEAP                startup_stm32f10x_md.o
    0x200002e8        -       0x00000400   Zero   RW          672    STACK               startup_stm32f10x_md.o


==============================================================================

Image component sizes


      Code (inc. data)   RO Data    RW Data    ZI Data      Debug   Object Name

       222          8          0          8          0       2335   adxl.o
       290         40          0         32          0       3440   bordage.o
        68         16          0          4         12       1258   chavirement.o
       316         66          0         41         12       1940   direction.o
       740        106          0         16          0       5133   driver_gpio.o
       300         14         64          0          0       1823   myadc.o
       382         18          0          0          0       3195   myspi.o
       874         86          0         16          0       6752   mytimer.o
       582         72         41         40         12       5106   mytransmission.o
       468         82          0         12          0       4198   myusart.o
       160         12          0          4          0     209632   principale.o
        36          8        236          0       1536        840   startup_stm32f10x_md.o
       328         28          0          0          0       2117   system_stm32f10x.o
        60         10          0          8          0        755   timing.o

    ----------------------------------------------------------------------
      4836        566        376        184       1576     248524   Object Totals
         0          0         32          0          0          0   (incl. Generated)
        10          0          3          3          4          0   (incl. Padding)

    ----------------------------------------------------------------------

      Code (inc. data)   RO Data    RW Data    ZI Data      Debug   Library Member Name

        28          0          0          0          0         76   calloc.o
         0          0          0          0          0          0   entry.o
         0          0          0          0          0          0   entry10a.o
         0          0          0          0          0          0   entry11a.o
         4          0          0          0          0          0   entry12b.o
         8          4          0          0          0          0   entry2.o
         4          0          0          0          0          0   entry5.o
         0          0          0          0          0          0   entry7b.o
         0          0          0          0          0          0   entry8b.o
         8          4          0          0          0          0   entry9a.o
        30          0          0          0          0          0   handlers.o
        36          8          0          0          0         68   init.o
         0          0          0          0          0          0   iusefp.o
       108         16          0          0          0         84   malloc.o
        36          0          0          0          0         68   memcpya.o
         0          0          0          8          0          0   mvars.o
        20          0          0          0          0         68   cfcmple.o
        56          0          0          0          0         88   d2f.o
        38          0          0          0          0         68   f2d.o
       176          0          0          0          0        140   fadd.o
       110          0          0          0          0        168   fepilogue.o
        10          0          0          0          0         68   ffltui.o

    ----------------------------------------------------------------------
       676         32          0          8          0        896   Library Totals
         4          0          0          0          0          0   (incl. Padding)

    ----------------------------------------------------------------------

      Code (inc. data)   RO Data    RW Data    ZI Data      Debug   Library Name

       262         32          0          8          0        296   mc_w.l
       410          0          0          0          0        600   mf_w.l

    ----------------------------------------------------------------------
       676         32          0          8          0        896   Library Totals

    ----------------------------------------------------------------------

==============================================================================


      Code (inc. data)   RO Data    RW Data    ZI Data      Debug   

      5512        598        376        192       1576     246296   Grand Totals
      5512        598        376        192       1576     246296   ELF Image Totals
      5512        598        376        192          0          0   ROM Totals

==============================================================================

    Total RO  Size (Code + RO Data)                 5888 (   5.75kB)
    Total RW  Size (RW Data + ZI Data)              1768 (   1.73kB)
    Total ROM Size (Code + RO Data + RW Data)       6080 (   5.94kB)

==============================================================================

