Component: ARM Compiler 5.06 update 7 (build 960) Tool: armlink [4d3601]

==============================================================================

Section Cross References

    principale.o(i.Ordonnancement) refers to bordage.o(i.bordage_get_angle) for bordage_get_angle
    principale.o(i.Ordonnancement) refers to bordage.o(i.bordage_calcul_rapport_cyclique) for bordage_calcul_rapport_cyclique
    principale.o(i.Ordonnancement) refers to bordage.o(i.bordage_Orienter_Servo) for bordage_Orienter_Servo
    principale.o(i.Ordonnancement) refers to mytransmission.o(i.MyTransmission_Send) for MyTransmission_Send
    principale.o(i.Ordonnancement) refers to principale.o(.data) for i
    principale.o(i.main) refers to bordage.o(i.bordage_Init_Codeur) for bordage_Init_Codeur
    principale.o(i.main) refers to bordage.o(i.bordage_init_servo) for bordage_init_servo
    principale.o(i.main) refers to bordage.o(i.bordage_get_angle) for bordage_get_angle
    principale.o(i.main) refers to bordage.o(i.bordage_calcul_rapport_cyclique) for bordage_calcul_rapport_cyclique
    principale.o(i.main) refers to bordage.o(i.bordage_Orienter_Servo) for bordage_Orienter_Servo
    principale.o(i.main) refers to direction.o(i.direction_InitUart) for direction_InitUart
    principale.o(i.main) refers to direction.o(i.direction_Orienter_Bateau) for direction_Orienter_Bateau
    principale.o(i.main) refers to mytransmission.o(i.MyTransmission_InitADCbat) for MyTransmission_InitADCbat
    principale.o(i.main) refers to mytransmission.o(i.MyTransmission_InitUart) for MyTransmission_InitUart
    principale.o(i.main) refers to timing.o(i.Timing_Ordre) for Timing_Ordre
    principale.o(i.main) refers to principale.o(i.Ordonnancement) for Ordonnancement
    mytimer.o(i.MyTimer_ActiveIT) refers to mytimer.o(.data) for HandlerContent1
    mytimer.o(i.TIM1_UP_IRQHandler) refers to mytimer.o(.data) for HandlerContent1
    mytimer.o(i.TIM2_IRQHandler) refers to mytimer.o(.data) for HandlerContent2
    mytimer.o(i.TIM3_IRQHandler) refers to mytimer.o(.data) for HandlerContent3
    mytimer.o(i.TIM4_IRQHandler) refers to mytimer.o(.data) for HandlerContent4
    driver_gpio.o(i.EXTI0_IRQHandler) refers to driver_gpio.o(.data) for HandlerContent0
    driver_gpio.o(i.EXTI1_IRQHandler) refers to driver_gpio.o(.data) for HandlerContent1
    driver_gpio.o(i.EXTI2_IRQHandler) refers to driver_gpio.o(.data) for HandlerContent2
    driver_gpio.o(i.EXTI3_IRQHandler) refers to driver_gpio.o(.data) for HandlerContent3
    driver_gpio.o(i.MyGPIO_Interrupt) refers to driver_gpio.o(.data) for HandlerContent0
    myadc.o(i.Init_ADC_Single_Conv) refers to memcpya.o(.text) for __aeabi_memcpy4
    myadc.o(i.Init_ADC_Single_Conv) refers to ffltui.o(.text) for __aeabi_ui2f
    myadc.o(i.Init_ADC_Single_Conv) refers to fadd.o(.text) for __aeabi_frsub
    myadc.o(i.Init_ADC_Single_Conv) refers to f2d.o(.text) for __aeabi_f2d
    myadc.o(i.Init_ADC_Single_Conv) refers to d2f.o(.text) for __aeabi_d2f
    myadc.o(i.Init_ADC_Single_Conv) refers to cfcmple.o(.text) for __aeabi_cfcmple
    myadc.o(i.Init_ADC_Single_Conv) refers to myadc.o(.constdata) for .constdata
    myusart.o(i.MyUSART_Active_IT) refers to myusart.o(.data) for HandlerUart1
    myusart.o(i.USART1_IRQHandler) refers to myusart.o(.data) for HandlerUart1
    myusart.o(i.USART2_IRQHandler) refers to myusart.o(.data) for HandlerUart2
    myusart.o(i.USART3_IRQHandler) refers to myusart.o(.data) for HandlerUart3
    bordage.o(i.IT_function) refers to mytimer.o(i.MyTimer_Write_CNT) for MyTimer_Write_CNT
    bordage.o(i.bordage_Init_Codeur) refers to mytimer.o(i.MyTimer_Base_Init) for MyTimer_Base_Init
    bordage.o(i.bordage_Init_Codeur) refers to mytimer.o(i.MyTimer_Incremental_Coder_Mode) for MyTimer_Incremental_Coder_Mode
    bordage.o(i.bordage_Init_Codeur) refers to driver_gpio.o(i.MyGPIO_Init) for MyGPIO_Init
    bordage.o(i.bordage_Init_Codeur) refers to driver_gpio.o(i.MyGPIO_Interrupt) for MyGPIO_Interrupt
    bordage.o(i.bordage_Init_Codeur) refers to bordage.o(.data) for MonTimer
    bordage.o(i.bordage_Init_Codeur) refers to bordage.o(i.IT_function) for IT_function
    bordage.o(i.bordage_Orienter_Servo) refers to mytimer.o(i.MyTimer_Set_DutyCycle) for MyTimer_Set_DutyCycle
    bordage.o(i.bordage_Orienter_Servo) refers to bordage.o(.data) for MonServo
    bordage.o(i.bordage_get_angle) refers to mytimer.o(i.MyTimer_Read_CNT) for MyTimer_Read_CNT
    bordage.o(i.bordage_init_servo) refers to driver_gpio.o(i.MyGPIO_Init) for MyGPIO_Init
    bordage.o(i.bordage_init_servo) refers to mytimer.o(i.MyTimer_Base_Init) for MyTimer_Base_Init
    bordage.o(i.bordage_init_servo) refers to mytimer.o(i.MyTimer_PWM) for MyTimer_PWM
    bordage.o(i.bordage_init_servo) refers to bordage.o(.data) for Timer_Output
    direction.o(i.USART_CallBack) refers to myusart.o(i.MyUSART_Get_Byte) for MyUSART_Get_Byte
    direction.o(i.USART_CallBack) refers to driver_gpio.o(i.MyGPIO_Reset) for MyGPIO_Reset
    direction.o(i.USART_CallBack) refers to driver_gpio.o(i.MyGPIO_Set) for MyGPIO_Set
    direction.o(i.USART_CallBack) refers to mytimer.o(i.MyTimer_PWM) for MyTimer_PWM
    direction.o(i.USART_CallBack) refers to mytimer.o(i.MyTimer_Set_DutyCycle) for MyTimer_Set_DutyCycle
    direction.o(i.USART_CallBack) refers to direction.o(.bss) for muart
    direction.o(i.USART_CallBack) refers to direction.o(.data) for monMess
    direction.o(i.direction_InitUart) refers to driver_gpio.o(i.MyGPIO_Init) for MyGPIO_Init
    direction.o(i.direction_InitUart) refers to mytimer.o(i.MyTimer_Base_Init) for MyTimer_Base_Init
    direction.o(i.direction_InitUart) refers to myusart.o(i.MyUSART_Init) for MyUSART_Init
    direction.o(i.direction_InitUart) refers to direction.o(.bss) for muart
    direction.o(i.direction_InitUart) refers to direction.o(.data) for bitsens
    direction.o(i.direction_Orienter_Bateau) refers to myusart.o(i.MyUSART_Active_IT) for MyUSART_Active_IT
    direction.o(i.direction_Orienter_Bateau) refers to direction.o(i.USART_CallBack) for USART_CallBack
    direction.o(i.direction_Orienter_Bateau) refers to direction.o(.bss) for muart
    timing.o(i.Timing_Ordre) refers to mytimer.o(i.MyTimer_Base_Init) for MyTimer_Base_Init
    timing.o(i.Timing_Ordre) refers to mytimer.o(i.MyTimer_ActiveIT) for MyTimer_ActiveIT
    timing.o(i.Timing_Ordre) refers to timing.o(.data) for MonTimer
    mytransmission.o(i.MyTransmission_BatterieFaible) refers to mytransmission.o(i.MyTransmission_NiveauBat) for MyTransmission_NiveauBat
    mytransmission.o(i.MyTransmission_InitADCbat) refers to myadc.o(i.Init_ADC_Single_Conv) for Init_ADC_Single_Conv
    mytransmission.o(i.MyTransmission_InitUart) refers to driver_gpio.o(i.MyGPIO_Init) for MyGPIO_Init
    mytransmission.o(i.MyTransmission_InitUart) refers to mytimer.o(i.MyTimer_Base_Init) for MyTimer_Base_Init
    mytransmission.o(i.MyTransmission_InitUart) refers to myusart.o(i.MyUSART_Init) for MyUSART_Init
    mytransmission.o(i.MyTransmission_InitUart) refers to mytransmission.o(.bss) for muart
    mytransmission.o(i.MyTransmission_InitUart) refers to mytransmission.o(.data) for bitsens
    mytransmission.o(i.MyTransmission_NiveauBat) refers to myadc.o(i.ADC_Start) for ADC_Start
    mytransmission.o(i.MyTransmission_Send) refers to mytransmission.o(i.MyTransmission_BatterieFaible) for MyTransmission_BatterieFaible
    mytransmission.o(i.MyTransmission_Send) refers to myusart.o(i.MyUSART_Send_Byte) for MyUSART_Send_Byte
    mytransmission.o(i.MyTransmission_Send) refers to mytransmission.o(i.toArray) for toArray
    mytransmission.o(i.MyTransmission_Send) refers to mytransmission.o(.constdata) for bat_faible
    mytransmission.o(i.MyTransmission_Send) refers to mytransmission.o(.bss) for muart
    mytransmission.o(i.toArray) refers to calloc.o(.text) for calloc
    startup_stm32f10x_md.o(RESET) refers to startup_stm32f10x_md.o(STACK) for __initial_sp
    startup_stm32f10x_md.o(RESET) refers to startup_stm32f10x_md.o(.text) for Reset_Handler
    startup_stm32f10x_md.o(RESET) refers to driver_gpio.o(i.EXTI0_IRQHandler) for EXTI0_IRQHandler
    startup_stm32f10x_md.o(RESET) refers to driver_gpio.o(i.EXTI1_IRQHandler) for EXTI1_IRQHandler
    startup_stm32f10x_md.o(RESET) refers to driver_gpio.o(i.EXTI2_IRQHandler) for EXTI2_IRQHandler
    startup_stm32f10x_md.o(RESET) refers to driver_gpio.o(i.EXTI3_IRQHandler) for EXTI3_IRQHandler
    startup_stm32f10x_md.o(RESET) refers to mytimer.o(i.TIM1_UP_IRQHandler) for TIM1_UP_IRQHandler
    startup_stm32f10x_md.o(RESET) refers to mytimer.o(i.TIM2_IRQHandler) for TIM2_IRQHandler
    startup_stm32f10x_md.o(RESET) refers to mytimer.o(i.TIM3_IRQHandler) for TIM3_IRQHandler
    startup_stm32f10x_md.o(RESET) refers to mytimer.o(i.TIM4_IRQHandler) for TIM4_IRQHandler
    startup_stm32f10x_md.o(RESET) refers to myusart.o(i.USART1_IRQHandler) for USART1_IRQHandler
    startup_stm32f10x_md.o(RESET) refers to myusart.o(i.USART2_IRQHandler) for USART2_IRQHandler
    startup_stm32f10x_md.o(RESET) refers to myusart.o(i.USART3_IRQHandler) for USART3_IRQHandler
    startup_stm32f10x_md.o(.text) refers to system_stm32f10x.o(i.SystemInit) for SystemInit
    startup_stm32f10x_md.o(.text) refers to entry.o(.ARM.Collect$$$$00000000) for __main
    system_stm32f10x.o(i.SetSysClock) refers to system_stm32f10x.o(i.SetSysClockTo72) for SetSysClockTo72
    system_stm32f10x.o(i.SystemCoreClockUpdate) refers to system_stm32f10x.o(.data) for SystemCoreClock
    system_stm32f10x.o(i.SystemInit) refers to system_stm32f10x.o(i.SetSysClock) for SetSysClock
    entry.o(.ARM.Collect$$$$00000000) refers (Special) to entry10a.o(.ARM.Collect$$$$0000000F) for __rt_final_cpp
    entry.o(.ARM.Collect$$$$00000000) refers (Special) to entry11a.o(.ARM.Collect$$$$00000011) for __rt_final_exit
    entry.o(.ARM.Collect$$$$00000000) refers (Special) to entry12b.o(.ARM.Collect$$$$0000000E) for __rt_lib_shutdown_fini
    entry.o(.ARM.Collect$$$$00000000) refers (Special) to entry7b.o(.ARM.Collect$$$$00000008) for _main_clock
    entry.o(.ARM.Collect$$$$00000000) refers (Special) to entry8b.o(.ARM.Collect$$$$0000000A) for _main_cpp_init
    entry.o(.ARM.Collect$$$$00000000) refers (Special) to entry9a.o(.ARM.Collect$$$$0000000B) for _main_init
    entry.o(.ARM.Collect$$$$00000000) refers (Special) to entry5.o(.ARM.Collect$$$$00000004) for _main_scatterload
    entry.o(.ARM.Collect$$$$00000000) refers (Special) to entry2.o(.ARM.Collect$$$$00000001) for _main_stk
    calloc.o(.text) refers to malloc.o(i.malloc) for malloc
    fadd.o(.text) refers (Special) to iusefp.o(.text) for __I$use$fp
    fadd.o(.text) refers to fepilogue.o(.text) for _float_epilogue
    ffltui.o(.text) refers (Special) to iusefp.o(.text) for __I$use$fp
    ffltui.o(.text) refers to fepilogue.o(.text) for _float_epilogue
    f2d.o(.text) refers (Special) to iusefp.o(.text) for __I$use$fp
    d2f.o(.text) refers (Special) to iusefp.o(.text) for __I$use$fp
    d2f.o(.text) refers to fepilogue.o(.text) for _float_round
    cfcmple.o(.text) refers (Special) to iusefp.o(.text) for __I$use$fp
    entry2.o(.ARM.Collect$$$$00000001) refers to entry2.o(.ARM.Collect$$$$00002712) for __lit__00000000
    entry2.o(.ARM.Collect$$$$00002712) refers to startup_stm32f10x_md.o(STACK) for __initial_sp
    entry2.o(__vectab_stack_and_reset_area) refers to startup_stm32f10x_md.o(STACK) for __initial_sp
    entry2.o(__vectab_stack_and_reset_area) refers to entry.o(.ARM.Collect$$$$00000000) for __main
    entry5.o(.ARM.Collect$$$$00000004) refers to init.o(.text) for __scatterload
    entry9a.o(.ARM.Collect$$$$0000000B) refers to principale.o(i.main) for main
    entry9b.o(.ARM.Collect$$$$0000000C) refers to principale.o(i.main) for main
    malloc.o(i.free) refers to mvars.o(.data) for __microlib_freelist
    malloc.o(i.malloc) refers to mvars.o(.data) for __microlib_freelist_initialised
    malloc.o(i.malloc) refers to mvars.o(.data) for __microlib_freelist
    malloc.o(i.malloc) refers to startup_stm32f10x_md.o(HEAP) for __heap_base
    mallocr.o(i.__free$realloc) refers to mvars.o(.data) for __microlib_freelist
    mallocr.o(i.__malloc$realloc) refers to mallocr.o(i.internal_alloc) for internal_alloc
    mallocr.o(i.__malloc$realloc) refers to mvars.o(.data) for __microlib_freelist_initialised
    mallocr.o(i.__malloc$realloc) refers to startup_stm32f10x_md.o(HEAP) for __heap_base
    mallocr.o(i.__malloc$realloc) refers to mvars.o(.data) for __microlib_freelist
    mallocr.o(i.internal_alloc) refers to memcpya.o(.text) for __aeabi_memcpy
    mallocr.o(i.internal_alloc) refers to mvars.o(.data) for __microlib_freelist
    mallocr.o(i.realloc) refers to mallocr.o(i.__free$realloc) for __free$realloc
    mallocr.o(i.realloc) refers to mallocr.o(i.internal_alloc) for internal_alloc
    mallocr.o(i.realloc) refers to mallocr.o(i.__malloc$realloc) for __malloc$realloc
    mallocr.o(i.realloc) refers to mvars.o(.data) for __microlib_freelist
    malloca.o(i.__aligned_malloc) refers to mvars.o(.data) for __microlib_freelist_initialised
    malloca.o(i.__aligned_malloc) refers to mvars.o(.data) for __microlib_freelist
    malloca.o(i.__aligned_malloc) refers to startup_stm32f10x_md.o(HEAP) for __heap_base
    malloca.o(i.__free$memalign) refers to mvars.o(.data) for __microlib_freelist
    malloca.o(i.__malloc$memalign) refers to malloca.o(i.__aligned_malloc) for __aligned_malloc
    mallocra.o(i.__aligned_malloc$realloc) refers to mallocra.o(i.internal_alloc) for internal_alloc
    mallocra.o(i.__aligned_malloc$realloc) refers to mvars.o(.data) for __microlib_freelist_initialised
    mallocra.o(i.__aligned_malloc$realloc) refers to startup_stm32f10x_md.o(HEAP) for __heap_base
    mallocra.o(i.__aligned_malloc$realloc) refers to mvars.o(.data) for __microlib_freelist
    mallocra.o(i.__free$realloc$memalign) refers to mvars.o(.data) for __microlib_freelist
    mallocra.o(i.__malloc$realloc$memalign) refers to mallocra.o(i.__aligned_malloc$realloc) for __aligned_malloc$realloc
    mallocra.o(i.__realloc$memalign) refers to mallocra.o(i.__free$realloc$memalign) for __free$realloc$memalign
    mallocra.o(i.__realloc$memalign) refers to mallocra.o(i.internal_alloc) for internal_alloc
    mallocra.o(i.__realloc$memalign) refers to mallocra.o(i.__malloc$realloc$memalign) for __malloc$realloc$memalign
    mallocra.o(i.__realloc$memalign) refers to mvars.o(.data) for __microlib_freelist
    mallocra.o(i.internal_alloc) refers to memcpya.o(.text) for __aeabi_memcpy
    mallocra.o(i.internal_alloc) refers to mvars.o(.data) for __microlib_freelist
    init.o(.text) refers to entry5.o(.ARM.Collect$$$$00000004) for __main_after_scatterload


==============================================================================

Removing Unused input sections from the image.

    Removing principale.o(.rev16_text), (4 bytes).
    Removing principale.o(.revsh_text), (4 bytes).
    Removing principale.o(.rrx_text), (6 bytes).
    Removing mytimer.o(.rev16_text), (4 bytes).
    Removing mytimer.o(.revsh_text), (4 bytes).
    Removing mytimer.o(.rrx_text), (6 bytes).
    Removing driver_gpio.o(.rev16_text), (4 bytes).
    Removing driver_gpio.o(.revsh_text), (4 bytes).
    Removing driver_gpio.o(.rrx_text), (6 bytes).
    Removing driver_gpio.o(i.MyGPIO_Read), (12 bytes).
    Removing driver_gpio.o(i.MyGPIO_Toggle), (12 bytes).
    Removing myadc.o(.rev16_text), (4 bytes).
    Removing myadc.o(.revsh_text), (4 bytes).
    Removing myadc.o(.rrx_text), (6 bytes).
    Removing myusart.o(.rev16_text), (4 bytes).
    Removing myusart.o(.revsh_text), (4 bytes).
    Removing myusart.o(.rrx_text), (6 bytes).
    Removing bordage.o(.rev16_text), (4 bytes).
    Removing bordage.o(.revsh_text), (4 bytes).
    Removing bordage.o(.rrx_text), (6 bytes).
    Removing direction.o(.rev16_text), (4 bytes).
    Removing direction.o(.revsh_text), (4 bytes).
    Removing direction.o(.rrx_text), (6 bytes).
    Removing timing.o(.rev16_text), (4 bytes).
    Removing timing.o(.revsh_text), (4 bytes).
    Removing timing.o(.rrx_text), (6 bytes).
    Removing mytransmission.o(.rev16_text), (4 bytes).
    Removing mytransmission.o(.revsh_text), (4 bytes).
    Removing mytransmission.o(.rrx_text), (6 bytes).
    Removing system_stm32f10x.o(.rev16_text), (4 bytes).
    Removing system_stm32f10x.o(.revsh_text), (4 bytes).
    Removing system_stm32f10x.o(.rrx_text), (6 bytes).
    Removing system_stm32f10x.o(i.SystemCoreClockUpdate), (164 bytes).
    Removing system_stm32f10x.o(.data), (20 bytes).

34 unused section(s) (total 348 bytes) removed from the image.

==============================================================================

Image Symbol Table

    Local Symbols

    Symbol Name                              Value     Ov Type        Size  Object(Section)

    ../clib/microlib/init/entry.s            0x00000000   Number         0  entry12a.o ABSOLUTE
    ../clib/microlib/init/entry.s            0x00000000   Number         0  entry9b.o ABSOLUTE
    ../clib/microlib/init/entry.s            0x00000000   Number         0  entry2.o ABSOLUTE
    ../clib/microlib/init/entry.s            0x00000000   Number         0  entry7b.o ABSOLUTE
    ../clib/microlib/init/entry.s            0x00000000   Number         0  entry10a.o ABSOLUTE
    ../clib/microlib/init/entry.s            0x00000000   Number         0  entry10b.o ABSOLUTE
    ../clib/microlib/init/entry.s            0x00000000   Number         0  entry11a.o ABSOLUTE
    ../clib/microlib/init/entry.s            0x00000000   Number         0  entry7a.o ABSOLUTE
    ../clib/microlib/init/entry.s            0x00000000   Number         0  entry11b.o ABSOLUTE
    ../clib/microlib/init/entry.s            0x00000000   Number         0  entry.o ABSOLUTE
    ../clib/microlib/init/entry.s            0x00000000   Number         0  entry5.o ABSOLUTE
    ../clib/microlib/init/entry.s            0x00000000   Number         0  entry12b.o ABSOLUTE
    ../clib/microlib/init/entry.s            0x00000000   Number         0  entry9a.o ABSOLUTE
    ../clib/microlib/init/entry.s            0x00000000   Number         0  entry8b.o ABSOLUTE
    ../clib/microlib/init/entry.s            0x00000000   Number         0  entry8a.o ABSOLUTE
    ../clib/microlib/malloc/calloc.c         0x00000000   Number         0  calloc.o ABSOLUTE
    ../clib/microlib/malloc/malloc.c         0x00000000   Number         0  malloc.o ABSOLUTE
    ../clib/microlib/malloc/malloc.c         0x00000000   Number         0  mallocr.o ABSOLUTE
    ../clib/microlib/malloc/malloc.c         0x00000000   Number         0  malloca.o ABSOLUTE
    ../clib/microlib/malloc/malloc.c         0x00000000   Number         0  mallocra.o ABSOLUTE
    ../clib/microlib/malloc/mvars.c          0x00000000   Number         0  mvars.o ABSOLUTE
    ../clib/microlib/string/memcpy.c         0x00000000   Number         0  memcpyb.o ABSOLUTE
    ../clib/microlib/string/memcpy.c         0x00000000   Number         0  memcpya.o ABSOLUTE
    ../clib/microlib/stubs.s                 0x00000000   Number         0  iusefp.o ABSOLUTE
    ../fplib/microlib/d2f.c                  0x00000000   Number         0  d2f.o ABSOLUTE
    ../fplib/microlib/f2d.c                  0x00000000   Number         0  f2d.o ABSOLUTE
    ../fplib/microlib/fpadd.c                0x00000000   Number         0  fadd.o ABSOLUTE
    ../fplib/microlib/fpepilogue.c           0x00000000   Number         0  fepilogue.o ABSOLUTE
    ../fplib/microlib/fpflt.c                0x00000000   Number         0  ffltui.o ABSOLUTE
    ..\Drivers\Driver_GPIO.c                 0x00000000   Number         0  driver_gpio.o ABSOLUTE
    ..\Drivers\MyADC.c                       0x00000000   Number         0  myadc.o ABSOLUTE
    ..\Drivers\MyTimer.c                     0x00000000   Number         0  mytimer.o ABSOLUTE
    ..\Drivers\MyUSART.c                     0x00000000   Number         0  myusart.o ABSOLUTE
    ..\Services\MyTransmission.c             0x00000000   Number         0  mytransmission.o ABSOLUTE
    ..\Services\Timing.c                     0x00000000   Number         0  timing.o ABSOLUTE
    ..\Services\bordage.c                    0x00000000   Number         0  bordage.o ABSOLUTE
    ..\Services\direction.c                  0x00000000   Number         0  direction.o ABSOLUTE
    ..\\Drivers\\Driver_GPIO.c               0x00000000   Number         0  driver_gpio.o ABSOLUTE
    ..\\Drivers\\MyADC.c                     0x00000000   Number         0  myadc.o ABSOLUTE
    ..\\Drivers\\MyTimer.c                   0x00000000   Number         0  mytimer.o ABSOLUTE
    ..\\Drivers\\MyUSART.c                   0x00000000   Number         0  myusart.o ABSOLUTE
    ..\\Services\\MyTransmission.c           0x00000000   Number         0  mytransmission.o ABSOLUTE
    ..\\Services\\Timing.c                   0x00000000   Number         0  timing.o ABSOLUTE
    ..\\Services\\bordage.c                  0x00000000   Number         0  bordage.o ABSOLUTE
    ..\\Services\\direction.c                0x00000000   Number         0  direction.o ABSOLUTE
    MesSources\\principale.c                 0x00000000   Number         0  principale.o ABSOLUTE
    MesSources\principale.c                  0x00000000   Number         0  principale.o ABSOLUTE
    RTE\Device\STM32F103RB\startup_stm32f10x_md.s 0x00000000   Number         0  startup_stm32f10x_md.o ABSOLUTE
    RTE\Device\STM32F103RB\system_stm32f10x.c 0x00000000   Number         0  system_stm32f10x.o ABSOLUTE
    RTE\\Device\\STM32F103RB\\system_stm32f10x.c 0x00000000   Number         0  system_stm32f10x.o ABSOLUTE
    cfcmple.s                                0x00000000   Number         0  cfcmple.o ABSOLUTE
    dc.s                                     0x00000000   Number         0  dc.o ABSOLUTE
    handlers.s                               0x00000000   Number         0  handlers.o ABSOLUTE
    init.s                                   0x00000000   Number         0  init.o ABSOLUTE
    RESET                                    0x08000000   Section      236  startup_stm32f10x_md.o(RESET)
    .ARM.Collect$$$$00000000                 0x080000ec   Section        0  entry.o(.ARM.Collect$$$$00000000)
    .ARM.Collect$$$$00000001                 0x080000ec   Section        4  entry2.o(.ARM.Collect$$$$00000001)
    .ARM.Collect$$$$00000004                 0x080000f0   Section        4  entry5.o(.ARM.Collect$$$$00000004)
    .ARM.Collect$$$$00000008                 0x080000f4   Section        0  entry7b.o(.ARM.Collect$$$$00000008)
    .ARM.Collect$$$$0000000A                 0x080000f4   Section        0  entry8b.o(.ARM.Collect$$$$0000000A)
    .ARM.Collect$$$$0000000B                 0x080000f4   Section        8  entry9a.o(.ARM.Collect$$$$0000000B)
    .ARM.Collect$$$$0000000E                 0x080000fc   Section        4  entry12b.o(.ARM.Collect$$$$0000000E)
    .ARM.Collect$$$$0000000F                 0x08000100   Section        0  entry10a.o(.ARM.Collect$$$$0000000F)
    .ARM.Collect$$$$00000011                 0x08000100   Section        0  entry11a.o(.ARM.Collect$$$$00000011)
    .ARM.Collect$$$$00002712                 0x08000100   Section        4  entry2.o(.ARM.Collect$$$$00002712)
    __lit__00000000                          0x08000100   Data           4  entry2.o(.ARM.Collect$$$$00002712)
    .text                                    0x08000104   Section       36  startup_stm32f10x_md.o(.text)
    .text                                    0x08000128   Section        0  memcpya.o(.text)
    .text                                    0x0800014c   Section        0  calloc.o(.text)
    .text                                    0x08000168   Section        0  fadd.o(.text)
    .text                                    0x08000218   Section        0  ffltui.o(.text)
    .text                                    0x08000222   Section        0  f2d.o(.text)
    .text                                    0x08000248   Section        0  d2f.o(.text)
    .text                                    0x08000280   Section       20  cfcmple.o(.text)
    .text                                    0x08000294   Section        0  iusefp.o(.text)
    .text                                    0x08000294   Section        0  fepilogue.o(.text)
    .text                                    0x08000304   Section       36  init.o(.text)
    i.ADC_Start                              0x08000328   Section        0  myadc.o(i.ADC_Start)
    i.EXTI0_IRQHandler                       0x08000354   Section        0  driver_gpio.o(i.EXTI0_IRQHandler)
    i.EXTI1_IRQHandler                       0x08000378   Section        0  driver_gpio.o(i.EXTI1_IRQHandler)
    i.EXTI2_IRQHandler                       0x0800039c   Section        0  driver_gpio.o(i.EXTI2_IRQHandler)
    i.EXTI3_IRQHandler                       0x080003c0   Section        0  driver_gpio.o(i.EXTI3_IRQHandler)
    i.IT_function                            0x080003e4   Section        0  bordage.o(i.IT_function)
    i.Init_ADC_Single_Conv                   0x080003f4   Section        0  myadc.o(i.Init_ADC_Single_Conv)
    i.MyGPIO_Init                            0x080004f4   Section        0  driver_gpio.o(i.MyGPIO_Init)
    i.MyGPIO_Interrupt                       0x08000630   Section        0  driver_gpio.o(i.MyGPIO_Interrupt)
    i.MyGPIO_Reset                           0x08000738   Section        0  driver_gpio.o(i.MyGPIO_Reset)
    i.MyGPIO_Set                             0x08000740   Section        0  driver_gpio.o(i.MyGPIO_Set)
    i.MyTimer_ActiveIT                       0x08000748   Section        0  mytimer.o(i.MyTimer_ActiveIT)
    i.MyTimer_Base_Init                      0x08000844   Section        0  mytimer.o(i.MyTimer_Base_Init)
    i.MyTimer_Incremental_Coder_Mode         0x080008e0   Section        0  mytimer.o(i.MyTimer_Incremental_Coder_Mode)
    i.MyTimer_PWM                            0x0800094c   Section        0  mytimer.o(i.MyTimer_PWM)
    i.MyTimer_Read_CNT                       0x080009e0   Section        0  mytimer.o(i.MyTimer_Read_CNT)
    i.MyTimer_Set_DutyCycle                  0x080009e6   Section        0  mytimer.o(i.MyTimer_Set_DutyCycle)
    i.MyTimer_Write_CNT                      0x08000a20   Section        0  mytimer.o(i.MyTimer_Write_CNT)
    i.MyTransmission_BatterieFaible          0x08000a24   Section        0  mytransmission.o(i.MyTransmission_BatterieFaible)
    i.MyTransmission_InitADCbat              0x08000a48   Section        0  mytransmission.o(i.MyTransmission_InitADCbat)
    i.MyTransmission_InitUart                0x08000a5c   Section        0  mytransmission.o(i.MyTransmission_InitUart)
    i.MyTransmission_NiveauBat               0x08000b04   Section        0  mytransmission.o(i.MyTransmission_NiveauBat)
    i.MyTransmission_Send                    0x08000b1c   Section        0  mytransmission.o(i.MyTransmission_Send)
    i.MyUSART_Active_IT                      0x08000be8   Section        0  myusart.o(i.MyUSART_Active_IT)
    i.MyUSART_Get_Byte                       0x08000c8c   Section        0  myusart.o(i.MyUSART_Get_Byte)
    i.MyUSART_Init                           0x08000c94   Section        0  myusart.o(i.MyUSART_Init)
    i.MyUSART_Send_Byte                      0x08000d4c   Section        0  myusart.o(i.MyUSART_Send_Byte)
    i.Ordonnancement                         0x08000d50   Section        0  principale.o(i.Ordonnancement)
    i.SetSysClock                            0x08000d8c   Section        0  system_stm32f10x.o(i.SetSysClock)
    SetSysClock                              0x08000d8d   Thumb Code     8  system_stm32f10x.o(i.SetSysClock)
    i.SetSysClockTo72                        0x08000d94   Section        0  system_stm32f10x.o(i.SetSysClockTo72)
    SetSysClockTo72                          0x08000d95   Thumb Code   214  system_stm32f10x.o(i.SetSysClockTo72)
    i.SystemInit                             0x08000e74   Section        0  system_stm32f10x.o(i.SystemInit)
    i.TIM1_UP_IRQHandler                     0x08000ed4   Section        0  mytimer.o(i.TIM1_UP_IRQHandler)
    i.TIM2_IRQHandler                        0x08000ef8   Section        0  mytimer.o(i.TIM2_IRQHandler)
    i.TIM3_IRQHandler                        0x08000f1c   Section        0  mytimer.o(i.TIM3_IRQHandler)
    i.TIM4_IRQHandler                        0x08000f40   Section        0  mytimer.o(i.TIM4_IRQHandler)
    i.Timing_Ordre                           0x08000f64   Section        0  timing.o(i.Timing_Ordre)
    i.USART1_IRQHandler                      0x08000fa0   Section        0  myusart.o(i.USART1_IRQHandler)
    i.USART2_IRQHandler                      0x08000fc4   Section        0  myusart.o(i.USART2_IRQHandler)
    i.USART3_IRQHandler                      0x08000fe8   Section        0  myusart.o(i.USART3_IRQHandler)
    i.USART_CallBack                         0x0800100c   Section        0  direction.o(i.USART_CallBack)
    i.__scatterload_copy                     0x0800108c   Section       14  handlers.o(i.__scatterload_copy)
    i.__scatterload_null                     0x0800109a   Section        2  handlers.o(i.__scatterload_null)
    i.__scatterload_zeroinit                 0x0800109c   Section       14  handlers.o(i.__scatterload_zeroinit)
    i.bordage_Init_Codeur                    0x080010ac   Section        0  bordage.o(i.bordage_Init_Codeur)
    i.bordage_Orienter_Servo                 0x08001110   Section        0  bordage.o(i.bordage_Orienter_Servo)
    i.bordage_calcul_rapport_cyclique        0x08001128   Section        0  bordage.o(i.bordage_calcul_rapport_cyclique)
    i.bordage_get_angle                      0x0800115c   Section        0  bordage.o(i.bordage_get_angle)
    i.bordage_init_servo                     0x08001168   Section        0  bordage.o(i.bordage_init_servo)
    i.direction_InitUart                     0x080011c0   Section        0  direction.o(i.direction_InitUart)
    i.direction_Orienter_Bateau              0x08001268   Section        0  direction.o(i.direction_Orienter_Bateau)
    i.main                                   0x0800127c   Section        0  principale.o(i.main)
    i.malloc                                 0x080012b4   Section        0  malloc.o(i.malloc)
    i.toArray                                0x08001320   Section        0  mytransmission.o(i.toArray)
    .constdata                               0x08001358   Section       64  myadc.o(.constdata)
    .constdata                               0x08001398   Section       22  mytransmission.o(.constdata)
    bat_faible                               0x08001398   Data          15  mytransmission.o(.constdata)
    msg_angle                                0x080013a7   Data           7  mytransmission.o(.constdata)
    .data                                    0x20000000   Section        4  principale.o(.data)
    i                                        0x20000000   Data           4  principale.o(.data)
    .data                                    0x20000004   Section       16  mytimer.o(.data)
    HandlerContent1                          0x20000004   Data           4  mytimer.o(.data)
    HandlerContent2                          0x20000008   Data           4  mytimer.o(.data)
    HandlerContent3                          0x2000000c   Data           4  mytimer.o(.data)
    HandlerContent4                          0x20000010   Data           4  mytimer.o(.data)
    .data                                    0x20000014   Section       16  driver_gpio.o(.data)
    HandlerContent0                          0x20000014   Data           4  driver_gpio.o(.data)
    HandlerContent1                          0x20000018   Data           4  driver_gpio.o(.data)
    HandlerContent2                          0x2000001c   Data           4  driver_gpio.o(.data)
    HandlerContent3                          0x20000020   Data           4  driver_gpio.o(.data)
    .data                                    0x20000024   Section       12  myusart.o(.data)
    HandlerUart1                             0x20000024   Data           4  myusart.o(.data)
    HandlerUart2                             0x20000028   Data           4  myusart.o(.data)
    HandlerUart3                             0x2000002c   Data           4  myusart.o(.data)
    .data                                    0x20000030   Section       32  bordage.o(.data)
    MonTimer                                 0x20000030   Data           8  bordage.o(.data)
    MonServo                                 0x20000038   Data           8  bordage.o(.data)
    Timer_Output                             0x20000040   Data           8  bordage.o(.data)
    Coder_Index                              0x20000048   Data           8  bordage.o(.data)
    .data                                    0x20000050   Section       41  direction.o(.data)
    servo                                    0x20000050   Data           8  direction.o(.data)
    bitsens                                  0x20000058   Data           8  direction.o(.data)
    uartTx                                   0x20000060   Data           8  direction.o(.data)
    uartRx                                   0x20000068   Data           8  direction.o(.data)
    timServo                                 0x20000070   Data           8  direction.o(.data)
    .data                                    0x2000007c   Section        8  timing.o(.data)
    MonTimer                                 0x2000007c   Data           8  timing.o(.data)
    .data                                    0x20000084   Section       40  mytransmission.o(.data)
    servo                                    0x20000084   Data           8  mytransmission.o(.data)
    bitsens                                  0x2000008c   Data           8  mytransmission.o(.data)
    uartTx                                   0x20000094   Data           8  mytransmission.o(.data)
    uartRx                                   0x2000009c   Data           8  mytransmission.o(.data)
    timServo                                 0x200000a4   Data           8  mytransmission.o(.data)
    .data                                    0x200000ac   Section        4  mvars.o(.data)
    .data                                    0x200000b0   Section        4  mvars.o(.data)
    .bss                                     0x200000b4   Section       12  direction.o(.bss)
    muart                                    0x200000b4   Data          12  direction.o(.bss)
    .bss                                     0x200000c0   Section       12  mytransmission.o(.bss)
    muart                                    0x200000c0   Data          12  mytransmission.o(.bss)
    HEAP                                     0x200000d0   Section      512  startup_stm32f10x_md.o(HEAP)
    STACK                                    0x200002d0   Section     1024  startup_stm32f10x_md.o(STACK)

    Global Symbols

    Symbol Name                              Value     Ov Type        Size  Object(Section)

    BuildAttributes$$THM_ISAv4$P$D$K$B$S$PE$A:L22UL41UL21$X:L11$S22US41US21$IEEE1$IW$USESV6$~STKCKD$USESV7$~SHL$OTIME$ROPI$EBA8$MICROLIB$REQ8$PRES8$EABIv2 0x00000000   Number         0  anon$$obj.o ABSOLUTE
    __ARM_use_no_argv                        0x00000000   Number         0  principale.o ABSOLUTE
    __arm_fini_                               - Undefined Weak Reference
    __cpp_initialize__aeabi_                  - Undefined Weak Reference
    __cxa_finalize                            - Undefined Weak Reference
    __decompress                              - Undefined Weak Reference
    _clock_init                               - Undefined Weak Reference
    _microlib_exit                            - Undefined Weak Reference
    __Vectors_Size                           0x000000ec   Number         0  startup_stm32f10x_md.o ABSOLUTE
    __Vectors                                0x08000000   Data           4  startup_stm32f10x_md.o(RESET)
    __Vectors_End                            0x080000ec   Data           0  startup_stm32f10x_md.o(RESET)
    __main                                   0x080000ed   Thumb Code     0  entry.o(.ARM.Collect$$$$00000000)
    _main_stk                                0x080000ed   Thumb Code     0  entry2.o(.ARM.Collect$$$$00000001)
    _main_scatterload                        0x080000f1   Thumb Code     0  entry5.o(.ARM.Collect$$$$00000004)
    __main_after_scatterload                 0x080000f5   Thumb Code     0  entry5.o(.ARM.Collect$$$$00000004)
    _main_clock                              0x080000f5   Thumb Code     0  entry7b.o(.ARM.Collect$$$$00000008)
    _main_cpp_init                           0x080000f5   Thumb Code     0  entry8b.o(.ARM.Collect$$$$0000000A)
    _main_init                               0x080000f5   Thumb Code     0  entry9a.o(.ARM.Collect$$$$0000000B)
    __rt_lib_shutdown_fini                   0x080000fd   Thumb Code     0  entry12b.o(.ARM.Collect$$$$0000000E)
    __rt_final_cpp                           0x08000101   Thumb Code     0  entry10a.o(.ARM.Collect$$$$0000000F)
    __rt_final_exit                          0x08000101   Thumb Code     0  entry11a.o(.ARM.Collect$$$$00000011)
    Reset_Handler                            0x08000105   Thumb Code     8  startup_stm32f10x_md.o(.text)
    NMI_Handler                              0x0800010d   Thumb Code     2  startup_stm32f10x_md.o(.text)
    HardFault_Handler                        0x0800010f   Thumb Code     2  startup_stm32f10x_md.o(.text)
    MemManage_Handler                        0x08000111   Thumb Code     2  startup_stm32f10x_md.o(.text)
    BusFault_Handler                         0x08000113   Thumb Code     2  startup_stm32f10x_md.o(.text)
    UsageFault_Handler                       0x08000115   Thumb Code     2  startup_stm32f10x_md.o(.text)
    SVC_Handler                              0x08000117   Thumb Code     2  startup_stm32f10x_md.o(.text)
    DebugMon_Handler                         0x08000119   Thumb Code     2  startup_stm32f10x_md.o(.text)
    PendSV_Handler                           0x0800011b   Thumb Code     2  startup_stm32f10x_md.o(.text)
    SysTick_Handler                          0x0800011d   Thumb Code     2  startup_stm32f10x_md.o(.text)
    ADC1_2_IRQHandler                        0x0800011f   Thumb Code     0  startup_stm32f10x_md.o(.text)
    CAN1_RX1_IRQHandler                      0x0800011f   Thumb Code     0  startup_stm32f10x_md.o(.text)
    CAN1_SCE_IRQHandler                      0x0800011f   Thumb Code     0  startup_stm32f10x_md.o(.text)
    DMA1_Channel1_IRQHandler                 0x0800011f   Thumb Code     0  startup_stm32f10x_md.o(.text)
    DMA1_Channel2_IRQHandler                 0x0800011f   Thumb Code     0  startup_stm32f10x_md.o(.text)
    DMA1_Channel3_IRQHandler                 0x0800011f   Thumb Code     0  startup_stm32f10x_md.o(.text)
    DMA1_Channel4_IRQHandler                 0x0800011f   Thumb Code     0  startup_stm32f10x_md.o(.text)
    DMA1_Channel5_IRQHandler                 0x0800011f   Thumb Code     0  startup_stm32f10x_md.o(.text)
    DMA1_Channel6_IRQHandler                 0x0800011f   Thumb Code     0  startup_stm32f10x_md.o(.text)
    DMA1_Channel7_IRQHandler                 0x0800011f   Thumb Code     0  startup_stm32f10x_md.o(.text)
    EXTI15_10_IRQHandler                     0x0800011f   Thumb Code     0  startup_stm32f10x_md.o(.text)
    EXTI4_IRQHandler                         0x0800011f   Thumb Code     0  startup_stm32f10x_md.o(.text)
    EXTI9_5_IRQHandler                       0x0800011f   Thumb Code     0  startup_stm32f10x_md.o(.text)
    FLASH_IRQHandler                         0x0800011f   Thumb Code     0  startup_stm32f10x_md.o(.text)
    I2C1_ER_IRQHandler                       0x0800011f   Thumb Code     0  startup_stm32f10x_md.o(.text)
    I2C1_EV_IRQHandler                       0x0800011f   Thumb Code     0  startup_stm32f10x_md.o(.text)
    I2C2_ER_IRQHandler                       0x0800011f   Thumb Code     0  startup_stm32f10x_md.o(.text)
    I2C2_EV_IRQHandler                       0x0800011f   Thumb Code     0  startup_stm32f10x_md.o(.text)
    PVD_IRQHandler                           0x0800011f   Thumb Code     0  startup_stm32f10x_md.o(.text)
    RCC_IRQHandler                           0x0800011f   Thumb Code     0  startup_stm32f10x_md.o(.text)
    RTCAlarm_IRQHandler                      0x0800011f   Thumb Code     0  startup_stm32f10x_md.o(.text)
    RTC_IRQHandler                           0x0800011f   Thumb Code     0  startup_stm32f10x_md.o(.text)
    SPI1_IRQHandler                          0x0800011f   Thumb Code     0  startup_stm32f10x_md.o(.text)
    SPI2_IRQHandler                          0x0800011f   Thumb Code     0  startup_stm32f10x_md.o(.text)
    TAMPER_IRQHandler                        0x0800011f   Thumb Code     0  startup_stm32f10x_md.o(.text)
    TIM1_BRK_IRQHandler                      0x0800011f   Thumb Code     0  startup_stm32f10x_md.o(.text)
    TIM1_CC_IRQHandler                       0x0800011f   Thumb Code     0  startup_stm32f10x_md.o(.text)
    TIM1_TRG_COM_IRQHandler                  0x0800011f   Thumb Code     0  startup_stm32f10x_md.o(.text)
    USBWakeUp_IRQHandler                     0x0800011f   Thumb Code     0  startup_stm32f10x_md.o(.text)
    USB_HP_CAN1_TX_IRQHandler                0x0800011f   Thumb Code     0  startup_stm32f10x_md.o(.text)
    USB_LP_CAN1_RX0_IRQHandler               0x0800011f   Thumb Code     0  startup_stm32f10x_md.o(.text)
    WWDG_IRQHandler                          0x0800011f   Thumb Code     0  startup_stm32f10x_md.o(.text)
    __aeabi_memcpy                           0x08000129   Thumb Code    36  memcpya.o(.text)
    __aeabi_memcpy4                          0x08000129   Thumb Code     0  memcpya.o(.text)
    __aeabi_memcpy8                          0x08000129   Thumb Code     0  memcpya.o(.text)
    calloc                                   0x0800014d   Thumb Code    28  calloc.o(.text)
    __aeabi_fadd                             0x08000169   Thumb Code   164  fadd.o(.text)
    __aeabi_fsub                             0x0800020d   Thumb Code     6  fadd.o(.text)
    __aeabi_frsub                            0x08000213   Thumb Code     6  fadd.o(.text)
    __aeabi_ui2f                             0x08000219   Thumb Code    10  ffltui.o(.text)
    __aeabi_f2d                              0x08000223   Thumb Code    38  f2d.o(.text)
    __aeabi_d2f                              0x08000249   Thumb Code    56  d2f.o(.text)
    __aeabi_cfcmpeq                          0x08000281   Thumb Code     0  cfcmple.o(.text)
    __aeabi_cfcmple                          0x08000281   Thumb Code    20  cfcmple.o(.text)
    __I$use$fp                               0x08000295   Thumb Code     0  iusefp.o(.text)
    _float_round                             0x08000295   Thumb Code    18  fepilogue.o(.text)
    _float_epilogue                          0x080002a7   Thumb Code    92  fepilogue.o(.text)
    __scatterload                            0x08000305   Thumb Code    28  init.o(.text)
    __scatterload_rt2                        0x08000305   Thumb Code     0  init.o(.text)
    ADC_Start                                0x08000329   Thumb Code    44  myadc.o(i.ADC_Start)
    EXTI0_IRQHandler                         0x08000355   Thumb Code    28  driver_gpio.o(i.EXTI0_IRQHandler)
    EXTI1_IRQHandler                         0x08000379   Thumb Code    28  driver_gpio.o(i.EXTI1_IRQHandler)
    EXTI2_IRQHandler                         0x0800039d   Thumb Code    28  driver_gpio.o(i.EXTI2_IRQHandler)
    EXTI3_IRQHandler                         0x080003c1   Thumb Code    28  driver_gpio.o(i.EXTI3_IRQHandler)
    IT_function                              0x080003e5   Thumb Code    14  bordage.o(i.IT_function)
    Init_ADC_Single_Conv                     0x080003f5   Thumb Code   242  myadc.o(i.Init_ADC_Single_Conv)
    MyGPIO_Init                              0x080004f5   Thumb Code   296  driver_gpio.o(i.MyGPIO_Init)
    MyGPIO_Interrupt                         0x08000631   Thumb Code   210  driver_gpio.o(i.MyGPIO_Interrupt)
    MyGPIO_Reset                             0x08000739   Thumb Code     8  driver_gpio.o(i.MyGPIO_Reset)
    MyGPIO_Set                               0x08000741   Thumb Code     8  driver_gpio.o(i.MyGPIO_Set)
    MyTimer_ActiveIT                         0x08000749   Thumb Code   216  mytimer.o(i.MyTimer_ActiveIT)
    MyTimer_Base_Init                        0x08000845   Thumb Code   140  mytimer.o(i.MyTimer_Base_Init)
    MyTimer_Incremental_Coder_Mode           0x080008e1   Thumb Code   106  mytimer.o(i.MyTimer_Incremental_Coder_Mode)
    MyTimer_PWM                              0x0800094d   Thumb Code   142  mytimer.o(i.MyTimer_PWM)
    MyTimer_Read_CNT                         0x080009e1   Thumb Code     6  mytimer.o(i.MyTimer_Read_CNT)
    MyTimer_Set_DutyCycle                    0x080009e7   Thumb Code    58  mytimer.o(i.MyTimer_Set_DutyCycle)
    MyTimer_Write_CNT                        0x08000a21   Thumb Code     4  mytimer.o(i.MyTimer_Write_CNT)
    MyTransmission_BatterieFaible            0x08000a25   Thumb Code    36  mytransmission.o(i.MyTransmission_BatterieFaible)
    MyTransmission_InitADCbat                0x08000a49   Thumb Code    14  mytransmission.o(i.MyTransmission_InitADCbat)
    MyTransmission_InitUart                  0x08000a5d   Thumb Code   128  mytransmission.o(i.MyTransmission_InitUart)
    MyTransmission_NiveauBat                 0x08000b05   Thumb Code    18  mytransmission.o(i.MyTransmission_NiveauBat)
    MyTransmission_Send                      0x08000b1d   Thumb Code   192  mytransmission.o(i.MyTransmission_Send)
    MyUSART_Active_IT                        0x08000be9   Thumb Code   132  myusart.o(i.MyUSART_Active_IT)
    MyUSART_Get_Byte                         0x08000c8d   Thumb Code     8  myusart.o(i.MyUSART_Get_Byte)
    MyUSART_Init                             0x08000c95   Thumb Code   158  myusart.o(i.MyUSART_Init)
    MyUSART_Send_Byte                        0x08000d4d   Thumb Code     4  myusart.o(i.MyUSART_Send_Byte)
    Ordonnancement                           0x08000d51   Thumb Code    56  principale.o(i.Ordonnancement)
    SystemInit                               0x08000e75   Thumb Code    78  system_stm32f10x.o(i.SystemInit)
    TIM1_UP_IRQHandler                       0x08000ed5   Thumb Code    28  mytimer.o(i.TIM1_UP_IRQHandler)
    TIM2_IRQHandler                          0x08000ef9   Thumb Code    32  mytimer.o(i.TIM2_IRQHandler)
    TIM3_IRQHandler                          0x08000f1d   Thumb Code    28  mytimer.o(i.TIM3_IRQHandler)
    TIM4_IRQHandler                          0x08000f41   Thumb Code    28  mytimer.o(i.TIM4_IRQHandler)
    Timing_Ordre                             0x08000f65   Thumb Code    50  timing.o(i.Timing_Ordre)
    USART1_IRQHandler                        0x08000fa1   Thumb Code    28  myusart.o(i.USART1_IRQHandler)
    USART2_IRQHandler                        0x08000fc5   Thumb Code    28  myusart.o(i.USART2_IRQHandler)
    USART3_IRQHandler                        0x08000fe9   Thumb Code    28  myusart.o(i.USART3_IRQHandler)
    USART_CallBack                           0x0800100d   Thumb Code   110  direction.o(i.USART_CallBack)
    __scatterload_copy                       0x0800108d   Thumb Code    14  handlers.o(i.__scatterload_copy)
    __scatterload_null                       0x0800109b   Thumb Code     2  handlers.o(i.__scatterload_null)
    __scatterload_zeroinit                   0x0800109d   Thumb Code    14  handlers.o(i.__scatterload_zeroinit)
    bordage_Init_Codeur                      0x080010ad   Thumb Code    84  bordage.o(i.bordage_Init_Codeur)
    bordage_Orienter_Servo                   0x08001111   Thumb Code    18  bordage.o(i.bordage_Orienter_Servo)
    bordage_calcul_rapport_cyclique          0x08001129   Thumb Code    52  bordage.o(i.bordage_calcul_rapport_cyclique)
    bordage_get_angle                        0x0800115d   Thumb Code    12  bordage.o(i.bordage_get_angle)
    bordage_init_servo                       0x08001169   Thumb Code    70  bordage.o(i.bordage_init_servo)
    direction_InitUart                       0x080011c1   Thumb Code   128  direction.o(i.direction_InitUart)
    direction_Orienter_Bateau                0x08001269   Thumb Code    12  direction.o(i.direction_Orienter_Bateau)
    main                                     0x0800127d   Thumb Code    50  principale.o(i.main)
    malloc                                   0x080012b5   Thumb Code    92  malloc.o(i.malloc)
    toArray                                  0x08001321   Thumb Code    54  mytransmission.o(i.toArray)
    Region$$Table$$Base                      0x080013b0   Number         0  anon$$obj.o(Region$$Table)
    Region$$Table$$Limit                     0x080013d0   Number         0  anon$$obj.o(Region$$Table)
    monMess                                  0x20000078   Data           1  direction.o(.data)
    __microlib_freelist                      0x200000ac   Data           4  mvars.o(.data)
    __microlib_freelist_initialised          0x200000b0   Data           4  mvars.o(.data)
    __heap_base                              0x200000d0   Data           0  startup_stm32f10x_md.o(HEAP)
    __heap_limit                             0x200002d0   Data           0  startup_stm32f10x_md.o(HEAP)
    __initial_sp                             0x200006d0   Data           0  startup_stm32f10x_md.o(STACK)



==============================================================================

Memory Map of the image

  Image Entry point : 0x08000105

  Load Region LR_1 (Base: 0x08000000, Size: 0x00001484, Max: 0xffffffff, ABSOLUTE)

    Execution Region ER_RO (Exec base: 0x08000000, Load base: 0x08000000, Size: 0x000013d0, Max: 0xffffffff, ABSOLUTE)

    Exec Addr    Load Addr    Size         Type   Attr      Idx    E Section Name        Object

    0x08000000   0x08000000   0x000000ec   Data   RO          534    RESET               startup_stm32f10x_md.o
    0x080000ec   0x080000ec   0x00000000   Code   RO          585  * .ARM.Collect$$$$00000000  mc_w.l(entry.o)
    0x080000ec   0x080000ec   0x00000004   Code   RO          604    .ARM.Collect$$$$00000001  mc_w.l(entry2.o)
    0x080000f0   0x080000f0   0x00000004   Code   RO          607    .ARM.Collect$$$$00000004  mc_w.l(entry5.o)
    0x080000f4   0x080000f4   0x00000000   Code   RO          609    .ARM.Collect$$$$00000008  mc_w.l(entry7b.o)
    0x080000f4   0x080000f4   0x00000000   Code   RO          611    .ARM.Collect$$$$0000000A  mc_w.l(entry8b.o)
    0x080000f4   0x080000f4   0x00000008   Code   RO          612    .ARM.Collect$$$$0000000B  mc_w.l(entry9a.o)
    0x080000fc   0x080000fc   0x00000004   Code   RO          619    .ARM.Collect$$$$0000000E  mc_w.l(entry12b.o)
    0x08000100   0x08000100   0x00000000   Code   RO          614    .ARM.Collect$$$$0000000F  mc_w.l(entry10a.o)
    0x08000100   0x08000100   0x00000000   Code   RO          616    .ARM.Collect$$$$00000011  mc_w.l(entry11a.o)
    0x08000100   0x08000100   0x00000004   Code   RO          605    .ARM.Collect$$$$00002712  mc_w.l(entry2.o)
    0x08000104   0x08000104   0x00000024   Code   RO          535  * .text               startup_stm32f10x_md.o
    0x08000128   0x08000128   0x00000024   Code   RO          588    .text               mc_w.l(memcpya.o)
    0x0800014c   0x0800014c   0x0000001c   Code   RO          592    .text               mc_w.l(calloc.o)
    0x08000168   0x08000168   0x000000b0   Code   RO          594    .text               mf_w.l(fadd.o)
    0x08000218   0x08000218   0x0000000a   Code   RO          596    .text               mf_w.l(ffltui.o)
    0x08000222   0x08000222   0x00000026   Code   RO          598    .text               mf_w.l(f2d.o)
    0x08000248   0x08000248   0x00000038   Code   RO          600    .text               mf_w.l(d2f.o)
    0x08000280   0x08000280   0x00000014   Code   RO          602    .text               mf_w.l(cfcmple.o)
    0x08000294   0x08000294   0x00000000   Code   RO          648    .text               mc_w.l(iusefp.o)
    0x08000294   0x08000294   0x0000006e   Code   RO          649    .text               mf_w.l(fepilogue.o)
    0x08000302   0x08000302   0x00000002   PAD
    0x08000304   0x08000304   0x00000024   Code   RO          651    .text               mc_w.l(init.o)
    0x08000328   0x08000328   0x0000002c   Code   RO          252    i.ADC_Start         myadc.o
    0x08000354   0x08000354   0x00000024   Code   RO          172    i.EXTI0_IRQHandler  driver_gpio.o
    0x08000378   0x08000378   0x00000024   Code   RO          173    i.EXTI1_IRQHandler  driver_gpio.o
    0x0800039c   0x0800039c   0x00000024   Code   RO          174    i.EXTI2_IRQHandler  driver_gpio.o
    0x080003c0   0x080003c0   0x00000024   Code   RO          175    i.EXTI3_IRQHandler  driver_gpio.o
    0x080003e4   0x080003e4   0x0000000e   Code   RO          352    i.IT_function       bordage.o
    0x080003f2   0x080003f2   0x00000002   PAD
    0x080003f4   0x080003f4   0x00000100   Code   RO          253    i.Init_ADC_Single_Conv  myadc.o
    0x080004f4   0x080004f4   0x0000013c   Code   RO          176    i.MyGPIO_Init       driver_gpio.o
    0x08000630   0x08000630   0x00000108   Code   RO          177    i.MyGPIO_Interrupt  driver_gpio.o
    0x08000738   0x08000738   0x00000008   Code   RO          179    i.MyGPIO_Reset      driver_gpio.o
    0x08000740   0x08000740   0x00000008   Code   RO          180    i.MyGPIO_Set        driver_gpio.o
    0x08000748   0x08000748   0x000000fc   Code   RO           86    i.MyTimer_ActiveIT  mytimer.o
    0x08000844   0x08000844   0x0000009c   Code   RO           87    i.MyTimer_Base_Init  mytimer.o
    0x080008e0   0x080008e0   0x0000006a   Code   RO           88    i.MyTimer_Incremental_Coder_Mode  mytimer.o
    0x0800094a   0x0800094a   0x00000002   PAD
    0x0800094c   0x0800094c   0x00000094   Code   RO           89    i.MyTimer_PWM       mytimer.o
    0x080009e0   0x080009e0   0x00000006   Code   RO           90    i.MyTimer_Read_CNT  mytimer.o
    0x080009e6   0x080009e6   0x0000003a   Code   RO           91    i.MyTimer_Set_DutyCycle  mytimer.o
    0x08000a20   0x08000a20   0x00000004   Code   RO           92    i.MyTimer_Write_CNT  mytimer.o
    0x08000a24   0x08000a24   0x00000024   Code   RO          477    i.MyTransmission_BatterieFaible  mytransmission.o
    0x08000a48   0x08000a48   0x00000014   Code   RO          478    i.MyTransmission_InitADCbat  mytransmission.o
    0x08000a5c   0x08000a5c   0x000000a8   Code   RO          479    i.MyTransmission_InitUart  mytransmission.o
    0x08000b04   0x08000b04   0x00000018   Code   RO          480    i.MyTransmission_NiveauBat  mytransmission.o
    0x08000b1c   0x08000b1c   0x000000cc   Code   RO          481    i.MyTransmission_Send  mytransmission.o
    0x08000be8   0x08000be8   0x000000a4   Code   RO          290    i.MyUSART_Active_IT  myusart.o
    0x08000c8c   0x08000c8c   0x00000008   Code   RO          291    i.MyUSART_Get_Byte  myusart.o
    0x08000c94   0x08000c94   0x000000b8   Code   RO          292    i.MyUSART_Init      myusart.o
    0x08000d4c   0x08000d4c   0x00000004   Code   RO          293    i.MyUSART_Send_Byte  myusart.o
    0x08000d50   0x08000d50   0x0000003c   Code   RO            4    i.Ordonnancement    principale.o
    0x08000d8c   0x08000d8c   0x00000008   Code   RO          542    i.SetSysClock       system_stm32f10x.o
    0x08000d94   0x08000d94   0x000000e0   Code   RO          543    i.SetSysClockTo72   system_stm32f10x.o
    0x08000e74   0x08000e74   0x00000060   Code   RO          545    i.SystemInit        system_stm32f10x.o
    0x08000ed4   0x08000ed4   0x00000024   Code   RO           93    i.TIM1_UP_IRQHandler  mytimer.o
    0x08000ef8   0x08000ef8   0x00000024   Code   RO           94    i.TIM2_IRQHandler   mytimer.o
    0x08000f1c   0x08000f1c   0x00000024   Code   RO           95    i.TIM3_IRQHandler   mytimer.o
    0x08000f40   0x08000f40   0x00000024   Code   RO           96    i.TIM4_IRQHandler   mytimer.o
    0x08000f64   0x08000f64   0x0000003c   Code   RO          451    i.Timing_Ordre      timing.o
    0x08000fa0   0x08000fa0   0x00000024   Code   RO          294    i.USART1_IRQHandler  myusart.o
    0x08000fc4   0x08000fc4   0x00000024   Code   RO          295    i.USART2_IRQHandler  myusart.o
    0x08000fe8   0x08000fe8   0x00000024   Code   RO          296    i.USART3_IRQHandler  myusart.o
    0x0800100c   0x0800100c   0x00000080   Code   RO          411    i.USART_CallBack    direction.o
    0x0800108c   0x0800108c   0x0000000e   Code   RO          657    i.__scatterload_copy  mc_w.l(handlers.o)
    0x0800109a   0x0800109a   0x00000002   Code   RO          658    i.__scatterload_null  mc_w.l(handlers.o)
    0x0800109c   0x0800109c   0x0000000e   Code   RO          659    i.__scatterload_zeroinit  mc_w.l(handlers.o)
    0x080010aa   0x080010aa   0x00000002   PAD
    0x080010ac   0x080010ac   0x00000064   Code   RO          353    i.bordage_Init_Codeur  bordage.o
    0x08001110   0x08001110   0x00000018   Code   RO          354    i.bordage_Orienter_Servo  bordage.o
    0x08001128   0x08001128   0x00000034   Code   RO          355    i.bordage_calcul_rapport_cyclique  bordage.o
    0x0800115c   0x0800115c   0x0000000c   Code   RO          356    i.bordage_get_angle  bordage.o
    0x08001168   0x08001168   0x00000058   Code   RO          357    i.bordage_init_servo  bordage.o
    0x080011c0   0x080011c0   0x000000a8   Code   RO          412    i.direction_InitUart  direction.o
    0x08001268   0x08001268   0x00000014   Code   RO          413    i.direction_Orienter_Bateau  direction.o
    0x0800127c   0x0800127c   0x00000038   Code   RO            5    i.main              principale.o
    0x080012b4   0x080012b4   0x0000006c   Code   RO          621    i.malloc            mc_w.l(malloc.o)
    0x08001320   0x08001320   0x00000036   Code   RO          482    i.toArray           mytransmission.o
    0x08001356   0x08001356   0x00000002   PAD
    0x08001358   0x08001358   0x00000040   Data   RO          254    .constdata          myadc.o
    0x08001398   0x08001398   0x00000016   Data   RO          484    .constdata          mytransmission.o
    0x080013ae   0x080013ae   0x00000002   PAD
    0x080013b0   0x080013b0   0x00000020   Data   RO          655    Region$$Table       anon$$obj.o


    Execution Region ER_RW (Exec base: 0x20000000, Load base: 0x080013d0, Size: 0x000000b4, Max: 0xffffffff, ABSOLUTE)

    Exec Addr    Load Addr    Size         Type   Attr      Idx    E Section Name        Object

    0x20000000   0x080013d0   0x00000004   Data   RW            6    .data               principale.o
    0x20000004   0x080013d4   0x00000010   Data   RW           97    .data               mytimer.o
    0x20000014   0x080013e4   0x00000010   Data   RW          182    .data               driver_gpio.o
    0x20000024   0x080013f4   0x0000000c   Data   RW          297    .data               myusart.o
    0x20000030   0x08001400   0x00000020   Data   RW          358    .data               bordage.o
    0x20000050   0x08001420   0x00000029   Data   RW          415    .data               direction.o
    0x20000079   0x08001449   0x00000003   PAD
    0x2000007c   0x0800144c   0x00000008   Data   RW          452    .data               timing.o
    0x20000084   0x08001454   0x00000028   Data   RW          485    .data               mytransmission.o
    0x200000ac   0x0800147c   0x00000004   Data   RW          653    .data               mc_w.l(mvars.o)
    0x200000b0   0x08001480   0x00000004   Data   RW          654    .data               mc_w.l(mvars.o)


    Execution Region ER_ZI (Exec base: 0x200000b4, Load base: 0x08001484, Size: 0x0000061c, Max: 0xffffffff, ABSOLUTE)

    Exec Addr    Load Addr    Size         Type   Attr      Idx    E Section Name        Object

    0x200000b4        -       0x0000000c   Zero   RW          414    .bss                direction.o
    0x200000c0        -       0x0000000c   Zero   RW          483    .bss                mytransmission.o
    0x200000cc   0x08001484   0x00000004   PAD
    0x200000d0        -       0x00000200   Zero   RW          533    HEAP                startup_stm32f10x_md.o
    0x200002d0        -       0x00000400   Zero   RW          532    STACK               startup_stm32f10x_md.o


==============================================================================

Image component sizes


      Code (inc. data)   RO Data    RW Data    ZI Data      Debug   Object Name

       290         40          0         32          0       3440   bordage.o
       316         66          0         41         12       1940   direction.o
       740        106          0         16          0       5133   driver_gpio.o
       300         14         64          0          0       1823   myadc.o
       874         86          0         16          0       6752   mytimer.o
       506         64         22         40         12       4505   mytransmission.o
       468         82          0         12          0       4198   myusart.o
       116         10          0          4          0     209600   principale.o
        36          8        236          0       1536        840   startup_stm32f10x_md.o
       328         28          0          0          0       2117   system_stm32f10x.o
        60         10          0          8          0        755   timing.o

    ----------------------------------------------------------------------
      4040        514        356        172       1564     241103   Object Totals
         0          0         32          0          0          0   (incl. Generated)
         6          0          2          3          4          0   (incl. Padding)

    ----------------------------------------------------------------------

      Code (inc. data)   RO Data    RW Data    ZI Data      Debug   Library Member Name

        28          0          0          0          0         76   calloc.o
         0          0          0          0          0          0   entry.o
         0          0          0          0          0          0   entry10a.o
         0          0          0          0          0          0   entry11a.o
         4          0          0          0          0          0   entry12b.o
         8          4          0          0          0          0   entry2.o
         4          0          0          0          0          0   entry5.o
         0          0          0          0          0          0   entry7b.o
         0          0          0          0          0          0   entry8b.o
         8          4          0          0          0          0   entry9a.o
        30          0          0          0          0          0   handlers.o
        36          8          0          0          0         68   init.o
         0          0          0          0          0          0   iusefp.o
       108         16          0          0          0         84   malloc.o
        36          0          0          0          0         68   memcpya.o
         0          0          0          8          0          0   mvars.o
        20          0          0          0          0         68   cfcmple.o
        56          0          0          0          0         88   d2f.o
        38          0          0          0          0         68   f2d.o
       176          0          0          0          0        140   fadd.o
       110          0          0          0          0        168   fepilogue.o
        10          0          0          0          0         68   ffltui.o

    ----------------------------------------------------------------------
       676         32          0          8          0        896   Library Totals
         4          0          0          0          0          0   (incl. Padding)

    ----------------------------------------------------------------------

      Code (inc. data)   RO Data    RW Data    ZI Data      Debug   Library Name

       262         32          0          8          0        296   mc_w.l
       410          0          0          0          0        600   mf_w.l

    ----------------------------------------------------------------------
       676         32          0          8          0        896   Library Totals

    ----------------------------------------------------------------------

==============================================================================


      Code (inc. data)   RO Data    RW Data    ZI Data      Debug   

      4716        546        356        180       1564     239395   Grand Totals
      4716        546        356        180       1564     239395   ELF Image Totals
      4716        546        356        180          0          0   ROM Totals

==============================================================================

    Total RO  Size (Code + RO Data)                 5072 (   4.95kB)
    Total RW  Size (RW Data + ZI Data)              1744 (   1.70kB)
    Total ROM Size (Code + RO Data + RW Data)       5252 (   5.13kB)

==============================================================================

