Component: ARM Compiler 5.06 update 7 (build 960) Tool: armlink [4d3601]

==============================================================================

Section Cross References

    principale.o(i.Interruption) refers to bordage.o(i.bordage_get_angle) for bordage_get_angle
    principale.o(i.Interruption) refers to bordage.o(i.bordage_calcul_rapport_cyclique) for bordage_calcul_rapport_cyclique
    principale.o(i.Interruption) refers to bordage.o(i.bordage_Orienter_Servo) for bordage_Orienter_Servo
    principale.o(i.main) refers to bordage.o(i.bordage_Init_Codeur) for bordage_Init_Codeur
    principale.o(i.main) refers to bordage.o(i.bordage_init_servo) for bordage_init_servo
    principale.o(i.main) refers to bordage.o(i.bordage_get_angle) for bordage_get_angle
    principale.o(i.main) refers to bordage.o(i.bordage_calcul_rapport_cyclique) for bordage_calcul_rapport_cyclique
    principale.o(i.main) refers to bordage.o(i.bordage_Orienter_Servo) for bordage_Orienter_Servo
    principale.o(i.main) refers to mytimer.o(i.MyTimer_Base_Init) for MyTimer_Base_Init
    principale.o(i.main) refers to mytimer.o(i.MyTimer_ActiveIT) for MyTimer_ActiveIT
    principale.o(i.main) refers to principale.o(.data) for MonTimer
    principale.o(i.main) refers to principale.o(i.Interruption) for Interruption
    mytimer.o(i.MyTimer_ActiveIT) refers to mytimer.o(.data) for HandlerContent1
    mytimer.o(i.TIM1_UP_IRQHandler) refers to mytimer.o(.data) for HandlerContent1
    mytimer.o(i.TIM2_IRQHandler) refers to mytimer.o(.data) for HandlerContent2
    mytimer.o(i.TIM3_IRQHandler) refers to mytimer.o(.data) for HandlerContent3
    mytimer.o(i.TIM4_IRQHandler) refers to mytimer.o(.data) for HandlerContent4
    driver_gpio.o(i.EXTI0_IRQHandler) refers to driver_gpio.o(.data) for HandlerContent0
    driver_gpio.o(i.EXTI1_IRQHandler) refers to driver_gpio.o(.data) for HandlerContent1
    driver_gpio.o(i.EXTI2_IRQHandler) refers to driver_gpio.o(.data) for HandlerContent2
    driver_gpio.o(i.EXTI3_IRQHandler) refers to driver_gpio.o(.data) for HandlerContent3
    driver_gpio.o(i.MyGPIO_Interrupt) refers to driver_gpio.o(.data) for HandlerContent0
    myadc.o(i.Init_ADC_Single_Conv) refers to memcpya.o(.text) for __aeabi_memcpy4
    myadc.o(i.Init_ADC_Single_Conv) refers to ffltui.o(.text) for __aeabi_ui2f
    myadc.o(i.Init_ADC_Single_Conv) refers to fadd.o(.text) for __aeabi_frsub
    myadc.o(i.Init_ADC_Single_Conv) refers to f2d.o(.text) for __aeabi_f2d
    myadc.o(i.Init_ADC_Single_Conv) refers to d2f.o(.text) for __aeabi_d2f
    myadc.o(i.Init_ADC_Single_Conv) refers to cfcmple.o(.text) for __aeabi_cfcmple
    myadc.o(i.Init_ADC_Single_Conv) refers to myadc.o(.constdata) for .constdata
    bordage.o(i.IT_function) refers to mytimer.o(i.MyTimer_Write_CNT) for MyTimer_Write_CNT
    bordage.o(i.bordage_Init_Codeur) refers to mytimer.o(i.MyTimer_Base_Init) for MyTimer_Base_Init
    bordage.o(i.bordage_Init_Codeur) refers to mytimer.o(i.MyTimer_Incremental_Coder_Mode) for MyTimer_Incremental_Coder_Mode
    bordage.o(i.bordage_Init_Codeur) refers to driver_gpio.o(i.MyGPIO_Init) for MyGPIO_Init
    bordage.o(i.bordage_Init_Codeur) refers to driver_gpio.o(i.MyGPIO_Interrupt) for MyGPIO_Interrupt
    bordage.o(i.bordage_Init_Codeur) refers to bordage.o(.data) for MonTimer
    bordage.o(i.bordage_Init_Codeur) refers to bordage.o(i.IT_function) for IT_function
    bordage.o(i.bordage_Orienter_Servo) refers to mytimer.o(i.MyTimer_Set_DutyCycle) for MyTimer_Set_DutyCycle
    bordage.o(i.bordage_Orienter_Servo) refers to bordage.o(.data) for MonServo
    bordage.o(i.bordage_get_angle) refers to mytimer.o(i.MyTimer_Read_CNT) for MyTimer_Read_CNT
    bordage.o(i.bordage_init_servo) refers to driver_gpio.o(i.MyGPIO_Init) for MyGPIO_Init
    bordage.o(i.bordage_init_servo) refers to mytimer.o(i.MyTimer_Base_Init) for MyTimer_Base_Init
    bordage.o(i.bordage_init_servo) refers to mytimer.o(i.MyTimer_PWM) for MyTimer_PWM
    bordage.o(i.bordage_init_servo) refers to bordage.o(.data) for Timer_Output
    startup_stm32f10x_md.o(RESET) refers to startup_stm32f10x_md.o(STACK) for __initial_sp
    startup_stm32f10x_md.o(RESET) refers to startup_stm32f10x_md.o(.text) for Reset_Handler
    startup_stm32f10x_md.o(RESET) refers to driver_gpio.o(i.EXTI0_IRQHandler) for EXTI0_IRQHandler
    startup_stm32f10x_md.o(RESET) refers to driver_gpio.o(i.EXTI1_IRQHandler) for EXTI1_IRQHandler
    startup_stm32f10x_md.o(RESET) refers to driver_gpio.o(i.EXTI2_IRQHandler) for EXTI2_IRQHandler
    startup_stm32f10x_md.o(RESET) refers to driver_gpio.o(i.EXTI3_IRQHandler) for EXTI3_IRQHandler
    startup_stm32f10x_md.o(RESET) refers to mytimer.o(i.TIM1_UP_IRQHandler) for TIM1_UP_IRQHandler
    startup_stm32f10x_md.o(RESET) refers to mytimer.o(i.TIM2_IRQHandler) for TIM2_IRQHandler
    startup_stm32f10x_md.o(RESET) refers to mytimer.o(i.TIM3_IRQHandler) for TIM3_IRQHandler
    startup_stm32f10x_md.o(RESET) refers to mytimer.o(i.TIM4_IRQHandler) for TIM4_IRQHandler
    startup_stm32f10x_md.o(.text) refers to system_stm32f10x.o(i.SystemInit) for SystemInit
    startup_stm32f10x_md.o(.text) refers to entry.o(.ARM.Collect$$$$00000000) for __main
    system_stm32f10x.o(i.SetSysClock) refers to system_stm32f10x.o(i.SetSysClockTo72) for SetSysClockTo72
    system_stm32f10x.o(i.SystemCoreClockUpdate) refers to system_stm32f10x.o(.data) for SystemCoreClock
    system_stm32f10x.o(i.SystemInit) refers to system_stm32f10x.o(i.SetSysClock) for SetSysClock
    entry.o(.ARM.Collect$$$$00000000) refers (Special) to entry10a.o(.ARM.Collect$$$$0000000F) for __rt_final_cpp
    entry.o(.ARM.Collect$$$$00000000) refers (Special) to entry11a.o(.ARM.Collect$$$$00000011) for __rt_final_exit
    entry.o(.ARM.Collect$$$$00000000) refers (Special) to entry12b.o(.ARM.Collect$$$$0000000E) for __rt_lib_shutdown_fini
    entry.o(.ARM.Collect$$$$00000000) refers (Special) to entry7b.o(.ARM.Collect$$$$00000008) for _main_clock
    entry.o(.ARM.Collect$$$$00000000) refers (Special) to entry8b.o(.ARM.Collect$$$$0000000A) for _main_cpp_init
    entry.o(.ARM.Collect$$$$00000000) refers (Special) to entry9a.o(.ARM.Collect$$$$0000000B) for _main_init
    entry.o(.ARM.Collect$$$$00000000) refers (Special) to entry5.o(.ARM.Collect$$$$00000004) for _main_scatterload
    entry.o(.ARM.Collect$$$$00000000) refers (Special) to entry2.o(.ARM.Collect$$$$00000001) for _main_stk
    fadd.o(.text) refers (Special) to iusefp.o(.text) for __I$use$fp
    fadd.o(.text) refers to fepilogue.o(.text) for _float_epilogue
    ffltui.o(.text) refers (Special) to iusefp.o(.text) for __I$use$fp
    ffltui.o(.text) refers to fepilogue.o(.text) for _float_epilogue
    f2d.o(.text) refers (Special) to iusefp.o(.text) for __I$use$fp
    d2f.o(.text) refers (Special) to iusefp.o(.text) for __I$use$fp
    d2f.o(.text) refers to fepilogue.o(.text) for _float_round
    cfcmple.o(.text) refers (Special) to iusefp.o(.text) for __I$use$fp
    entry2.o(.ARM.Collect$$$$00000001) refers to entry2.o(.ARM.Collect$$$$00002712) for __lit__00000000
    entry2.o(.ARM.Collect$$$$00002712) refers to startup_stm32f10x_md.o(STACK) for __initial_sp
    entry2.o(__vectab_stack_and_reset_area) refers to startup_stm32f10x_md.o(STACK) for __initial_sp
    entry2.o(__vectab_stack_and_reset_area) refers to entry.o(.ARM.Collect$$$$00000000) for __main
    entry5.o(.ARM.Collect$$$$00000004) refers to init.o(.text) for __scatterload
    entry9a.o(.ARM.Collect$$$$0000000B) refers to principale.o(i.main) for main
    entry9b.o(.ARM.Collect$$$$0000000C) refers to principale.o(i.main) for main
    init.o(.text) refers to entry5.o(.ARM.Collect$$$$00000004) for __main_after_scatterload


==============================================================================

Removing Unused input sections from the image.

    Removing principale.o(.rev16_text), (4 bytes).
    Removing principale.o(.revsh_text), (4 bytes).
    Removing principale.o(.rrx_text), (6 bytes).
    Removing mytimer.o(.rev16_text), (4 bytes).
    Removing mytimer.o(.revsh_text), (4 bytes).
    Removing mytimer.o(.rrx_text), (6 bytes).
    Removing driver_gpio.o(.rev16_text), (4 bytes).
    Removing driver_gpio.o(.revsh_text), (4 bytes).
    Removing driver_gpio.o(.rrx_text), (6 bytes).
    Removing driver_gpio.o(i.MyGPIO_Read), (12 bytes).
    Removing driver_gpio.o(i.MyGPIO_Reset), (8 bytes).
    Removing driver_gpio.o(i.MyGPIO_Set), (8 bytes).
    Removing driver_gpio.o(i.MyGPIO_Toggle), (12 bytes).
    Removing myadc.o(.rev16_text), (4 bytes).
    Removing myadc.o(.revsh_text), (4 bytes).
    Removing myadc.o(.rrx_text), (6 bytes).
    Removing myadc.o(i.ADC_Start), (44 bytes).
    Removing myadc.o(i.Init_ADC_Single_Conv), (256 bytes).
    Removing myadc.o(.constdata), (64 bytes).
    Removing bordage.o(.rev16_text), (4 bytes).
    Removing bordage.o(.revsh_text), (4 bytes).
    Removing bordage.o(.rrx_text), (6 bytes).
    Removing startup_stm32f10x_md.o(HEAP), (512 bytes).
    Removing system_stm32f10x.o(.rev16_text), (4 bytes).
    Removing system_stm32f10x.o(.revsh_text), (4 bytes).
    Removing system_stm32f10x.o(.rrx_text), (6 bytes).
    Removing system_stm32f10x.o(i.SystemCoreClockUpdate), (164 bytes).
    Removing system_stm32f10x.o(.data), (20 bytes).
    Removing fadd.o(.text), (176 bytes).
    Removing ffltui.o(.text), (10 bytes).
    Removing f2d.o(.text), (38 bytes).
    Removing d2f.o(.text), (56 bytes).
    Removing cfcmple.o(.text), (20 bytes).
    Removing fepilogue.o(.text), (110 bytes).

34 unused section(s) (total 1594 bytes) removed from the image.

==============================================================================

Image Symbol Table

    Local Symbols

    Symbol Name                              Value     Ov Type        Size  Object(Section)

    ../clib/microlib/init/entry.s            0x00000000   Number         0  entry2.o ABSOLUTE
    ../clib/microlib/init/entry.s            0x00000000   Number         0  entry9a.o ABSOLUTE
    ../clib/microlib/init/entry.s            0x00000000   Number         0  entry5.o ABSOLUTE
    ../clib/microlib/init/entry.s            0x00000000   Number         0  entry11a.o ABSOLUTE
    ../clib/microlib/init/entry.s            0x00000000   Number         0  entry7a.o ABSOLUTE
    ../clib/microlib/init/entry.s            0x00000000   Number         0  entry.o ABSOLUTE
    ../clib/microlib/init/entry.s            0x00000000   Number         0  entry7b.o ABSOLUTE
    ../clib/microlib/init/entry.s            0x00000000   Number         0  entry8a.o ABSOLUTE
    ../clib/microlib/init/entry.s            0x00000000   Number         0  entry8b.o ABSOLUTE
    ../clib/microlib/init/entry.s            0x00000000   Number         0  entry9b.o ABSOLUTE
    ../clib/microlib/init/entry.s            0x00000000   Number         0  entry10a.o ABSOLUTE
    ../clib/microlib/init/entry.s            0x00000000   Number         0  entry10b.o ABSOLUTE
    ../clib/microlib/init/entry.s            0x00000000   Number         0  entry12b.o ABSOLUTE
    ../clib/microlib/init/entry.s            0x00000000   Number         0  entry12a.o ABSOLUTE
    ../clib/microlib/init/entry.s            0x00000000   Number         0  entry11b.o ABSOLUTE
    ../clib/microlib/string/memcpy.c         0x00000000   Number         0  memcpyb.o ABSOLUTE
    ../clib/microlib/string/memcpy.c         0x00000000   Number         0  memcpya.o ABSOLUTE
    ../clib/microlib/stubs.s                 0x00000000   Number         0  iusefp.o ABSOLUTE
    ../fplib/microlib/d2f.c                  0x00000000   Number         0  d2f.o ABSOLUTE
    ../fplib/microlib/f2d.c                  0x00000000   Number         0  f2d.o ABSOLUTE
    ../fplib/microlib/fpadd.c                0x00000000   Number         0  fadd.o ABSOLUTE
    ../fplib/microlib/fpepilogue.c           0x00000000   Number         0  fepilogue.o ABSOLUTE
    ../fplib/microlib/fpflt.c                0x00000000   Number         0  ffltui.o ABSOLUTE
    ..\Drivers\Driver_GPIO.c                 0x00000000   Number         0  driver_gpio.o ABSOLUTE
    ..\Drivers\MyADC.c                       0x00000000   Number         0  myadc.o ABSOLUTE
    ..\Drivers\MyTimer.c                     0x00000000   Number         0  mytimer.o ABSOLUTE
    ..\Services\bordage.c                    0x00000000   Number         0  bordage.o ABSOLUTE
    ..\\Drivers\\Driver_GPIO.c               0x00000000   Number         0  driver_gpio.o ABSOLUTE
    ..\\Drivers\\MyADC.c                     0x00000000   Number         0  myadc.o ABSOLUTE
    ..\\Drivers\\MyTimer.c                   0x00000000   Number         0  mytimer.o ABSOLUTE
    ..\\Services\\bordage.c                  0x00000000   Number         0  bordage.o ABSOLUTE
    MesSources\\principale.c                 0x00000000   Number         0  principale.o ABSOLUTE
    MesSources\principale.c                  0x00000000   Number         0  principale.o ABSOLUTE
    RTE\Device\STM32F103RB\startup_stm32f10x_md.s 0x00000000   Number         0  startup_stm32f10x_md.o ABSOLUTE
    RTE\Device\STM32F103RB\system_stm32f10x.c 0x00000000   Number         0  system_stm32f10x.o ABSOLUTE
    RTE\\Device\\STM32F103RB\\system_stm32f10x.c 0x00000000   Number         0  system_stm32f10x.o ABSOLUTE
    cfcmple.s                                0x00000000   Number         0  cfcmple.o ABSOLUTE
    dc.s                                     0x00000000   Number         0  dc.o ABSOLUTE
    handlers.s                               0x00000000   Number         0  handlers.o ABSOLUTE
    init.s                                   0x00000000   Number         0  init.o ABSOLUTE
    RESET                                    0x08000000   Section      236  startup_stm32f10x_md.o(RESET)
    .ARM.Collect$$$$00000000                 0x080000ec   Section        0  entry.o(.ARM.Collect$$$$00000000)
    .ARM.Collect$$$$00000001                 0x080000ec   Section        4  entry2.o(.ARM.Collect$$$$00000001)
    .ARM.Collect$$$$00000004                 0x080000f0   Section        4  entry5.o(.ARM.Collect$$$$00000004)
    .ARM.Collect$$$$00000008                 0x080000f4   Section        0  entry7b.o(.ARM.Collect$$$$00000008)
    .ARM.Collect$$$$0000000A                 0x080000f4   Section        0  entry8b.o(.ARM.Collect$$$$0000000A)
    .ARM.Collect$$$$0000000B                 0x080000f4   Section        8  entry9a.o(.ARM.Collect$$$$0000000B)
    .ARM.Collect$$$$0000000E                 0x080000fc   Section        4  entry12b.o(.ARM.Collect$$$$0000000E)
    .ARM.Collect$$$$0000000F                 0x08000100   Section        0  entry10a.o(.ARM.Collect$$$$0000000F)
    .ARM.Collect$$$$00000011                 0x08000100   Section        0  entry11a.o(.ARM.Collect$$$$00000011)
    .ARM.Collect$$$$00002712                 0x08000100   Section        4  entry2.o(.ARM.Collect$$$$00002712)
    __lit__00000000                          0x08000100   Data           4  entry2.o(.ARM.Collect$$$$00002712)
    .text                                    0x08000104   Section       36  startup_stm32f10x_md.o(.text)
    .text                                    0x08000128   Section       36  init.o(.text)
    i.EXTI0_IRQHandler                       0x0800014c   Section        0  driver_gpio.o(i.EXTI0_IRQHandler)
    i.EXTI1_IRQHandler                       0x08000170   Section        0  driver_gpio.o(i.EXTI1_IRQHandler)
    i.EXTI2_IRQHandler                       0x08000194   Section        0  driver_gpio.o(i.EXTI2_IRQHandler)
    i.EXTI3_IRQHandler                       0x080001b8   Section        0  driver_gpio.o(i.EXTI3_IRQHandler)
    i.IT_function                            0x080001dc   Section        0  bordage.o(i.IT_function)
    i.Interruption                           0x080001ea   Section        0  principale.o(i.Interruption)
    i.MyGPIO_Init                            0x08000200   Section        0  driver_gpio.o(i.MyGPIO_Init)
    i.MyGPIO_Interrupt                       0x0800033c   Section        0  driver_gpio.o(i.MyGPIO_Interrupt)
    i.MyTimer_ActiveIT                       0x08000444   Section        0  mytimer.o(i.MyTimer_ActiveIT)
    i.MyTimer_Base_Init                      0x08000540   Section        0  mytimer.o(i.MyTimer_Base_Init)
    i.MyTimer_Incremental_Coder_Mode         0x080005dc   Section        0  mytimer.o(i.MyTimer_Incremental_Coder_Mode)
    i.MyTimer_PWM                            0x08000648   Section        0  mytimer.o(i.MyTimer_PWM)
    i.MyTimer_Read_CNT                       0x080006dc   Section        0  mytimer.o(i.MyTimer_Read_CNT)
    i.MyTimer_Set_DutyCycle                  0x080006e2   Section        0  mytimer.o(i.MyTimer_Set_DutyCycle)
    i.MyTimer_Write_CNT                      0x0800071c   Section        0  mytimer.o(i.MyTimer_Write_CNT)
    i.SetSysClock                            0x08000720   Section        0  system_stm32f10x.o(i.SetSysClock)
    SetSysClock                              0x08000721   Thumb Code     8  system_stm32f10x.o(i.SetSysClock)
    i.SetSysClockTo72                        0x08000728   Section        0  system_stm32f10x.o(i.SetSysClockTo72)
    SetSysClockTo72                          0x08000729   Thumb Code   214  system_stm32f10x.o(i.SetSysClockTo72)
    i.SystemInit                             0x08000808   Section        0  system_stm32f10x.o(i.SystemInit)
    i.TIM1_UP_IRQHandler                     0x08000868   Section        0  mytimer.o(i.TIM1_UP_IRQHandler)
    i.TIM2_IRQHandler                        0x0800088c   Section        0  mytimer.o(i.TIM2_IRQHandler)
    i.TIM3_IRQHandler                        0x080008b0   Section        0  mytimer.o(i.TIM3_IRQHandler)
    i.TIM4_IRQHandler                        0x080008d4   Section        0  mytimer.o(i.TIM4_IRQHandler)
    i.__scatterload_copy                     0x080008f8   Section       14  handlers.o(i.__scatterload_copy)
    i.__scatterload_null                     0x08000906   Section        2  handlers.o(i.__scatterload_null)
    i.__scatterload_zeroinit                 0x08000908   Section       14  handlers.o(i.__scatterload_zeroinit)
    i.bordage_Init_Codeur                    0x08000918   Section        0  bordage.o(i.bordage_Init_Codeur)
    i.bordage_Orienter_Servo                 0x0800097c   Section        0  bordage.o(i.bordage_Orienter_Servo)
    i.bordage_calcul_rapport_cyclique        0x08000994   Section        0  bordage.o(i.bordage_calcul_rapport_cyclique)
    i.bordage_get_angle                      0x080009c8   Section        0  bordage.o(i.bordage_get_angle)
    i.bordage_init_servo                     0x080009d4   Section        0  bordage.o(i.bordage_init_servo)
    i.main                                   0x08000a2c   Section        0  principale.o(i.main)
    .data                                    0x20000000   Section        8  principale.o(.data)
    MonTimer                                 0x20000000   Data           8  principale.o(.data)
    .data                                    0x20000008   Section       16  mytimer.o(.data)
    HandlerContent1                          0x20000008   Data           4  mytimer.o(.data)
    HandlerContent2                          0x2000000c   Data           4  mytimer.o(.data)
    HandlerContent3                          0x20000010   Data           4  mytimer.o(.data)
    HandlerContent4                          0x20000014   Data           4  mytimer.o(.data)
    .data                                    0x20000018   Section       16  driver_gpio.o(.data)
    HandlerContent0                          0x20000018   Data           4  driver_gpio.o(.data)
    HandlerContent1                          0x2000001c   Data           4  driver_gpio.o(.data)
    HandlerContent2                          0x20000020   Data           4  driver_gpio.o(.data)
    HandlerContent3                          0x20000024   Data           4  driver_gpio.o(.data)
    .data                                    0x20000028   Section       32  bordage.o(.data)
    MonTimer                                 0x20000028   Data           8  bordage.o(.data)
    MonServo                                 0x20000030   Data           8  bordage.o(.data)
    Timer_Output                             0x20000038   Data           8  bordage.o(.data)
    Coder_Index                              0x20000040   Data           8  bordage.o(.data)
    STACK                                    0x20000048   Section     1024  startup_stm32f10x_md.o(STACK)

    Global Symbols

    Symbol Name                              Value     Ov Type        Size  Object(Section)

    BuildAttributes$$THM_ISAv4$P$D$K$B$S$PE$A:L22UL41UL21$X:L11$S22US41US21$IEEE1$IW$USESV6$~STKCKD$USESV7$~SHL$OTIME$ROPI$EBA8$MICROLIB$REQ8$PRES8$EABIv2 0x00000000   Number         0  anon$$obj.o ABSOLUTE
    __ARM_use_no_argv                        0x00000000   Number         0  principale.o ABSOLUTE
    __arm_fini_                               - Undefined Weak Reference
    __cpp_initialize__aeabi_                  - Undefined Weak Reference
    __cxa_finalize                            - Undefined Weak Reference
    __decompress                              - Undefined Weak Reference
    _clock_init                               - Undefined Weak Reference
    _microlib_exit                            - Undefined Weak Reference
    __Vectors_Size                           0x000000ec   Number         0  startup_stm32f10x_md.o ABSOLUTE
    __Vectors                                0x08000000   Data           4  startup_stm32f10x_md.o(RESET)
    __Vectors_End                            0x080000ec   Data           0  startup_stm32f10x_md.o(RESET)
    __main                                   0x080000ed   Thumb Code     0  entry.o(.ARM.Collect$$$$00000000)
    _main_stk                                0x080000ed   Thumb Code     0  entry2.o(.ARM.Collect$$$$00000001)
    _main_scatterload                        0x080000f1   Thumb Code     0  entry5.o(.ARM.Collect$$$$00000004)
    __main_after_scatterload                 0x080000f5   Thumb Code     0  entry5.o(.ARM.Collect$$$$00000004)
    _main_clock                              0x080000f5   Thumb Code     0  entry7b.o(.ARM.Collect$$$$00000008)
    _main_cpp_init                           0x080000f5   Thumb Code     0  entry8b.o(.ARM.Collect$$$$0000000A)
    _main_init                               0x080000f5   Thumb Code     0  entry9a.o(.ARM.Collect$$$$0000000B)
    __rt_lib_shutdown_fini                   0x080000fd   Thumb Code     0  entry12b.o(.ARM.Collect$$$$0000000E)
    __rt_final_cpp                           0x08000101   Thumb Code     0  entry10a.o(.ARM.Collect$$$$0000000F)
    __rt_final_exit                          0x08000101   Thumb Code     0  entry11a.o(.ARM.Collect$$$$00000011)
    Reset_Handler                            0x08000105   Thumb Code     8  startup_stm32f10x_md.o(.text)
    NMI_Handler                              0x0800010d   Thumb Code     2  startup_stm32f10x_md.o(.text)
    HardFault_Handler                        0x0800010f   Thumb Code     2  startup_stm32f10x_md.o(.text)
    MemManage_Handler                        0x08000111   Thumb Code     2  startup_stm32f10x_md.o(.text)
    BusFault_Handler                         0x08000113   Thumb Code     2  startup_stm32f10x_md.o(.text)
    UsageFault_Handler                       0x08000115   Thumb Code     2  startup_stm32f10x_md.o(.text)
    SVC_Handler                              0x08000117   Thumb Code     2  startup_stm32f10x_md.o(.text)
    DebugMon_Handler                         0x08000119   Thumb Code     2  startup_stm32f10x_md.o(.text)
    PendSV_Handler                           0x0800011b   Thumb Code     2  startup_stm32f10x_md.o(.text)
    SysTick_Handler                          0x0800011d   Thumb Code     2  startup_stm32f10x_md.o(.text)
    ADC1_2_IRQHandler                        0x0800011f   Thumb Code     0  startup_stm32f10x_md.o(.text)
    CAN1_RX1_IRQHandler                      0x0800011f   Thumb Code     0  startup_stm32f10x_md.o(.text)
    CAN1_SCE_IRQHandler                      0x0800011f   Thumb Code     0  startup_stm32f10x_md.o(.text)
    DMA1_Channel1_IRQHandler                 0x0800011f   Thumb Code     0  startup_stm32f10x_md.o(.text)
    DMA1_Channel2_IRQHandler                 0x0800011f   Thumb Code     0  startup_stm32f10x_md.o(.text)
    DMA1_Channel3_IRQHandler                 0x0800011f   Thumb Code     0  startup_stm32f10x_md.o(.text)
    DMA1_Channel4_IRQHandler                 0x0800011f   Thumb Code     0  startup_stm32f10x_md.o(.text)
    DMA1_Channel5_IRQHandler                 0x0800011f   Thumb Code     0  startup_stm32f10x_md.o(.text)
    DMA1_Channel6_IRQHandler                 0x0800011f   Thumb Code     0  startup_stm32f10x_md.o(.text)
    DMA1_Channel7_IRQHandler                 0x0800011f   Thumb Code     0  startup_stm32f10x_md.o(.text)
    EXTI15_10_IRQHandler                     0x0800011f   Thumb Code     0  startup_stm32f10x_md.o(.text)
    EXTI4_IRQHandler                         0x0800011f   Thumb Code     0  startup_stm32f10x_md.o(.text)
    EXTI9_5_IRQHandler                       0x0800011f   Thumb Code     0  startup_stm32f10x_md.o(.text)
    FLASH_IRQHandler                         0x0800011f   Thumb Code     0  startup_stm32f10x_md.o(.text)
    I2C1_ER_IRQHandler                       0x0800011f   Thumb Code     0  startup_stm32f10x_md.o(.text)
    I2C1_EV_IRQHandler                       0x0800011f   Thumb Code     0  startup_stm32f10x_md.o(.text)
    I2C2_ER_IRQHandler                       0x0800011f   Thumb Code     0  startup_stm32f10x_md.o(.text)
    I2C2_EV_IRQHandler                       0x0800011f   Thumb Code     0  startup_stm32f10x_md.o(.text)
    PVD_IRQHandler                           0x0800011f   Thumb Code     0  startup_stm32f10x_md.o(.text)
    RCC_IRQHandler                           0x0800011f   Thumb Code     0  startup_stm32f10x_md.o(.text)
    RTCAlarm_IRQHandler                      0x0800011f   Thumb Code     0  startup_stm32f10x_md.o(.text)
    RTC_IRQHandler                           0x0800011f   Thumb Code     0  startup_stm32f10x_md.o(.text)
    SPI1_IRQHandler                          0x0800011f   Thumb Code     0  startup_stm32f10x_md.o(.text)
    SPI2_IRQHandler                          0x0800011f   Thumb Code     0  startup_stm32f10x_md.o(.text)
    TAMPER_IRQHandler                        0x0800011f   Thumb Code     0  startup_stm32f10x_md.o(.text)
    TIM1_BRK_IRQHandler                      0x0800011f   Thumb Code     0  startup_stm32f10x_md.o(.text)
    TIM1_CC_IRQHandler                       0x0800011f   Thumb Code     0  startup_stm32f10x_md.o(.text)
    TIM1_TRG_COM_IRQHandler                  0x0800011f   Thumb Code     0  startup_stm32f10x_md.o(.text)
    USART1_IRQHandler                        0x0800011f   Thumb Code     0  startup_stm32f10x_md.o(.text)
    USART2_IRQHandler                        0x0800011f   Thumb Code     0  startup_stm32f10x_md.o(.text)
    USART3_IRQHandler                        0x0800011f   Thumb Code     0  startup_stm32f10x_md.o(.text)
    USBWakeUp_IRQHandler                     0x0800011f   Thumb Code     0  startup_stm32f10x_md.o(.text)
    USB_HP_CAN1_TX_IRQHandler                0x0800011f   Thumb Code     0  startup_stm32f10x_md.o(.text)
    USB_LP_CAN1_RX0_IRQHandler               0x0800011f   Thumb Code     0  startup_stm32f10x_md.o(.text)
    WWDG_IRQHandler                          0x0800011f   Thumb Code     0  startup_stm32f10x_md.o(.text)
    __scatterload                            0x08000129   Thumb Code    28  init.o(.text)
    __scatterload_rt2                        0x08000129   Thumb Code     0  init.o(.text)
    EXTI0_IRQHandler                         0x0800014d   Thumb Code    28  driver_gpio.o(i.EXTI0_IRQHandler)
    EXTI1_IRQHandler                         0x08000171   Thumb Code    28  driver_gpio.o(i.EXTI1_IRQHandler)
    EXTI2_IRQHandler                         0x08000195   Thumb Code    28  driver_gpio.o(i.EXTI2_IRQHandler)
    EXTI3_IRQHandler                         0x080001b9   Thumb Code    28  driver_gpio.o(i.EXTI3_IRQHandler)
    IT_function                              0x080001dd   Thumb Code    14  bordage.o(i.IT_function)
    Interruption                             0x080001eb   Thumb Code    20  principale.o(i.Interruption)
    MyGPIO_Init                              0x08000201   Thumb Code   296  driver_gpio.o(i.MyGPIO_Init)
    MyGPIO_Interrupt                         0x0800033d   Thumb Code   210  driver_gpio.o(i.MyGPIO_Interrupt)
    MyTimer_ActiveIT                         0x08000445   Thumb Code   216  mytimer.o(i.MyTimer_ActiveIT)
    MyTimer_Base_Init                        0x08000541   Thumb Code   140  mytimer.o(i.MyTimer_Base_Init)
    MyTimer_Incremental_Coder_Mode           0x080005dd   Thumb Code   106  mytimer.o(i.MyTimer_Incremental_Coder_Mode)
    MyTimer_PWM                              0x08000649   Thumb Code   142  mytimer.o(i.MyTimer_PWM)
    MyTimer_Read_CNT                         0x080006dd   Thumb Code     6  mytimer.o(i.MyTimer_Read_CNT)
    MyTimer_Set_DutyCycle                    0x080006e3   Thumb Code    58  mytimer.o(i.MyTimer_Set_DutyCycle)
    MyTimer_Write_CNT                        0x0800071d   Thumb Code     4  mytimer.o(i.MyTimer_Write_CNT)
    SystemInit                               0x08000809   Thumb Code    78  system_stm32f10x.o(i.SystemInit)
    TIM1_UP_IRQHandler                       0x08000869   Thumb Code    28  mytimer.o(i.TIM1_UP_IRQHandler)
    TIM2_IRQHandler                          0x0800088d   Thumb Code    32  mytimer.o(i.TIM2_IRQHandler)
    TIM3_IRQHandler                          0x080008b1   Thumb Code    28  mytimer.o(i.TIM3_IRQHandler)
    TIM4_IRQHandler                          0x080008d5   Thumb Code    28  mytimer.o(i.TIM4_IRQHandler)
    __scatterload_copy                       0x080008f9   Thumb Code    14  handlers.o(i.__scatterload_copy)
    __scatterload_null                       0x08000907   Thumb Code     2  handlers.o(i.__scatterload_null)
    __scatterload_zeroinit                   0x08000909   Thumb Code    14  handlers.o(i.__scatterload_zeroinit)
    bordage_Init_Codeur                      0x08000919   Thumb Code    84  bordage.o(i.bordage_Init_Codeur)
    bordage_Orienter_Servo                   0x0800097d   Thumb Code    18  bordage.o(i.bordage_Orienter_Servo)
    bordage_calcul_rapport_cyclique          0x08000995   Thumb Code    52  bordage.o(i.bordage_calcul_rapport_cyclique)
    bordage_get_angle                        0x080009c9   Thumb Code    12  bordage.o(i.bordage_get_angle)
    bordage_init_servo                       0x080009d5   Thumb Code    70  bordage.o(i.bordage_init_servo)
    main                                     0x08000a2d   Thumb Code    72  principale.o(i.main)
    Region$$Table$$Base                      0x08000a80   Number         0  anon$$obj.o(Region$$Table)
    Region$$Table$$Limit                     0x08000aa0   Number         0  anon$$obj.o(Region$$Table)
    __initial_sp                             0x20000448   Data           0  startup_stm32f10x_md.o(STACK)



==============================================================================

Memory Map of the image

  Image Entry point : 0x08000105

  Load Region LR_1 (Base: 0x08000000, Size: 0x00000ae8, Max: 0xffffffff, ABSOLUTE)

    Execution Region ER_RO (Exec base: 0x08000000, Load base: 0x08000000, Size: 0x00000aa0, Max: 0xffffffff, ABSOLUTE)

    Exec Addr    Load Addr    Size         Type   Attr      Idx    E Section Name        Object

    0x08000000   0x08000000   0x000000ec   Data   RO          336    RESET               startup_stm32f10x_md.o
    0x080000ec   0x080000ec   0x00000000   Code   RO          387  * .ARM.Collect$$$$00000000  mc_w.l(entry.o)
    0x080000ec   0x080000ec   0x00000004   Code   RO          404    .ARM.Collect$$$$00000001  mc_w.l(entry2.o)
    0x080000f0   0x080000f0   0x00000004   Code   RO          407    .ARM.Collect$$$$00000004  mc_w.l(entry5.o)
    0x080000f4   0x080000f4   0x00000000   Code   RO          409    .ARM.Collect$$$$00000008  mc_w.l(entry7b.o)
    0x080000f4   0x080000f4   0x00000000   Code   RO          411    .ARM.Collect$$$$0000000A  mc_w.l(entry8b.o)
    0x080000f4   0x080000f4   0x00000008   Code   RO          412    .ARM.Collect$$$$0000000B  mc_w.l(entry9a.o)
    0x080000fc   0x080000fc   0x00000004   Code   RO          419    .ARM.Collect$$$$0000000E  mc_w.l(entry12b.o)
    0x08000100   0x08000100   0x00000000   Code   RO          414    .ARM.Collect$$$$0000000F  mc_w.l(entry10a.o)
    0x08000100   0x08000100   0x00000000   Code   RO          416    .ARM.Collect$$$$00000011  mc_w.l(entry11a.o)
    0x08000100   0x08000100   0x00000004   Code   RO          405    .ARM.Collect$$$$00002712  mc_w.l(entry2.o)
    0x08000104   0x08000104   0x00000024   Code   RO          337  * .text               startup_stm32f10x_md.o
    0x08000128   0x08000128   0x00000024   Code   RO          423    .text               mc_w.l(init.o)
    0x0800014c   0x0800014c   0x00000024   Code   RO          157    i.EXTI0_IRQHandler  driver_gpio.o
    0x08000170   0x08000170   0x00000024   Code   RO          158    i.EXTI1_IRQHandler  driver_gpio.o
    0x08000194   0x08000194   0x00000024   Code   RO          159    i.EXTI2_IRQHandler  driver_gpio.o
    0x080001b8   0x080001b8   0x00000024   Code   RO          160    i.EXTI3_IRQHandler  driver_gpio.o
    0x080001dc   0x080001dc   0x0000000e   Code   RO          278    i.IT_function       bordage.o
    0x080001ea   0x080001ea   0x00000014   Code   RO            4    i.Interruption      principale.o
    0x080001fe   0x080001fe   0x00000002   PAD
    0x08000200   0x08000200   0x0000013c   Code   RO          161    i.MyGPIO_Init       driver_gpio.o
    0x0800033c   0x0800033c   0x00000108   Code   RO          162    i.MyGPIO_Interrupt  driver_gpio.o
    0x08000444   0x08000444   0x000000fc   Code   RO           71    i.MyTimer_ActiveIT  mytimer.o
    0x08000540   0x08000540   0x0000009c   Code   RO           72    i.MyTimer_Base_Init  mytimer.o
    0x080005dc   0x080005dc   0x0000006a   Code   RO           73    i.MyTimer_Incremental_Coder_Mode  mytimer.o
    0x08000646   0x08000646   0x00000002   PAD
    0x08000648   0x08000648   0x00000094   Code   RO           74    i.MyTimer_PWM       mytimer.o
    0x080006dc   0x080006dc   0x00000006   Code   RO           75    i.MyTimer_Read_CNT  mytimer.o
    0x080006e2   0x080006e2   0x0000003a   Code   RO           76    i.MyTimer_Set_DutyCycle  mytimer.o
    0x0800071c   0x0800071c   0x00000004   Code   RO           77    i.MyTimer_Write_CNT  mytimer.o
    0x08000720   0x08000720   0x00000008   Code   RO          344    i.SetSysClock       system_stm32f10x.o
    0x08000728   0x08000728   0x000000e0   Code   RO          345    i.SetSysClockTo72   system_stm32f10x.o
    0x08000808   0x08000808   0x00000060   Code   RO          347    i.SystemInit        system_stm32f10x.o
    0x08000868   0x08000868   0x00000024   Code   RO           78    i.TIM1_UP_IRQHandler  mytimer.o
    0x0800088c   0x0800088c   0x00000024   Code   RO           79    i.TIM2_IRQHandler   mytimer.o
    0x080008b0   0x080008b0   0x00000024   Code   RO           80    i.TIM3_IRQHandler   mytimer.o
    0x080008d4   0x080008d4   0x00000024   Code   RO           81    i.TIM4_IRQHandler   mytimer.o
    0x080008f8   0x080008f8   0x0000000e   Code   RO          427    i.__scatterload_copy  mc_w.l(handlers.o)
    0x08000906   0x08000906   0x00000002   Code   RO          428    i.__scatterload_null  mc_w.l(handlers.o)
    0x08000908   0x08000908   0x0000000e   Code   RO          429    i.__scatterload_zeroinit  mc_w.l(handlers.o)
    0x08000916   0x08000916   0x00000002   PAD
    0x08000918   0x08000918   0x00000064   Code   RO          279    i.bordage_Init_Codeur  bordage.o
    0x0800097c   0x0800097c   0x00000018   Code   RO          280    i.bordage_Orienter_Servo  bordage.o
    0x08000994   0x08000994   0x00000034   Code   RO          281    i.bordage_calcul_rapport_cyclique  bordage.o
    0x080009c8   0x080009c8   0x0000000c   Code   RO          282    i.bordage_get_angle  bordage.o
    0x080009d4   0x080009d4   0x00000058   Code   RO          283    i.bordage_init_servo  bordage.o
    0x08000a2c   0x08000a2c   0x00000054   Code   RO            5    i.main              principale.o
    0x08000a80   0x08000a80   0x00000020   Data   RO          425    Region$$Table       anon$$obj.o


    Execution Region ER_RW (Exec base: 0x20000000, Load base: 0x08000aa0, Size: 0x00000048, Max: 0xffffffff, ABSOLUTE)

    Exec Addr    Load Addr    Size         Type   Attr      Idx    E Section Name        Object

    0x20000000   0x08000aa0   0x00000008   Data   RW            6    .data               principale.o
    0x20000008   0x08000aa8   0x00000010   Data   RW           82    .data               mytimer.o
    0x20000018   0x08000ab8   0x00000010   Data   RW          167    .data               driver_gpio.o
    0x20000028   0x08000ac8   0x00000020   Data   RW          284    .data               bordage.o


    Execution Region ER_ZI (Exec base: 0x20000048, Load base: 0x08000ae8, Size: 0x00000400, Max: 0xffffffff, ABSOLUTE)

    Exec Addr    Load Addr    Size         Type   Attr      Idx    E Section Name        Object

    0x20000048        -       0x00000400   Zero   RW          334    STACK               startup_stm32f10x_md.o


==============================================================================

Image component sizes


      Code (inc. data)   RO Data    RW Data    ZI Data      Debug   Object Name

       290         40          0         32          0       3340   bordage.o
       724        106          0         16          0       4557   driver_gpio.o
       874         86          0         16          0       6568   mytimer.o
       104         12          0          8          0     208082   principale.o
        36          8        236          0       1024        828   startup_stm32f10x_md.o
       328         28          0          0          0       2053   system_stm32f10x.o

    ----------------------------------------------------------------------
      2360        280        268         72       1024     225428   Object Totals
         0          0         32          0          0          0   (incl. Generated)
         4          0          0          0          0          0   (incl. Padding)

    ----------------------------------------------------------------------

      Code (inc. data)   RO Data    RW Data    ZI Data      Debug   Library Member Name

         0          0          0          0          0          0   entry.o
         0          0          0          0          0          0   entry10a.o
         0          0          0          0          0          0   entry11a.o
         4          0          0          0          0          0   entry12b.o
         8          4          0          0          0          0   entry2.o
         4          0          0          0          0          0   entry5.o
         0          0          0          0          0          0   entry7b.o
         0          0          0          0          0          0   entry8b.o
         8          4          0          0          0          0   entry9a.o
        30          0          0          0          0          0   handlers.o
        36          8          0          0          0         68   init.o

    ----------------------------------------------------------------------
        92         16          0          0          0         68   Library Totals
         2          0          0          0          0          0   (incl. Padding)

    ----------------------------------------------------------------------

      Code (inc. data)   RO Data    RW Data    ZI Data      Debug   Library Name

        90         16          0          0          0         68   mc_w.l

    ----------------------------------------------------------------------
        92         16          0          0          0         68   Library Totals

    ----------------------------------------------------------------------

==============================================================================


      Code (inc. data)   RO Data    RW Data    ZI Data      Debug   

      2452        296        268         72       1024     224348   Grand Totals
      2452        296        268         72       1024     224348   ELF Image Totals
      2452        296        268         72          0          0   ROM Totals

==============================================================================

    Total RO  Size (Code + RO Data)                 2720 (   2.66kB)
    Total RW  Size (RW Data + ZI Data)              1096 (   1.07kB)
    Total ROM Size (Code + RO Data + RW Data)       2792 (   2.73kB)

==============================================================================

