Component: ARM Compiler 5.06 update 7 (build 960) Tool: armlink [4d3601]

==============================================================================

Section Cross References

    f2.o(i.USART_CallBack) refers to myusart.o(i.MyUSART_Get_Byte) for MyUSART_Get_Byte
    f2.o(i.USART_CallBack) refers to driver_gpio.o(i.MyGPIO_Reset) for MyGPIO_Reset
    f2.o(i.USART_CallBack) refers to driver_gpio.o(i.MyGPIO_Set) for MyGPIO_Set
    f2.o(i.USART_CallBack) refers to mytimer.o(i.MyTimer_PWM) for MyTimer_PWM
    f2.o(i.USART_CallBack) refers to mytimer.o(i.Set_DutyCycle) for Set_DutyCycle
    f2.o(i.USART_CallBack) refers to f2.o(.bss) for muart
    f2.o(i.USART_CallBack) refers to f2.o(.data) for monMess
    f2.o(i.f2) refers to driver_gpio.o(i.MyGPIO_Init) for MyGPIO_Init
    f2.o(i.f2) refers to mytimer.o(i.MyTimer_Base_Init) for MyTimer_Base_Init
    f2.o(i.f2) refers to myusart.o(i.MyUSART_Init) for MyUSART_Init
    f2.o(i.f2) refers to myusart.o(i.MyUSART_Active_IT) for MyUSART_Active_IT
    f2.o(i.f2) refers to f2.o(.bss) for muart
    f2.o(i.f2) refers to f2.o(.data) for bitsens
    f2.o(i.f2) refers to f2.o(i.USART_CallBack) for USART_CallBack
    f2.o(i.main) refers to f2.o(i.f2) for f2
    myadc.o(i.Init_ADC_Single_Conv) refers to memcpya.o(.text) for __aeabi_memcpy4
    myadc.o(i.Init_ADC_Single_Conv) refers to ffltui.o(.text) for __aeabi_ui2f
    myadc.o(i.Init_ADC_Single_Conv) refers to fadd.o(.text) for __aeabi_frsub
    myadc.o(i.Init_ADC_Single_Conv) refers to f2d.o(.text) for __aeabi_f2d
    myadc.o(i.Init_ADC_Single_Conv) refers to d2f.o(.text) for __aeabi_d2f
    myadc.o(i.Init_ADC_Single_Conv) refers to cfcmple.o(.text) for __aeabi_cfcmple
    myadc.o(i.Init_ADC_Single_Conv) refers to myadc.o(.constdata) for .constdata
    mytimer.o(i.MyTimer_ActiveIT) refers to mytimer.o(.data) for HandlerContent1
    mytimer.o(i.TIM1_UP_IRQHandler) refers to mytimer.o(.data) for HandlerContent1
    mytimer.o(i.TIM2_IRQHandler) refers to mytimer.o(.data) for HandlerContent2
    mytimer.o(i.TIM3_IRQHandler) refers to mytimer.o(.data) for HandlerContent3
    mytimer.o(i.TIM4_IRQHandler) refers to mytimer.o(.data) for HandlerContent4
    myusart.o(i.MyUSART_Active_IT) refers to myusart.o(.data) for HandlerUart1
    myusart.o(i.USART1_IRQHandler) refers to myusart.o(.data) for HandlerUart1
    myusart.o(i.USART2_IRQHandler) refers to myusart.o(.data) for HandlerUart2
    myusart.o(i.USART3_IRQHandler) refers to myusart.o(.data) for HandlerUart3
    startup_stm32f10x_md.o(RESET) refers to startup_stm32f10x_md.o(STACK) for __initial_sp
    startup_stm32f10x_md.o(RESET) refers to startup_stm32f10x_md.o(.text) for Reset_Handler
    startup_stm32f10x_md.o(RESET) refers to mytimer.o(i.TIM1_UP_IRQHandler) for TIM1_UP_IRQHandler
    startup_stm32f10x_md.o(RESET) refers to mytimer.o(i.TIM2_IRQHandler) for TIM2_IRQHandler
    startup_stm32f10x_md.o(RESET) refers to mytimer.o(i.TIM3_IRQHandler) for TIM3_IRQHandler
    startup_stm32f10x_md.o(RESET) refers to mytimer.o(i.TIM4_IRQHandler) for TIM4_IRQHandler
    startup_stm32f10x_md.o(RESET) refers to myusart.o(i.USART1_IRQHandler) for USART1_IRQHandler
    startup_stm32f10x_md.o(RESET) refers to myusart.o(i.USART2_IRQHandler) for USART2_IRQHandler
    startup_stm32f10x_md.o(RESET) refers to myusart.o(i.USART3_IRQHandler) for USART3_IRQHandler
    startup_stm32f10x_md.o(.text) refers to system_stm32f10x.o(i.SystemInit) for SystemInit
    startup_stm32f10x_md.o(.text) refers to entry.o(.ARM.Collect$$$$00000000) for __main
    system_stm32f10x.o(i.SetSysClock) refers to system_stm32f10x.o(i.SetSysClockTo72) for SetSysClockTo72
    system_stm32f10x.o(i.SystemCoreClockUpdate) refers to system_stm32f10x.o(.data) for SystemCoreClock
    system_stm32f10x.o(i.SystemInit) refers to system_stm32f10x.o(i.SetSysClock) for SetSysClock
    entry.o(.ARM.Collect$$$$00000000) refers (Special) to entry10a.o(.ARM.Collect$$$$0000000F) for __rt_final_cpp
    entry.o(.ARM.Collect$$$$00000000) refers (Special) to entry11a.o(.ARM.Collect$$$$00000011) for __rt_final_exit
    entry.o(.ARM.Collect$$$$00000000) refers (Special) to entry12b.o(.ARM.Collect$$$$0000000E) for __rt_lib_shutdown_fini
    entry.o(.ARM.Collect$$$$00000000) refers (Special) to entry7b.o(.ARM.Collect$$$$00000008) for _main_clock
    entry.o(.ARM.Collect$$$$00000000) refers (Special) to entry8b.o(.ARM.Collect$$$$0000000A) for _main_cpp_init
    entry.o(.ARM.Collect$$$$00000000) refers (Special) to entry9a.o(.ARM.Collect$$$$0000000B) for _main_init
    entry.o(.ARM.Collect$$$$00000000) refers (Special) to entry5.o(.ARM.Collect$$$$00000004) for _main_scatterload
    entry.o(.ARM.Collect$$$$00000000) refers (Special) to entry2.o(.ARM.Collect$$$$00000001) for _main_stk
    fadd.o(.text) refers (Special) to iusefp.o(.text) for __I$use$fp
    fadd.o(.text) refers to fepilogue.o(.text) for _float_epilogue
    ffltui.o(.text) refers (Special) to iusefp.o(.text) for __I$use$fp
    ffltui.o(.text) refers to fepilogue.o(.text) for _float_epilogue
    f2d.o(.text) refers (Special) to iusefp.o(.text) for __I$use$fp
    d2f.o(.text) refers (Special) to iusefp.o(.text) for __I$use$fp
    d2f.o(.text) refers to fepilogue.o(.text) for _float_round
    cfcmple.o(.text) refers (Special) to iusefp.o(.text) for __I$use$fp
    entry2.o(.ARM.Collect$$$$00000001) refers to entry2.o(.ARM.Collect$$$$00002712) for __lit__00000000
    entry2.o(.ARM.Collect$$$$00002712) refers to startup_stm32f10x_md.o(STACK) for __initial_sp
    entry2.o(__vectab_stack_and_reset_area) refers to startup_stm32f10x_md.o(STACK) for __initial_sp
    entry2.o(__vectab_stack_and_reset_area) refers to entry.o(.ARM.Collect$$$$00000000) for __main
    entry5.o(.ARM.Collect$$$$00000004) refers to init.o(.text) for __scatterload
    entry9a.o(.ARM.Collect$$$$0000000B) refers to f2.o(i.main) for main
    entry9b.o(.ARM.Collect$$$$0000000C) refers to f2.o(i.main) for main
    init.o(.text) refers to entry5.o(.ARM.Collect$$$$00000004) for __main_after_scatterload


==============================================================================

Removing Unused input sections from the image.

    Removing f2.o(.rev16_text), (4 bytes).
    Removing f2.o(.revsh_text), (4 bytes).
    Removing f2.o(.rrx_text), (6 bytes).
    Removing driver_gpio.o(.rev16_text), (4 bytes).
    Removing driver_gpio.o(.revsh_text), (4 bytes).
    Removing driver_gpio.o(.rrx_text), (6 bytes).
    Removing driver_gpio.o(i.MyGPIO_Read), (12 bytes).
    Removing driver_gpio.o(i.MyGPIO_Toggle), (12 bytes).
    Removing myadc.o(.rev16_text), (4 bytes).
    Removing myadc.o(.revsh_text), (4 bytes).
    Removing myadc.o(.rrx_text), (6 bytes).
    Removing myadc.o(i.ADC_Start), (44 bytes).
    Removing myadc.o(i.Init_ADC_Single_Conv), (256 bytes).
    Removing myadc.o(.constdata), (64 bytes).
    Removing mytimer.o(.rev16_text), (4 bytes).
    Removing mytimer.o(.revsh_text), (4 bytes).
    Removing mytimer.o(.rrx_text), (6 bytes).
    Removing mytimer.o(i.MyTimer_ActiveIT), (252 bytes).
    Removing myusart.o(.rev16_text), (4 bytes).
    Removing myusart.o(.revsh_text), (4 bytes).
    Removing myusart.o(.rrx_text), (6 bytes).
    Removing startup_stm32f10x_md.o(HEAP), (512 bytes).
    Removing system_stm32f10x.o(.rev16_text), (4 bytes).
    Removing system_stm32f10x.o(.revsh_text), (4 bytes).
    Removing system_stm32f10x.o(.rrx_text), (6 bytes).
    Removing system_stm32f10x.o(i.SystemCoreClockUpdate), (164 bytes).
    Removing system_stm32f10x.o(.data), (20 bytes).
    Removing fadd.o(.text), (176 bytes).
    Removing ffltui.o(.text), (10 bytes).
    Removing f2d.o(.text), (38 bytes).
    Removing d2f.o(.text), (56 bytes).
    Removing cfcmple.o(.text), (20 bytes).
    Removing fepilogue.o(.text), (110 bytes).

33 unused section(s) (total 1830 bytes) removed from the image.

==============================================================================

Image Symbol Table

    Local Symbols

    Symbol Name                              Value     Ov Type        Size  Object(Section)

    ../clib/microlib/init/entry.s            0x00000000   Number         0  entry7a.o ABSOLUTE
    ../clib/microlib/init/entry.s            0x00000000   Number         0  entry10b.o ABSOLUTE
    ../clib/microlib/init/entry.s            0x00000000   Number         0  entry5.o ABSOLUTE
    ../clib/microlib/init/entry.s            0x00000000   Number         0  entry10a.o ABSOLUTE
    ../clib/microlib/init/entry.s            0x00000000   Number         0  entry9b.o ABSOLUTE
    ../clib/microlib/init/entry.s            0x00000000   Number         0  entry12a.o ABSOLUTE
    ../clib/microlib/init/entry.s            0x00000000   Number         0  entry2.o ABSOLUTE
    ../clib/microlib/init/entry.s            0x00000000   Number         0  entry11b.o ABSOLUTE
    ../clib/microlib/init/entry.s            0x00000000   Number         0  entry12b.o ABSOLUTE
    ../clib/microlib/init/entry.s            0x00000000   Number         0  entry11a.o ABSOLUTE
    ../clib/microlib/init/entry.s            0x00000000   Number         0  entry.o ABSOLUTE
    ../clib/microlib/init/entry.s            0x00000000   Number         0  entry9a.o ABSOLUTE
    ../clib/microlib/init/entry.s            0x00000000   Number         0  entry8b.o ABSOLUTE
    ../clib/microlib/init/entry.s            0x00000000   Number         0  entry8a.o ABSOLUTE
    ../clib/microlib/init/entry.s            0x00000000   Number         0  entry7b.o ABSOLUTE
    ../clib/microlib/string/memcpy.c         0x00000000   Number         0  memcpya.o ABSOLUTE
    ../clib/microlib/string/memcpy.c         0x00000000   Number         0  memcpyb.o ABSOLUTE
    ../clib/microlib/stubs.s                 0x00000000   Number         0  iusefp.o ABSOLUTE
    ../fplib/microlib/d2f.c                  0x00000000   Number         0  d2f.o ABSOLUTE
    ../fplib/microlib/f2d.c                  0x00000000   Number         0  f2d.o ABSOLUTE
    ../fplib/microlib/fpadd.c                0x00000000   Number         0  fadd.o ABSOLUTE
    ../fplib/microlib/fpepilogue.c           0x00000000   Number         0  fepilogue.o ABSOLUTE
    ../fplib/microlib/fpflt.c                0x00000000   Number         0  ffltui.o ABSOLUTE
    ..\Drivers\Driver_GPIO.c                 0x00000000   Number         0  driver_gpio.o ABSOLUTE
    ..\Drivers\MyADC.c                       0x00000000   Number         0  myadc.o ABSOLUTE
    ..\Drivers\MyTimer.c                     0x00000000   Number         0  mytimer.o ABSOLUTE
    ..\Drivers\MyUSART.c                     0x00000000   Number         0  myusart.o ABSOLUTE
    ..\\Drivers\\Driver_GPIO.c               0x00000000   Number         0  driver_gpio.o ABSOLUTE
    ..\\Drivers\\MyADC.c                     0x00000000   Number         0  myadc.o ABSOLUTE
    ..\\Drivers\\MyTimer.c                   0x00000000   Number         0  mytimer.o ABSOLUTE
    ..\\Drivers\\MyUSART.c                   0x00000000   Number         0  myusart.o ABSOLUTE
    RTE\Device\STM32F103RB\startup_stm32f10x_md.s 0x00000000   Number         0  startup_stm32f10x_md.o ABSOLUTE
    RTE\Device\STM32F103RB\system_stm32f10x.c 0x00000000   Number         0  system_stm32f10x.o ABSOLUTE
    RTE\\Device\\STM32F103RB\\system_stm32f10x.c 0x00000000   Number         0  system_stm32f10x.o ABSOLUTE
    Source\F2.c                              0x00000000   Number         0  f2.o ABSOLUTE
    Source\\F2.c                             0x00000000   Number         0  f2.o ABSOLUTE
    cfcmple.s                                0x00000000   Number         0  cfcmple.o ABSOLUTE
    dc.s                                     0x00000000   Number         0  dc.o ABSOLUTE
    handlers.s                               0x00000000   Number         0  handlers.o ABSOLUTE
    init.s                                   0x00000000   Number         0  init.o ABSOLUTE
    RESET                                    0x08000000   Section      236  startup_stm32f10x_md.o(RESET)
    .ARM.Collect$$$$00000000                 0x080000ec   Section        0  entry.o(.ARM.Collect$$$$00000000)
    .ARM.Collect$$$$00000001                 0x080000ec   Section        4  entry2.o(.ARM.Collect$$$$00000001)
    .ARM.Collect$$$$00000004                 0x080000f0   Section        4  entry5.o(.ARM.Collect$$$$00000004)
    .ARM.Collect$$$$00000008                 0x080000f4   Section        0  entry7b.o(.ARM.Collect$$$$00000008)
    .ARM.Collect$$$$0000000A                 0x080000f4   Section        0  entry8b.o(.ARM.Collect$$$$0000000A)
    .ARM.Collect$$$$0000000B                 0x080000f4   Section        8  entry9a.o(.ARM.Collect$$$$0000000B)
    .ARM.Collect$$$$0000000E                 0x080000fc   Section        4  entry12b.o(.ARM.Collect$$$$0000000E)
    .ARM.Collect$$$$0000000F                 0x08000100   Section        0  entry10a.o(.ARM.Collect$$$$0000000F)
    .ARM.Collect$$$$00000011                 0x08000100   Section        0  entry11a.o(.ARM.Collect$$$$00000011)
    .ARM.Collect$$$$00002712                 0x08000100   Section        4  entry2.o(.ARM.Collect$$$$00002712)
    __lit__00000000                          0x08000100   Data           4  entry2.o(.ARM.Collect$$$$00002712)
    .text                                    0x08000104   Section       36  startup_stm32f10x_md.o(.text)
    .text                                    0x08000128   Section       36  init.o(.text)
    i.MyGPIO_Init                            0x0800014c   Section        0  driver_gpio.o(i.MyGPIO_Init)
    i.MyGPIO_Reset                           0x08000288   Section        0  driver_gpio.o(i.MyGPIO_Reset)
    i.MyGPIO_Set                             0x08000290   Section        0  driver_gpio.o(i.MyGPIO_Set)
    i.MyTimer_Base_Init                      0x08000298   Section        0  mytimer.o(i.MyTimer_Base_Init)
    i.MyTimer_PWM                            0x08000334   Section        0  mytimer.o(i.MyTimer_PWM)
    i.MyUSART_Active_IT                      0x080003c8   Section        0  myusart.o(i.MyUSART_Active_IT)
    i.MyUSART_Get_Byte                       0x0800046c   Section        0  myusart.o(i.MyUSART_Get_Byte)
    i.MyUSART_Init                           0x08000474   Section        0  myusart.o(i.MyUSART_Init)
    i.SetSysClock                            0x0800052c   Section        0  system_stm32f10x.o(i.SetSysClock)
    SetSysClock                              0x0800052d   Thumb Code     8  system_stm32f10x.o(i.SetSysClock)
    i.SetSysClockTo72                        0x08000534   Section        0  system_stm32f10x.o(i.SetSysClockTo72)
    SetSysClockTo72                          0x08000535   Thumb Code   214  system_stm32f10x.o(i.SetSysClockTo72)
    i.Set_DutyCycle                          0x08000614   Section        0  mytimer.o(i.Set_DutyCycle)
    i.SystemInit                             0x08000650   Section        0  system_stm32f10x.o(i.SystemInit)
    i.TIM1_UP_IRQHandler                     0x080006b0   Section        0  mytimer.o(i.TIM1_UP_IRQHandler)
    i.TIM2_IRQHandler                        0x080006d4   Section        0  mytimer.o(i.TIM2_IRQHandler)
    i.TIM3_IRQHandler                        0x080006f8   Section        0  mytimer.o(i.TIM3_IRQHandler)
    i.TIM4_IRQHandler                        0x0800071c   Section        0  mytimer.o(i.TIM4_IRQHandler)
    i.USART1_IRQHandler                      0x08000740   Section        0  myusart.o(i.USART1_IRQHandler)
    i.USART2_IRQHandler                      0x08000764   Section        0  myusart.o(i.USART2_IRQHandler)
    i.USART3_IRQHandler                      0x08000788   Section        0  myusart.o(i.USART3_IRQHandler)
    i.USART_CallBack                         0x080007ac   Section        0  f2.o(i.USART_CallBack)
    i.__scatterload_copy                     0x0800082c   Section       14  handlers.o(i.__scatterload_copy)
    i.__scatterload_null                     0x0800083a   Section        2  handlers.o(i.__scatterload_null)
    i.__scatterload_zeroinit                 0x0800083c   Section       14  handlers.o(i.__scatterload_zeroinit)
    i.f2                                     0x0800084c   Section        0  f2.o(i.f2)
    i.main                                   0x08000900   Section        0  f2.o(i.main)
    .data                                    0x20000000   Section       41  f2.o(.data)
    .data                                    0x2000002c   Section       16  mytimer.o(.data)
    HandlerContent1                          0x2000002c   Data           4  mytimer.o(.data)
    HandlerContent2                          0x20000030   Data           4  mytimer.o(.data)
    HandlerContent3                          0x20000034   Data           4  mytimer.o(.data)
    HandlerContent4                          0x20000038   Data           4  mytimer.o(.data)
    .data                                    0x2000003c   Section       12  myusart.o(.data)
    HandlerUart1                             0x2000003c   Data           4  myusart.o(.data)
    HandlerUart2                             0x20000040   Data           4  myusart.o(.data)
    HandlerUart3                             0x20000044   Data           4  myusart.o(.data)
    .bss                                     0x20000048   Section       12  f2.o(.bss)
    STACK                                    0x20000058   Section     1024  startup_stm32f10x_md.o(STACK)

    Global Symbols

    Symbol Name                              Value     Ov Type        Size  Object(Section)

    BuildAttributes$$THM_ISAv4$P$D$K$B$S$PE$A:L22UL41UL21$X:L11$S22US41US21$IEEE1$IW$USESV6$~STKCKD$USESV7$~SHL$OTIME$ROPI$EBA8$MICROLIB$REQ8$PRES8$EABIv2 0x00000000   Number         0  anon$$obj.o ABSOLUTE
    __ARM_use_no_argv                        0x00000000   Number         0  f2.o ABSOLUTE
    __arm_fini_                               - Undefined Weak Reference
    __cpp_initialize__aeabi_                  - Undefined Weak Reference
    __cxa_finalize                            - Undefined Weak Reference
    __decompress                              - Undefined Weak Reference
    _clock_init                               - Undefined Weak Reference
    _microlib_exit                            - Undefined Weak Reference
    __Vectors_Size                           0x000000ec   Number         0  startup_stm32f10x_md.o ABSOLUTE
    __Vectors                                0x08000000   Data           4  startup_stm32f10x_md.o(RESET)
    __Vectors_End                            0x080000ec   Data           0  startup_stm32f10x_md.o(RESET)
    __main                                   0x080000ed   Thumb Code     0  entry.o(.ARM.Collect$$$$00000000)
    _main_stk                                0x080000ed   Thumb Code     0  entry2.o(.ARM.Collect$$$$00000001)
    _main_scatterload                        0x080000f1   Thumb Code     0  entry5.o(.ARM.Collect$$$$00000004)
    __main_after_scatterload                 0x080000f5   Thumb Code     0  entry5.o(.ARM.Collect$$$$00000004)
    _main_clock                              0x080000f5   Thumb Code     0  entry7b.o(.ARM.Collect$$$$00000008)
    _main_cpp_init                           0x080000f5   Thumb Code     0  entry8b.o(.ARM.Collect$$$$0000000A)
    _main_init                               0x080000f5   Thumb Code     0  entry9a.o(.ARM.Collect$$$$0000000B)
    __rt_lib_shutdown_fini                   0x080000fd   Thumb Code     0  entry12b.o(.ARM.Collect$$$$0000000E)
    __rt_final_cpp                           0x08000101   Thumb Code     0  entry10a.o(.ARM.Collect$$$$0000000F)
    __rt_final_exit                          0x08000101   Thumb Code     0  entry11a.o(.ARM.Collect$$$$00000011)
    Reset_Handler                            0x08000105   Thumb Code     8  startup_stm32f10x_md.o(.text)
    NMI_Handler                              0x0800010d   Thumb Code     2  startup_stm32f10x_md.o(.text)
    HardFault_Handler                        0x0800010f   Thumb Code     2  startup_stm32f10x_md.o(.text)
    MemManage_Handler                        0x08000111   Thumb Code     2  startup_stm32f10x_md.o(.text)
    BusFault_Handler                         0x08000113   Thumb Code     2  startup_stm32f10x_md.o(.text)
    UsageFault_Handler                       0x08000115   Thumb Code     2  startup_stm32f10x_md.o(.text)
    SVC_Handler                              0x08000117   Thumb Code     2  startup_stm32f10x_md.o(.text)
    DebugMon_Handler                         0x08000119   Thumb Code     2  startup_stm32f10x_md.o(.text)
    PendSV_Handler                           0x0800011b   Thumb Code     2  startup_stm32f10x_md.o(.text)
    SysTick_Handler                          0x0800011d   Thumb Code     2  startup_stm32f10x_md.o(.text)
    ADC1_2_IRQHandler                        0x0800011f   Thumb Code     0  startup_stm32f10x_md.o(.text)
    CAN1_RX1_IRQHandler                      0x0800011f   Thumb Code     0  startup_stm32f10x_md.o(.text)
    CAN1_SCE_IRQHandler                      0x0800011f   Thumb Code     0  startup_stm32f10x_md.o(.text)
    DMA1_Channel1_IRQHandler                 0x0800011f   Thumb Code     0  startup_stm32f10x_md.o(.text)
    DMA1_Channel2_IRQHandler                 0x0800011f   Thumb Code     0  startup_stm32f10x_md.o(.text)
    DMA1_Channel3_IRQHandler                 0x0800011f   Thumb Code     0  startup_stm32f10x_md.o(.text)
    DMA1_Channel4_IRQHandler                 0x0800011f   Thumb Code     0  startup_stm32f10x_md.o(.text)
    DMA1_Channel5_IRQHandler                 0x0800011f   Thumb Code     0  startup_stm32f10x_md.o(.text)
    DMA1_Channel6_IRQHandler                 0x0800011f   Thumb Code     0  startup_stm32f10x_md.o(.text)
    DMA1_Channel7_IRQHandler                 0x0800011f   Thumb Code     0  startup_stm32f10x_md.o(.text)
    EXTI0_IRQHandler                         0x0800011f   Thumb Code     0  startup_stm32f10x_md.o(.text)
    EXTI15_10_IRQHandler                     0x0800011f   Thumb Code     0  startup_stm32f10x_md.o(.text)
    EXTI1_IRQHandler                         0x0800011f   Thumb Code     0  startup_stm32f10x_md.o(.text)
    EXTI2_IRQHandler                         0x0800011f   Thumb Code     0  startup_stm32f10x_md.o(.text)
    EXTI3_IRQHandler                         0x0800011f   Thumb Code     0  startup_stm32f10x_md.o(.text)
    EXTI4_IRQHandler                         0x0800011f   Thumb Code     0  startup_stm32f10x_md.o(.text)
    EXTI9_5_IRQHandler                       0x0800011f   Thumb Code     0  startup_stm32f10x_md.o(.text)
    FLASH_IRQHandler                         0x0800011f   Thumb Code     0  startup_stm32f10x_md.o(.text)
    I2C1_ER_IRQHandler                       0x0800011f   Thumb Code     0  startup_stm32f10x_md.o(.text)
    I2C1_EV_IRQHandler                       0x0800011f   Thumb Code     0  startup_stm32f10x_md.o(.text)
    I2C2_ER_IRQHandler                       0x0800011f   Thumb Code     0  startup_stm32f10x_md.o(.text)
    I2C2_EV_IRQHandler                       0x0800011f   Thumb Code     0  startup_stm32f10x_md.o(.text)
    PVD_IRQHandler                           0x0800011f   Thumb Code     0  startup_stm32f10x_md.o(.text)
    RCC_IRQHandler                           0x0800011f   Thumb Code     0  startup_stm32f10x_md.o(.text)
    RTCAlarm_IRQHandler                      0x0800011f   Thumb Code     0  startup_stm32f10x_md.o(.text)
    RTC_IRQHandler                           0x0800011f   Thumb Code     0  startup_stm32f10x_md.o(.text)
    SPI1_IRQHandler                          0x0800011f   Thumb Code     0  startup_stm32f10x_md.o(.text)
    SPI2_IRQHandler                          0x0800011f   Thumb Code     0  startup_stm32f10x_md.o(.text)
    TAMPER_IRQHandler                        0x0800011f   Thumb Code     0  startup_stm32f10x_md.o(.text)
    TIM1_BRK_IRQHandler                      0x0800011f   Thumb Code     0  startup_stm32f10x_md.o(.text)
    TIM1_CC_IRQHandler                       0x0800011f   Thumb Code     0  startup_stm32f10x_md.o(.text)
    TIM1_TRG_COM_IRQHandler                  0x0800011f   Thumb Code     0  startup_stm32f10x_md.o(.text)
    USBWakeUp_IRQHandler                     0x0800011f   Thumb Code     0  startup_stm32f10x_md.o(.text)
    USB_HP_CAN1_TX_IRQHandler                0x0800011f   Thumb Code     0  startup_stm32f10x_md.o(.text)
    USB_LP_CAN1_RX0_IRQHandler               0x0800011f   Thumb Code     0  startup_stm32f10x_md.o(.text)
    WWDG_IRQHandler                          0x0800011f   Thumb Code     0  startup_stm32f10x_md.o(.text)
    __scatterload                            0x08000129   Thumb Code    28  init.o(.text)
    __scatterload_rt2                        0x08000129   Thumb Code     0  init.o(.text)
    MyGPIO_Init                              0x0800014d   Thumb Code   296  driver_gpio.o(i.MyGPIO_Init)
    MyGPIO_Reset                             0x08000289   Thumb Code     8  driver_gpio.o(i.MyGPIO_Reset)
    MyGPIO_Set                               0x08000291   Thumb Code     8  driver_gpio.o(i.MyGPIO_Set)
    MyTimer_Base_Init                        0x08000299   Thumb Code   140  mytimer.o(i.MyTimer_Base_Init)
    MyTimer_PWM                              0x08000335   Thumb Code   142  mytimer.o(i.MyTimer_PWM)
    MyUSART_Active_IT                        0x080003c9   Thumb Code   132  myusart.o(i.MyUSART_Active_IT)
    MyUSART_Get_Byte                         0x0800046d   Thumb Code     8  myusart.o(i.MyUSART_Get_Byte)
    MyUSART_Init                             0x08000475   Thumb Code   158  myusart.o(i.MyUSART_Init)
    Set_DutyCycle                            0x08000615   Thumb Code    58  mytimer.o(i.Set_DutyCycle)
    SystemInit                               0x08000651   Thumb Code    78  system_stm32f10x.o(i.SystemInit)
    TIM1_UP_IRQHandler                       0x080006b1   Thumb Code    26  mytimer.o(i.TIM1_UP_IRQHandler)
    TIM2_IRQHandler                          0x080006d5   Thumb Code    30  mytimer.o(i.TIM2_IRQHandler)
    TIM3_IRQHandler                          0x080006f9   Thumb Code    26  mytimer.o(i.TIM3_IRQHandler)
    TIM4_IRQHandler                          0x0800071d   Thumb Code    26  mytimer.o(i.TIM4_IRQHandler)
    USART1_IRQHandler                        0x08000741   Thumb Code    28  myusart.o(i.USART1_IRQHandler)
    USART2_IRQHandler                        0x08000765   Thumb Code    28  myusart.o(i.USART2_IRQHandler)
    USART3_IRQHandler                        0x08000789   Thumb Code    28  myusart.o(i.USART3_IRQHandler)
    USART_CallBack                           0x080007ad   Thumb Code   110  f2.o(i.USART_CallBack)
    __scatterload_copy                       0x0800082d   Thumb Code    14  handlers.o(i.__scatterload_copy)
    __scatterload_null                       0x0800083b   Thumb Code     2  handlers.o(i.__scatterload_null)
    __scatterload_zeroinit                   0x0800083d   Thumb Code    14  handlers.o(i.__scatterload_zeroinit)
    f2                                       0x0800084d   Thumb Code   136  f2.o(i.f2)
    main                                     0x08000901   Thumb Code     8  f2.o(i.main)
    Region$$Table$$Base                      0x08000908   Number         0  anon$$obj.o(Region$$Table)
    Region$$Table$$Limit                     0x08000928   Number         0  anon$$obj.o(Region$$Table)
    servo                                    0x20000000   Data           8  f2.o(.data)
    bitsens                                  0x20000008   Data           8  f2.o(.data)
    uartTx                                   0x20000010   Data           8  f2.o(.data)
    uartRx                                   0x20000018   Data           8  f2.o(.data)
    timServo                                 0x20000020   Data           8  f2.o(.data)
    monMess                                  0x20000028   Data           1  f2.o(.data)
    muart                                    0x20000048   Data          12  f2.o(.bss)
    __initial_sp                             0x20000458   Data           0  startup_stm32f10x_md.o(STACK)



==============================================================================

Memory Map of the image

  Image Entry point : 0x08000105

  Load Region LR_1 (Base: 0x08000000, Size: 0x00000970, Max: 0xffffffff, ABSOLUTE)

    Execution Region ER_RO (Exec base: 0x08000000, Load base: 0x08000000, Size: 0x00000928, Max: 0xffffffff, ABSOLUTE)

    Exec Addr    Load Addr    Size         Type   Attr      Idx    E Section Name        Object

    0x08000000   0x08000000   0x000000ec   Data   RO          291    RESET               startup_stm32f10x_md.o
    0x080000ec   0x080000ec   0x00000000   Code   RO          342  * .ARM.Collect$$$$00000000  mc_w.l(entry.o)
    0x080000ec   0x080000ec   0x00000004   Code   RO          359    .ARM.Collect$$$$00000001  mc_w.l(entry2.o)
    0x080000f0   0x080000f0   0x00000004   Code   RO          362    .ARM.Collect$$$$00000004  mc_w.l(entry5.o)
    0x080000f4   0x080000f4   0x00000000   Code   RO          364    .ARM.Collect$$$$00000008  mc_w.l(entry7b.o)
    0x080000f4   0x080000f4   0x00000000   Code   RO          366    .ARM.Collect$$$$0000000A  mc_w.l(entry8b.o)
    0x080000f4   0x080000f4   0x00000008   Code   RO          367    .ARM.Collect$$$$0000000B  mc_w.l(entry9a.o)
    0x080000fc   0x080000fc   0x00000004   Code   RO          374    .ARM.Collect$$$$0000000E  mc_w.l(entry12b.o)
    0x08000100   0x08000100   0x00000000   Code   RO          369    .ARM.Collect$$$$0000000F  mc_w.l(entry10a.o)
    0x08000100   0x08000100   0x00000000   Code   RO          371    .ARM.Collect$$$$00000011  mc_w.l(entry11a.o)
    0x08000100   0x08000100   0x00000004   Code   RO          360    .ARM.Collect$$$$00002712  mc_w.l(entry2.o)
    0x08000104   0x08000104   0x00000024   Code   RO          292  * .text               startup_stm32f10x_md.o
    0x08000128   0x08000128   0x00000024   Code   RO          378    .text               mc_w.l(init.o)
    0x0800014c   0x0800014c   0x0000013c   Code   RO           82    i.MyGPIO_Init       driver_gpio.o
    0x08000288   0x08000288   0x00000008   Code   RO           84    i.MyGPIO_Reset      driver_gpio.o
    0x08000290   0x08000290   0x00000008   Code   RO           85    i.MyGPIO_Set        driver_gpio.o
    0x08000298   0x08000298   0x0000009c   Code   RO          169    i.MyTimer_Base_Init  mytimer.o
    0x08000334   0x08000334   0x00000094   Code   RO          170    i.MyTimer_PWM       mytimer.o
    0x080003c8   0x080003c8   0x000000a4   Code   RO          236    i.MyUSART_Active_IT  myusart.o
    0x0800046c   0x0800046c   0x00000008   Code   RO          237    i.MyUSART_Get_Byte  myusart.o
    0x08000474   0x08000474   0x000000b8   Code   RO          238    i.MyUSART_Init      myusart.o
    0x0800052c   0x0800052c   0x00000008   Code   RO          299    i.SetSysClock       system_stm32f10x.o
    0x08000534   0x08000534   0x000000e0   Code   RO          300    i.SetSysClockTo72   system_stm32f10x.o
    0x08000614   0x08000614   0x0000003a   Code   RO          171    i.Set_DutyCycle     mytimer.o
    0x0800064e   0x0800064e   0x00000002   PAD
    0x08000650   0x08000650   0x00000060   Code   RO          302    i.SystemInit        system_stm32f10x.o
    0x080006b0   0x080006b0   0x00000024   Code   RO          172    i.TIM1_UP_IRQHandler  mytimer.o
    0x080006d4   0x080006d4   0x00000024   Code   RO          173    i.TIM2_IRQHandler   mytimer.o
    0x080006f8   0x080006f8   0x00000024   Code   RO          174    i.TIM3_IRQHandler   mytimer.o
    0x0800071c   0x0800071c   0x00000024   Code   RO          175    i.TIM4_IRQHandler   mytimer.o
    0x08000740   0x08000740   0x00000024   Code   RO          239    i.USART1_IRQHandler  myusart.o
    0x08000764   0x08000764   0x00000024   Code   RO          240    i.USART2_IRQHandler  myusart.o
    0x08000788   0x08000788   0x00000024   Code   RO          241    i.USART3_IRQHandler  myusart.o
    0x080007ac   0x080007ac   0x00000080   Code   RO            4    i.USART_CallBack    f2.o
    0x0800082c   0x0800082c   0x0000000e   Code   RO          382    i.__scatterload_copy  mc_w.l(handlers.o)
    0x0800083a   0x0800083a   0x00000002   Code   RO          383    i.__scatterload_null  mc_w.l(handlers.o)
    0x0800083c   0x0800083c   0x0000000e   Code   RO          384    i.__scatterload_zeroinit  mc_w.l(handlers.o)
    0x0800084a   0x0800084a   0x00000002   PAD
    0x0800084c   0x0800084c   0x000000b4   Code   RO            5    i.f2                f2.o
    0x08000900   0x08000900   0x00000008   Code   RO            6    i.main              f2.o
    0x08000908   0x08000908   0x00000020   Data   RO          380    Region$$Table       anon$$obj.o


    Execution Region ER_RW (Exec base: 0x20000000, Load base: 0x08000928, Size: 0x00000048, Max: 0xffffffff, ABSOLUTE)

    Exec Addr    Load Addr    Size         Type   Attr      Idx    E Section Name        Object

    0x20000000   0x08000928   0x00000029   Data   RW            8    .data               f2.o
    0x20000029   0x08000951   0x00000003   PAD
    0x2000002c   0x08000954   0x00000010   Data   RW          176    .data               mytimer.o
    0x2000003c   0x08000964   0x0000000c   Data   RW          242    .data               myusart.o


    Execution Region ER_ZI (Exec base: 0x20000048, Load base: 0x08000970, Size: 0x00000410, Max: 0xffffffff, ABSOLUTE)

    Exec Addr    Load Addr    Size         Type   Attr      Idx    E Section Name        Object

    0x20000048        -       0x0000000c   Zero   RW            7    .bss                f2.o
    0x20000054   0x08000970   0x00000004   PAD
    0x20000058        -       0x00000400   Zero   RW          289    STACK               startup_stm32f10x_md.o


==============================================================================

Image component sizes


      Code (inc. data)   RO Data    RW Data    ZI Data      Debug   Object Name

       332         20          0          0          0       1906   driver_gpio.o
       316         62          0         41         12     209910   f2.o
       506         58          0         16          0       4117   mytimer.o
       464         82          0         12          0       3390   myusart.o
        36          8        236          0       1024        808   startup_stm32f10x_md.o
       328         28          0          0          0       1965   system_stm32f10x.o

    ----------------------------------------------------------------------
      1984        258        268         72       1040     222096   Object Totals
         0          0         32          0          0          0   (incl. Generated)
         2          0          0          3          4          0   (incl. Padding)

    ----------------------------------------------------------------------

      Code (inc. data)   RO Data    RW Data    ZI Data      Debug   Library Member Name

         0          0          0          0          0          0   entry.o
         0          0          0          0          0          0   entry10a.o
         0          0          0          0          0          0   entry11a.o
         4          0          0          0          0          0   entry12b.o
         8          4          0          0          0          0   entry2.o
         4          0          0          0          0          0   entry5.o
         0          0          0          0          0          0   entry7b.o
         0          0          0          0          0          0   entry8b.o
         8          4          0          0          0          0   entry9a.o
        30          0          0          0          0          0   handlers.o
        36          8          0          0          0         68   init.o

    ----------------------------------------------------------------------
        92         16          0          0          0         68   Library Totals
         2          0          0          0          0          0   (incl. Padding)

    ----------------------------------------------------------------------

      Code (inc. data)   RO Data    RW Data    ZI Data      Debug   Library Name

        90         16          0          0          0         68   mc_w.l

    ----------------------------------------------------------------------
        92         16          0          0          0         68   Library Totals

    ----------------------------------------------------------------------

==============================================================================


      Code (inc. data)   RO Data    RW Data    ZI Data      Debug   

      2076        274        268         72       1040     221328   Grand Totals
      2076        274        268         72       1040     221328   ELF Image Totals
      2076        274        268         72          0          0   ROM Totals

==============================================================================

    Total RO  Size (Code + RO Data)                 2344 (   2.29kB)
    Total RW  Size (RW Data + ZI Data)              1112 (   1.09kB)
    Total ROM Size (Code + RO Data + RW Data)       2416 (   2.36kB)

==============================================================================

